220.181.7.76 - - [20/May/2010:07:26:23 +0100] "GET / HTTP/1.1" 200 29460 "-" "Baiduspider+(+http://www.baidu.com/search/spider.htm)"
220.181.7.116 - - [20/May/2010:07:26:43 +0100] "GET / HTTP/1.1" 200 29460 "-" "Baiduspider+(+http://www.baidu.com/search/spider.htm)"
209.85.228.85 - - [20/May/2010:07:26:49 +0100] "GET /feeds/latest/ HTTP/1.1" 200 45088 "-" "FeedBurner/1.0 (http://www.FeedBurner.com)"
209.85.228.84 - - [20/May/2010:07:26:57 +0100] "GET /feeds/latest/ HTTP/1.1" 200 45088 "-" "FeedBurner/1.0 (http://www.FeedBurner.com)"
125.22.2.42 - - [20/May/2010:07:32:04 +0100] "GET /feeds/latest/ HTTP/1.1" 200 45088 "-" "Mozilla/4.0 (compatible; MSIE 7.0; Windows NT 5.1; .NET CLR 1.1.4322; .NET CLR 2.0.50727; MS-RTC LM 8; .NET CLR 3.0.04506.648; .NET CLR 3.5.21022; MSOffice 12)"
98.155.184.203 - - [20/May/2010:07:32:43 +0100] "GET /feeds/latest/ HTTP/1.1" 200 45088 "-" "Apple-PubSub/65.12.1"
61.135.216.104 - - [20/May/2010:07:32:56 +0100] "GET /feeds/latest/ HTTP/1.1" 200 45088 "-" "Mozilla/5.0 (compatible;YoudaoFeedFetcher/1.0;http://www.youdao.com/help/reader/faq/topic006/;1 subscribers;)"
99.168.127.53 - - [20/May/2010:07:34:11 +0100] "GET / HTTP/1.1" 200 29460 "-" "Mozilla/5.0 (iPhone; U; CPU iPhone OS 3_1_3 like Mac OS X; en-us) AppleWebKit/528.18 (KHTML, like Gecko) Version/4.0 Mobile/7E18 Safari/528.16"
99.168.127.53 - - [20/May/2010:07:34:11 +0100] "GET /media/style.css HTTP/1.1" 200 4847 "http://www.example.com/" "Mozilla/5.0 (iPhone; U; CPU iPhone OS 3_1_3 like Mac OS X; en-us) AppleWebKit/528.18 (KHTML, like Gecko) Version/4.0 Mobile/7E18 Safari/528.16"
99.168.127.53 - - [20/May/2010:06:34:11 +0000] "GET /media/exmpl.png HTTP/1.1" 200 28479 "http://www.example.com/" "Mozilla/5.0 (iPhone; U; CPU iPhone OS 3_1_3 like Mac OS X; en-us) AppleWebKit/528.18 (KHTML, like Gecko) Version/4.0 Mobile/7E18 Safari/528.16"
99.168.127.53 - - [20/May/2010:07:34:13 +0100] "GET /media/img/m-act.gif HTTP/1.1" 200 143 "http://www.example.com/" "Mozilla/5.0 (iPhone; U; CPU iPhone OS 3_1_3 like Mac OS X; en-us) AppleWebKit/528.18 (KHTML, like Gecko) Version/4.0 Mobile/7E18 Safari/528.16"
99.168.127.53 - - [20/May/2010:07:34:13 +0100] "GET /media/img/m-inact.gif HTTP/1.1" 200 2571 "http://www.example.com/" "Mozilla/5.0 (iPhone; U; CPU iPhone OS 3_1_3 like Mac OS X; en-us) AppleWebKit/528.18 (KHTML, like Gecko) Version/4.0 Mobile/7E18 Safari/528.16"
99.168.127.53 - - [20/May/2010:07:34:16 +0100] "GET /media/img/side-container.gif HTTP/1.1" 200 1415 "http://www.example.com/" "Mozilla/5.0 (iPhone; U; CPU iPhone OS 3_1_3 like Mac OS X; en-us) AppleWebKit/528.18 (KHTML, like Gecko) Version/4.0 Mobile/7E18 Safari/528.16"
99.168.127.53 - - [20/May/2010:07:34:29 +0100] "GET /posts/2/ HTTP/1.1" 200 25820 "http://www.example.com/" "Mozilla/5.0 (iPhone; U; CPU iPhone OS 3_1_3 like Mac OS X; en-us) AppleWebKit/528.18 (KHTML, like Gecko) Version/4.0 Mobile/7E18 Safari/528.16"
99.168.127.53 - - [20/May/2010:07:34:37 +0100] "GET /posts/1/ HTTP/1.1" 200 29460 "http://www.example.com/posts/2/" "Mozilla/5.0 (iPhone; U; CPU iPhone OS 3_1_3 like Mac OS X; en-us) AppleWebKit/528.18 (KHTML, like Gecko) Version/4.0 Mobile/7E18 Safari/528.16"
66.249.65.40 - - [20/May/2010:07:34:39 +0100] "GET /posts/1/ HTTP/1.1" 200 29460 "-" "Mediapartners-Google"
66.249.65.40 - - [20/May/2010:07:34:40 +0100] "GET /posts/4864 HTTP/1.1" 301 - "-" "Mozilla/5.0 (compatible; Googlebot/2.1; +http://www.google.com/bot.html)"
66.249.65.40 - - [20/May/2010:07:34:41 +0100] "GET /posts/4864/ HTTP/1.1" 200 35781 "-" "Mozilla/5.0 (compatible; Googlebot/2.1; +http://www.google.com/bot.html)"
67.195.114.50 - - [20/May/2010:07:35:27 +0100] "GET /post/261556/ HTTP/1.0" 404 15 "-" "Mozilla/5.0 (compatible; Yahoo! Slurp/3.0; http://help.yahoo.com/help/us/ysearch/slurp)"
75.139.202.90 - - [20/May/2010:07:37:30 +0100] "GET /media/style.css HTTP/1.1" 200 4847 "http://www.example.com/" "Mozilla/5.0 (Macintosh; U; Intel Mac OS X 10_5_8; en-us) AppleWebKit/531.22.7 (KHTML, like Gecko) Version/4.0.5 Safari/531.22.7"
75.139.202.90 - - [20/May/2010:07:37:29 +0100] "GET / HTTP/1.1" 200 29460 "-" "Mozilla/5.0 (Macintosh; U; Intel Mac OS X 10_5_8; en-us) AppleWebKit/531.22.7 (KHTML, like Gecko) Version/4.0.5 Safari/531.22.7"
75.139.202.90 - - [20/May/2010:06:37:30 +0000] "GET /media/exmpl.png HTTP/1.1" 200 28479 "http://www.example.com/" "Mozilla/5.0 (Macintosh; U; Intel Mac OS X 10_5_8; en-us) AppleWebKit/531.22.7 (KHTML, like Gecko) Version/4.0.5 Safari/531.22.7"
75.139.202.90 - - [20/May/2010:07:37:31 +0100] "GET /media/img/m-act.gif HTTP/1.1" 200 143 "http://www.example.com/" "Mozilla/5.0 (Macintosh; U; Intel Mac OS X 10_5_8; en-us) AppleWebKit/531.22.7 (KHTML, like Gecko) Version/4.0.5 Safari/531.22.7"
75.139.202.90 - - [20/May/2010:07:37:31 +0100] "GET /media/img/m-inact.gif HTTP/1.1" 200 2571 "http://www.example.com/" "Mozilla/5.0 (Macintosh; U; Intel Mac OS X 10_5_8; en-us) AppleWebKit/531.22.7 (KHTML, like Gecko) Version/4.0.5 Safari/531.22.7"
75.139.202.90 - - [20/May/2010:07:37:31 +0100] "GET /media/img/side-container.gif HTTP/1.1" 200 1415 "http://www.example.com/" "Mozilla/5.0 (Macintosh; U; Intel Mac OS X 10_5_8; en-us) AppleWebKit/531.22.7 (KHTML, like Gecko) Version/4.0.5 Safari/531.22.7"
75.139.202.90 - - [20/May/2010:07:37:44 +0100] "GET /media/img/favicon.ico HTTP/1.1" 200 1406 "http://www.example.com/" "Mozilla/5.0 (Macintosh; U; Intel Mac OS X 10_5_8; en-us) AppleWebKit/531.22.7 (KHTML, like Gecko) Version/4.0.5 Safari/531.22.7"
66.249.65.40 - - [20/May/2010:07:37:58 +0100] "GET / HTTP/1.1" 200 29460 "-" "Mozilla/5.0 (compatible; Googlebot/2.1; +http://www.google.com/bot.html)"
81.170.208.83 - - [20/May/2010:07:38:09 +0100] "HEAD /post/274925/ HTTP/1.1" 404 - "-" "Twingly Recon"
81.170.208.83 - - [20/May/2010:07:38:09 +0100] "HEAD /post/274914/ HTTP/1.1" 404 - "-" "Twingly Recon"
81.170.208.83 - - [20/May/2010:07:38:09 +0100] "HEAD /post/274922/ HTTP/1.1" 404 - "-" "Twingly Recon"
81.170.208.83 - - [20/May/2010:07:38:09 +0100] "HEAD /post/274923/ HTTP/1.1" 404 - "-" "Twingly Recon"
81.170.208.83 - - [20/May/2010:07:38:09 +0100] "HEAD /post/274913/ HTTP/1.1" 404 - "-" "Twingly Recon"
81.170.208.83 - - [20/May/2010:07:38:09 +0100] "HEAD /post/274902/ HTTP/1.1" 404 - "-" "Twingly Recon"
81.170.208.83 - - [20/May/2010:07:38:09 +0100] "HEAD /post/274903/ HTTP/1.1" 404 - "-" "Twingly Recon"
81.170.208.83 - - [20/May/2010:07:38:09 +0100] "HEAD /post/274904/ HTTP/1.1" 404 - "-" "Twingly Recon"
81.170.208.83 - - [20/May/2010:07:38:09 +0100] "HEAD /post/274921/ HTTP/1.1" 404 - "-" "Twingly Recon"
81.170.208.83 - - [20/May/2010:07:38:09 +0100] "HEAD /post/274905/ HTTP/1.1" 404 - "-" "Twingly Recon"
81.170.208.83 - - [20/May/2010:07:38:09 +0100] "HEAD /post/274901/ HTTP/1.1" 404 - "-" "Twingly Recon"
81.170.208.83 - - [20/May/2010:07:38:09 +0100] "HEAD /post/274900/ HTTP/1.1" 404 - "-" "Twingly Recon"
81.170.208.83 - - [20/May/2010:07:38:09 +0100] "HEAD /post/274891/ HTTP/1.1" 404 - "-" "Twingly Recon"
81.170.208.83 - - [20/May/2010:07:38:09 +0100] "HEAD /post/274899/ HTTP/1.1" 404 - "-" "Twingly Recon"
81.170.208.83 - - [20/May/2010:07:38:09 +0100] "HEAD /post/274892/ HTTP/1.1" 404 - "-" "Twingly Recon"
81.170.208.83 - - [20/May/2010:07:38:09 +0100] "HEAD /post/274893/ HTTP/1.1" 404 - "-" "Twingly Recon"
81.170.208.83 - - [20/May/2010:07:38:09 +0100] "HEAD /post/274894/ HTTP/1.1" 404 - "-" "Twingly Recon"
81.170.208.83 - - [20/May/2010:07:38:09 +0100] "HEAD /post/274895/ HTTP/1.1" 404 - "-" "Twingly Recon"
81.170.208.83 - - [20/May/2010:07:38:09 +0100] "HEAD /post/274896/ HTTP/1.1" 404 - "-" "Twingly Recon"
81.170.208.83 - - [20/May/2010:07:38:09 +0100] "HEAD /post/274897/ HTTP/1.1" 404 - "-" "Twingly Recon"
81.170.208.83 - - [20/May/2010:07:38:09 +0100] "HEAD /post/274898/ HTTP/1.1" 404 - "-" "Twingly Recon"
81.170.208.83 - - [20/May/2010:07:38:09 +0100] "HEAD /post/274890/ HTTP/1.1" 404 - "-" "Twingly Recon"
81.170.208.83 - - [20/May/2010:07:38:09 +0100] "HEAD /post/274889/ HTTP/1.1" 404 - "-" "Twingly Recon"
81.170.208.83 - - [20/May/2010:07:38:09 +0100] "HEAD /post/274888/ HTTP/1.1" 404 - "-" "Twingly Recon"
81.170.208.83 - - [20/May/2010:07:38:09 +0100] "HEAD /post/274887/ HTTP/1.1" 404 - "-" "Twingly Recon"
81.170.208.83 - - [20/May/2010:07:38:09 +0100] "HEAD /post/274886/ HTTP/1.1" 404 - "-" "Twingly Recon"
81.170.208.83 - - [20/May/2010:07:38:09 +0100] "HEAD /post/274882/ HTTP/1.1" 404 - "-" "Twingly Recon"
81.170.208.83 - - [20/May/2010:07:38:09 +0100] "HEAD /post/274883/ HTTP/1.1" 404 - "-" "Twingly Recon"
81.170.208.83 - - [20/May/2010:07:38:09 +0100] "HEAD /post/274884/ HTTP/1.1" 404 - "-" "Twingly Recon"
81.170.208.83 - - [20/May/2010:07:38:09 +0100] "HEAD /post/274880/ HTTP/1.1" 404 - "-" "Twingly Recon"
81.170.208.83 - - [20/May/2010:07:38:09 +0100] "HEAD /post/274885/ HTTP/1.1" 404 - "-" "Twingly Recon"
81.170.208.83 - - [20/May/2010:07:38:09 +0100] "HEAD /post/274881/ HTTP/1.1" 404 - "-" "Twingly Recon"
81.170.208.83 - - [20/May/2010:07:38:09 +0100] "HEAD /post/274879/ HTTP/1.1" 404 - "-" "Twingly Recon"
81.170.208.83 - - [20/May/2010:07:38:09 +0100] "HEAD /post/274878/ HTTP/1.1" 404 - "-" "Twingly Recon"
81.170.208.83 - - [20/May/2010:07:38:09 +0100] "HEAD /post/274877/ HTTP/1.1" 404 - "-" "Twingly Recon"
81.170.208.83 - - [20/May/2010:07:38:09 +0100] "HEAD /post/274876/ HTTP/1.1" 404 - "-" "Twingly Recon"
81.170.208.83 - - [20/May/2010:07:38:09 +0100] "HEAD /post/274920/ HTTP/1.1" 404 - "-" "Twingly Recon"
81.170.208.83 - - [20/May/2010:07:38:09 +0100] "HEAD /post/274924/ HTTP/1.1" 404 - "-" "Twingly Recon"
81.170.208.83 - - [20/May/2010:07:38:10 +0100] "HEAD /post/274918/ HTTP/1.1" 404 - "-" "Twingly Recon"
81.170.208.83 - - [20/May/2010:07:38:11 +0100] "HEAD /post/274917/ HTTP/1.1" 404 - "-" "Twingly Recon"
81.170.208.83 - - [20/May/2010:07:38:12 +0100] "HEAD /post/274912/ HTTP/1.1" 404 - "-" "Twingly Recon"
81.170.208.83 - - [20/May/2010:07:38:13 +0100] "HEAD /post/274915/ HTTP/1.1" 404 - "-" "Twingly Recon"
81.170.208.83 - - [20/May/2010:07:38:14 +0100] "HEAD /post/274919/ HTTP/1.1" 404 - "-" "Twingly Recon"
81.170.208.83 - - [20/May/2010:07:38:15 +0100] "HEAD /post/274916/ HTTP/1.1" 404 - "-" "Twingly Recon"
81.170.208.83 - - [20/May/2010:07:38:16 +0100] "HEAD /post/274909/ HTTP/1.1" 404 - "-" "Twingly Recon"
81.170.208.83 - - [20/May/2010:07:38:17 +0100] "HEAD /post/274907/ HTTP/1.1" 404 - "-" "Twingly Recon"
81.170.208.83 - - [20/May/2010:07:38:17 +0100] "HEAD /post/274908/ HTTP/1.1" 404 - "-" "Twingly Recon"
81.170.208.83 - - [20/May/2010:07:38:18 +0100] "HEAD /post/274910/ HTTP/1.1" 404 - "-" "Twingly Recon"
81.170.208.83 - - [20/May/2010:07:38:18 +0100] "HEAD /post/274906/ HTTP/1.1" 404 - "-" "Twingly Recon"
81.170.208.83 - - [20/May/2010:07:38:18 +0100] "HEAD /post/274911/ HTTP/1.1" 404 - "-" "Twingly Recon"
67.195.114.50 - - [20/May/2010:07:38:36 +0100] "GET /post/273336/ HTTP/1.0" 404 15 "-" "Mozilla/5.0 (compatible; Yahoo! Slurp/3.0; http://help.yahoo.com/help/us/ysearch/slurp)"
193.189.143.44 - - [20/May/2010:07:39:47 +0100] "GET /feeds/latest/ HTTP/1.1" 200 45088 "-" "Netvibes Wasabi-bot v1.0"
220.181.7.76 - - [20/May/2010:07:41:42 +0100] "GET / HTTP/1.1" 200 29460 "-" "Baiduspider+(+http://www.baidu.com/search/spider.htm)"
77.88.26.26 - - [20/May/2010:07:41:48 +0100] "GET /posts/2227/ HTTP/1.1" 200 27979 "-" "Yandex/1.01.001 (compatible; Win16; I)"
99.168.127.53 - - [20/May/2010:07:43:02 +0100] "GET /posts/1/ HTTP/1.1" 200 29460 "-" "Mozilla/5.0 (iPhone; U; CPU iPhone OS 3_1_3 like Mac OS X; en-us) AppleWebKit/528.18 (KHTML, like Gecko) Version/4.0 Mobile/7E18 Safari/528.16"
99.168.127.53 - - [20/May/2010:07:43:08 +0100] "GET /posts/2/ HTTP/1.1" 200 25820 "http://www.example.com/posts/1/" "Mozilla/5.0 (iPhone; U; CPU iPhone OS 3_1_3 like Mac OS X; en-us) AppleWebKit/528.18 (KHTML, like Gecko) Version/4.0 Mobile/7E18 Safari/528.16"
209.85.228.81 - - [20/May/2010:07:44:44 +0100] "GET /feeds/latest/ HTTP/1.1" 200 45088 "-" "FeedBurner/1.0 (http://www.FeedBurner.com)"
209.85.228.80 - - [20/May/2010:07:44:49 +0100] "GET /feeds/latest/ HTTP/1.1" 200 45088 "-" "FeedBurner/1.0 (http://www.FeedBurner.com)"
72.197.207.17 - - [20/May/2010:07:45:01 +0100] "GET /posts/1/ HTTP/1.1" 200 29460 "http://www.example.com/posts/3/" "Mozilla/5.0 (iPad; U; CPU OS 3_2 like Mac OS X; en-us) AppleWebKit/531.21.10 (KHTML, like Gecko) Version/4.0.4 Mobile/7B367 Safari/531.21.10"
72.197.207.17 - - [20/May/2010:07:45:48 +0100] "GET /posts/2 HTTP/1.1" 301 - "http://www.example.com/posts/1/" "Mozilla/5.0 (iPad; U; CPU OS 3_2 like Mac OS X; en-us) AppleWebKit/531.21.10 (KHTML, like Gecko) Version/4.0.4 Mobile/7B367 Safari/531.21.10"
72.197.207.17 - - [20/May/2010:07:45:48 +0100] "GET /posts/2/ HTTP/1.1" 200 25820 "http://www.example.com/posts/1/" "Mozilla/5.0 (iPad; U; CPU OS 3_2 like Mac OS X; en-us) AppleWebKit/531.21.10 (KHTML, like Gecko) Version/4.0.4 Mobile/7B367 Safari/531.21.10"
68.34.123.71 - - [20/May/2010:07:46:27 +0100] "GET / HTTP/1.1" 200 29460 "-" "Mozilla/5.0 (Windows; U; Windows NT 6.1; en-US) AppleWebKit/532.5 (KHTML, like Gecko) Chrome/4.1.249.1064 Safari/532.5"
99.168.127.53 - - [20/May/2010:07:47:49 +0100] "GET /posts/3/ HTTP/1.1" 200 30617 "http://www.example.com/posts/2/" "Mozilla/5.0 (iPhone; U; CPU iPhone OS 3_1_3 like Mac OS X; en-us) AppleWebKit/528.18 (KHTML, like Gecko) Version/4.0 Mobile/7E18 Safari/528.16"
81.6.62.109 - - [20/May/2010:07:48:06 +0100] "GET /media/style.css HTTP/1.1" 304 - "http://www.example.com/" "Mozilla/4.0 (compatible; MSIE 8.0; Windows NT 6.0; Trident/4.0; SLCC1; .NET CLR 2.0.50727; Media Center PC 5.0; .NET CLR 3.5.21022; .NET CLR 3.5.30729; MDDC; InfoPath.1; OfficeLiveConnector.1.3; OfficeLivePatch.0.0; .NET CLR 3.0.30729)"
81.6.62.109 - - [20/May/2010:07:48:06 +0100] "GET /media/exmpl.png HTTP/1.1" 304 - "http://www.example.com/" "Mozilla/4.0 (compatible; MSIE 8.0; Windows NT 6.0; Trident/4.0; SLCC1; .NET CLR 2.0.50727; Media Center PC 5.0; .NET CLR 3.5.21022; .NET CLR 3.5.30729; MDDC; InfoPath.1; OfficeLiveConnector.1.3; OfficeLivePatch.0.0; .NET CLR 3.0.30729)"
81.6.62.109 - - [20/May/2010:07:48:06 +0100] "GET / HTTP/1.1" 200 29460 "-" "Mozilla/4.0 (compatible; MSIE 8.0; Windows NT 6.0; Trident/4.0; SLCC1; .NET CLR 2.0.50727; Media Center PC 5.0; .NET CLR 3.5.21022; .NET CLR 3.5.30729; MDDC; InfoPath.1; OfficeLiveConnector.1.3; OfficeLivePatch.0.0; .NET CLR 3.0.30729)"
81.6.62.109 - - [20/May/2010:07:48:07 +0100] "GET /media/img/m-act.gif HTTP/1.1" 304 - "http://www.example.com/" "Mozilla/4.0 (compatible; MSIE 8.0; Windows NT 6.0; Trident/4.0; SLCC1; .NET CLR 2.0.50727; Media Center PC 5.0; .NET CLR 3.5.21022; .NET CLR 3.5.30729; MDDC; InfoPath.1; OfficeLiveConnector.1.3; OfficeLivePatch.0.0; .NET CLR 3.0.30729)"
81.6.62.109 - - [20/May/2010:07:48:07 +0100] "GET /media/img/m-inact.gif HTTP/1.1" 304 - "http://www.example.com/" "Mozilla/4.0 (compatible; MSIE 8.0; Windows NT 6.0; Trident/4.0; SLCC1; .NET CLR 2.0.50727; Media Center PC 5.0; .NET CLR 3.5.21022; .NET CLR 3.5.30729; MDDC; InfoPath.1; OfficeLiveConnector.1.3; OfficeLivePatch.0.0; .NET CLR 3.0.30729)"
81.6.62.109 - - [20/May/2010:07:48:07 +0100] "GET /media/img/side-container.gif HTTP/1.1" 304 - "http://www.example.com/" "Mozilla/4.0 (compatible; MSIE 8.0; Windows NT 6.0; Trident/4.0; SLCC1; .NET CLR 2.0.50727; Media Center PC 5.0; .NET CLR 3.5.21022; .NET CLR 3.5.30729; MDDC; InfoPath.1; OfficeLiveConnector.1.3; OfficeLivePatch.0.0; .NET CLR 3.0.30729)"
119.63.198.101 - - [20/May/2010:07:48:34 +0100] "GET /post/256114/ HTTP/1.1" 404 15 "-" "Baiduspider+(+http://www.baidu.jp/spider/)"
88.131.106.31 - - [20/May/2010:07:48:39 +0100] "GET /robots.txt HTTP/1.0" 200 61 "-" "Mozilla/5.0 (Windows; U; Windows NT 5.1; en-US) Speedy Spider (http://www.entireweb.com/about/search_tech/speedy_spider/)"
88.131.106.31 - - [20/May/2010:07:48:50 +0100] "GET / HTTP/1.0" 200 29460 "-" "Mozilla/5.0 (Windows; U; Windows NT 5.1; en-US) Speedy Spider (http://www.entireweb.com/about/search_tech/speedy_spider/)"
72.14.199.102 - - [20/May/2010:07:49:13 +0100] "GET /feeds/latest/ HTTP/1.1" 200 45088 "-" "Feedfetcher-Google; (+http://www.google.com/feedfetcher.html; 9 subscribers; feed-id=18260778798542229819)"
67.195.114.50 - - [20/May/2010:07:49:29 +0100] "GET /robots.txt HTTP/1.0" 200 61 "-" "Mozilla/5.0 (compatible; Yahoo! Slurp; http://help.yahoo.com/help/us/ysearch/slurp)"
67.195.114.50 - - [20/May/2010:07:49:30 +0100] "GET /posts/3/ HTTP/1.0" 200 30617 "-" "Mozilla/5.0 (compatible; Yahoo! Slurp/3.0; http://help.yahoo.com/help/us/ysearch/slurp)"
38.99.97.47 - - [20/May/2010:07:51:12 +0100] "GET /robots.txt HTTP/1.1" 200 61 "-" "Mozilla/5.0 (compatible; ScoutJet; +http://www.scoutjet.com/)"
38.99.97.47 - - [20/May/2010:07:51:13 +0100] "GET / HTTP/1.1" 200 29460 "-" "Mozilla/5.0 (compatible; ScoutJet; +http://www.scoutjet.com/)"
124.115.0.26 - - [20/May/2010:07:53:23 +0100] "GET / HTTP/1.1" 200 29460 "-" "Sosospider+(+http://help.soso.com/webspider.htm)"
220.181.7.59 - - [20/May/2010:07:56:41 +0100] "GET / HTTP/1.1" 200 29460 "-" "Baiduspider+(+http://www.baidu.com/search/spider.htm)"
67.195.114.50 - - [20/May/2010:07:56:47 +0100] "GET /post/262187/ HTTP/1.0" 404 15 "-" "Mozilla/5.0 (compatible; Yahoo! Slurp/3.0; http://help.yahoo.com/help/us/ysearch/slurp)"
173.60.229.58 - - [20/May/2010:07:57:33 +0100] "GET / HTTP/1.1" 200 29460 "-" "Mozilla/5.0 (iPad; U; CPU OS 3_2 like Mac OS X; en-us) AppleWebKit/531.21.10 (KHTML, like Gecko) Version/4.0.4 Mobile/7B367 Safari/531.21.10"
173.60.229.58 - - [20/May/2010:07:57:33 +0100] "GET /media/style.css HTTP/1.1" 200 4847 "http://example.com/" "Mozilla/5.0 (iPad; U; CPU OS 3_2 like Mac OS X; en-us) AppleWebKit/531.21.10 (KHTML, like Gecko) Version/4.0.4 Mobile/7B367 Safari/531.21.10"
173.60.229.58 - - [20/May/2010:07:57:34 +0100] "GET /media/img/m-act.gif HTTP/1.1" 200 143 "http://example.com/" "Mozilla/5.0 (iPad; U; CPU OS 3_2 like Mac OS X; en-us) AppleWebKit/531.21.10 (KHTML, like Gecko) Version/4.0.4 Mobile/7B367 Safari/531.21.10"
173.60.229.58 - - [20/May/2010:07:57:34 +0100] "GET /media/img/m-inact.gif HTTP/1.1" 200 2571 "http://example.com/" "Mozilla/5.0 (iPad; U; CPU OS 3_2 like Mac OS X; en-us) AppleWebKit/531.21.10 (KHTML, like Gecko) Version/4.0.4 Mobile/7B367 Safari/531.21.10"
173.60.229.58 - - [20/May/2010:07:57:33 +0100] "GET /media/exmpl.png HTTP/1.1" 200 28479 "http://example.com/" "Mozilla/5.0 (iPad; U; CPU OS 3_2 like Mac OS X; en-us) AppleWebKit/531.21.10 (KHTML, like Gecko) Version/4.0.4 Mobile/7B367 Safari/531.21.10"
173.60.229.58 - - [20/May/2010:07:57:34 +0100] "GET /media/img/side-container.gif HTTP/1.1" 200 1415 "http://example.com/" "Mozilla/5.0 (iPad; U; CPU OS 3_2 like Mac OS X; en-us) AppleWebKit/531.21.10 (KHTML, like Gecko) Version/4.0.4 Mobile/7B367 Safari/531.21.10"
99.168.127.53 - - [20/May/2010:06:59:43 +0000] "GET /media/style.css HTTP/1.1" 200 4847 "http://www.example.com/posts/3/" "Mozilla/5.0 (iPhone; U; CPU iPhone OS 3_1_3 like Mac OS X; en-us) AppleWebKit/528.18 (KHTML, like Gecko) Version/4.0 Mobile/7E18 Safari/528.16"
99.168.127.53 - - [20/May/2010:07:59:41 +0100] "GET /posts/3/ HTTP/1.1" 200 30617 "-" "Mozilla/5.0 (iPhone; U; CPU iPhone OS 3_1_3 like Mac OS X; en-us) AppleWebKit/528.18 (KHTML, like Gecko) Version/4.0 Mobile/7E18 Safari/528.16"
99.168.127.53 - - [20/May/2010:06:59:43 +0000] "GET /media/exmpl.png HTTP/1.1" 200 28479 "http://www.example.com/posts/3/" "Mozilla/5.0 (iPhone; U; CPU iPhone OS 3_1_3 like Mac OS X; en-us) AppleWebKit/528.18 (KHTML, like Gecko) Version/4.0 Mobile/7E18 Safari/528.16"
99.168.127.53 - - [20/May/2010:07:59:45 +0100] "GET /media/img/m-inact.gif HTTP/1.1" 200 2571 "http://www.example.com/posts/3/" "Mozilla/5.0 (iPhone; U; CPU iPhone OS 3_1_3 like Mac OS X; en-us) AppleWebKit/528.18 (KHTML, like Gecko) Version/4.0 Mobile/7E18 Safari/528.16"
99.168.127.53 - - [20/May/2010:06:59:46 +0000] "GET /media/img/m-act.gif HTTP/1.1" 200 143 "http://www.example.com/posts/3/" "Mozilla/5.0 (iPhone; U; CPU iPhone OS 3_1_3 like Mac OS X; en-us) AppleWebKit/528.18 (KHTML, like Gecko) Version/4.0 Mobile/7E18 Safari/528.16"
99.168.127.53 - - [20/May/2010:07:59:48 +0100] "GET /media/img/side-container.gif HTTP/1.1" 200 1415 "http://www.example.com/posts/3/" "Mozilla/5.0 (iPhone; U; CPU iPhone OS 3_1_3 like Mac OS X; en-us) AppleWebKit/528.18 (KHTML, like Gecko) Version/4.0 Mobile/7E18 Safari/528.16"
77.88.26.26 - - [20/May/2010:08:00:06 +0100] "GET /posts/27 HTTP/1.1" 301 - "-" "Yandex/1.01.001 (compatible; Win16; I)"
77.88.26.26 - - [20/May/2010:08:00:09 +0100] "GET /posts/27/ HTTP/1.1" 200 31616 "-" "Yandex/1.01.001 (compatible; Win16; I)"
125.22.2.42 - - [20/May/2010:08:02:17 +0100] "GET /feeds/latest/ HTTP/1.1" 200 45088 "-" "Mozilla/4.0 (compatible; MSIE 7.0; Windows NT 5.1; .NET CLR 1.1.4322; .NET CLR 2.0.50727; MS-RTC LM 8; .NET CLR 3.0.04506.648; .NET CLR 3.5.21022; MSOffice 12)"
209.85.228.85 - - [20/May/2010:08:02:30 +0100] "GET /feeds/latest/ HTTP/1.1" 200 45088 "-" "FeedBurner/1.0 (http://www.FeedBurner.com)"
209.85.228.84 - - [20/May/2010:08:02:34 +0100] "GET /feeds/latest/ HTTP/1.1" 200 45088 "-" "FeedBurner/1.0 (http://www.FeedBurner.com)"
209.85.228.81 - - [20/May/2010:08:02:35 +0100] "GET /feeds/latest/ HTTP/1.1" 200 45088 "-" "FeedBurner/1.0 (http://www.FeedBurner.com)"
70.173.59.173 - - [20/May/2010:08:02:38 +0100] "GET / HTTP/1.1" 200 29460 "-" "Mozilla/5.0 (Macintosh; U; Intel Mac OS X 10_6_3; en-us) AppleWebKit/531.22.7 (KHTML, like Gecko) Version/4.0.5 Safari/531.22.7"
98.155.184.203 - - [20/May/2010:08:02:45 +0100] "GET /feeds/latest/ HTTP/1.1" 200 45088 "-" "Apple-PubSub/65.12.1"
61.135.216.104 - - [20/May/2010:08:02:57 +0100] "GET /feeds/latest/ HTTP/1.1" 200 45088 "-" "Mozilla/5.0 (compatible;YoudaoFeedFetcher/1.0;http://www.youdao.com/help/reader/faq/topic006/;1 subscribers;)"
66.249.65.40 - - [20/May/2010:08:04:54 +0100] "GET /posts/4316 HTTP/1.1" 301 - "-" "Mozilla/5.0 (compatible; Googlebot/2.1; +http://www.google.com/bot.html)"
24.205.42.80 - - [20/May/2010:08:05:38 +0100] "GET /media/style.css HTTP/1.1" 200 4847 "http://www.example.com/" "Mozilla/5.0 (Windows; U; Windows NT 6.1; en-US; rv:1.9.2.3) Gecko/20100401 Firefox/3.6.3"
24.205.42.80 - - [20/May/2010:08:05:38 +0100] "GET /media/img/favicon.ico HTTP/1.1" 200 1406 "-" "Mozilla/5.0 (Windows; U; Windows NT 6.1; en-US; rv:1.9.2.3) Gecko/20100401 Firefox/3.6.3"
24.205.42.80 - - [20/May/2010:08:05:39 +0100] "GET /media/img/m-inact.gif HTTP/1.1" 200 2571 "http://www.example.com/media/style.css" "Mozilla/5.0 (Windows; U; Windows NT 6.1; en-US; rv:1.9.2.3) Gecko/20100401 Firefox/3.6.3"
24.205.42.80 - - [20/May/2010:08:05:39 +0100] "GET /media/img/m-act.gif HTTP/1.1" 200 143 "http://www.example.com/media/style.css" "Mozilla/5.0 (Windows; U; Windows NT 6.1; en-US; rv:1.9.2.3) Gecko/20100401 Firefox/3.6.3"
24.205.42.80 - - [20/May/2010:07:05:38 +0000] "GET /media/exmpl.png HTTP/1.1" 200 28479 "http://www.example.com/" "Mozilla/5.0 (Windows; U; Windows NT 6.1; en-US; rv:1.9.2.3) Gecko/20100401 Firefox/3.6.3"
24.205.42.80 - - [20/May/2010:08:05:39 +0100] "GET /media/img/side-container.gif HTTP/1.1" 200 1415 "http://www.example.com/media/style.css" "Mozilla/5.0 (Windows; U; Windows NT 6.1; en-US; rv:1.9.2.3) Gecko/20100401 Firefox/3.6.3"
24.205.42.80 - - [20/May/2010:08:05:36 +0100] "GET / HTTP/1.1" 200 117542 "-" "Mozilla/5.0 (Windows; U; Windows NT 6.1; en-US; rv:1.9.2.3) Gecko/20100401 Firefox/3.6.3"
67.195.114.50 - - [20/May/2010:08:05:45 +0100] "GET /post/261694/ HTTP/1.0" 404 15 "-" "Mozilla/5.0 (compatible; Yahoo! Slurp/3.0; http://help.yahoo.com/help/us/ysearch/slurp)"
173.60.229.58 - - [20/May/2010:07:06:24 +0000] "GET /media/style.css HTTP/1.1" 200 4847 "http://example.com/" "Mozilla/5.0 (iPhone; U; CPU iPhone OS 3_1_3 like Mac OS X; en-us) AppleWebKit/528.18 (KHTML, like Gecko) Version/4.0 Mobile/7E18 Safari/528.16"
173.60.229.58 - - [20/May/2010:08:06:23 +0100] "GET / HTTP/1.1" 200 29460 "-" "Mozilla/5.0 (iPhone; U; CPU iPhone OS 3_1_3 like Mac OS X; en-us) AppleWebKit/528.18 (KHTML, like Gecko) Version/4.0 Mobile/7E18 Safari/528.16"
173.60.229.58 - - [20/May/2010:08:06:23 +0100] "GET /media/exmpl.png HTTP/1.1" 200 28479 "http://example.com/" "Mozilla/5.0 (iPhone; U; CPU iPhone OS 3_1_3 like Mac OS X; en-us) AppleWebKit/528.18 (KHTML, like Gecko) Version/4.0 Mobile/7E18 Safari/528.16"
173.60.229.58 - - [20/May/2010:08:06:26 +0100] "GET /media/img/m-act.gif HTTP/1.1" 200 143 "http://example.com/" "Mozilla/5.0 (iPhone; U; CPU iPhone OS 3_1_3 like Mac OS X; en-us) AppleWebKit/528.18 (KHTML, like Gecko) Version/4.0 Mobile/7E18 Safari/528.16"
173.60.229.58 - - [20/May/2010:07:06:26 +0000] "GET /media/img/m-inact.gif HTTP/1.1" 200 2571 "http://example.com/" "Mozilla/5.0 (iPhone; U; CPU iPhone OS 3_1_3 like Mac OS X; en-us) AppleWebKit/528.18 (KHTML, like Gecko) Version/4.0 Mobile/7E18 Safari/528.16"
173.60.229.58 - - [20/May/2010:08:06:27 +0100] "GET /media/img/side-container.gif HTTP/1.1" 200 1415 "http://example.com/" "Mozilla/5.0 (iPhone; U; CPU iPhone OS 3_1_3 like Mac OS X; en-us) AppleWebKit/528.18 (KHTML, like Gecko) Version/4.0 Mobile/7E18 Safari/528.16"
174.67.213.248 - - [20/May/2010:08:08:05 +0100] "GET / HTTP/1.1" 200 29460 "-" "Mozilla/5.0 (Macintosh; U; Intel Mac OS X 10_6_3; en-us) AppleWebKit/531.22.7 (KHTML, like Gecko) Version/4.0.5 Safari/531.22.7"
93.158.131.169 - - [20/May/2010:08:08:45 +0100] "GET /post/239013/?utm_source=feedburner&utm_medium=feed&utm_campaign=Feed%3A+example+%28Title+-+example.com%29 HTTP/1.0" 404 15 "-" "Yandex/2.01.000 (compatible; Win16; Dyatel; C)"
77.88.26.26 - - [20/May/2010:08:09:42 +0100] "GET /posts/2485/ HTTP/1.1" 200 28346 "-" "Yandex/1.01.001 (compatible; Win16; I)"
220.181.7.57 - - [20/May/2010:08:11:42 +0100] "GET / HTTP/1.1" 200 29460 "-" "Baiduspider+(+http://www.baidu.com/search/spider.htm)"
66.249.65.40 - - [20/May/2010:08:16:21 +0100] "GET /posts/7465/ HTTP/1.1" 200 36050 "-" "Mozilla/5.0 (compatible; Googlebot/2.1; +http://www.google.com/bot.html)"
66.249.65.40 - - [20/May/2010:08:16:24 +0100] "GET /posts/7762/ HTTP/1.1" 200 24501 "-" "Mozilla/5.0 (compatible; Googlebot/2.1; +http://www.google.com/bot.html)"
66.249.65.40 - - [20/May/2010:08:16:26 +0100] "GET /posts/7809/ HTTP/1.1" 200 38757 "-" "Mozilla/5.0 (compatible; Googlebot/2.1; +http://www.google.com/bot.html)"
66.249.65.40 - - [20/May/2010:08:16:27 +0100] "GET /posts/7761/ HTTP/1.1" 200 23215 "-" "Mozilla/5.0 (compatible; Googlebot/2.1; +http://www.google.com/bot.html)"
173.60.229.58 - - [20/May/2010:07:16:29 +0000] "GET /media/style.css HTTP/1.1" 304 - "http://example.com/" "Mozilla/5.0 (iPhone; U; CPU iPhone OS 3_1_3 like Mac OS X; en-us) AppleWebKit/528.18 (KHTML, like Gecko) Version/4.0 Mobile/7E18 Safari/528.16"
66.249.65.40 - - [20/May/2010:08:16:29 +0100] "GET /posts/7758 HTTP/1.1" 301 - "-" "Mozilla/5.0 (compatible; Googlebot/2.1; +http://www.google.com/bot.html)"
173.60.229.58 - - [20/May/2010:07:16:29 +0000] "GET /media/exmpl.png HTTP/1.1" 304 - "http://example.com/" "Mozilla/5.0 (iPhone; U; CPU iPhone OS 3_1_3 like Mac OS X; en-us) AppleWebKit/528.18 (KHTML, like Gecko) Version/4.0 Mobile/7E18 Safari/528.16"
173.60.229.58 - - [20/May/2010:08:16:28 +0100] "GET / HTTP/1.1" 200 29460 "-" "Mozilla/5.0 (iPhone; U; CPU iPhone OS 3_1_3 like Mac OS X; en-us) AppleWebKit/528.18 (KHTML, like Gecko) Version/4.0 Mobile/7E18 Safari/528.16"
173.60.229.58 - - [20/May/2010:07:16:29 +0000] "GET /media/img/m-act.gif HTTP/1.1" 304 - "http://example.com/" "Mozilla/5.0 (iPhone; U; CPU iPhone OS 3_1_3 like Mac OS X; en-us) AppleWebKit/528.18 (KHTML, like Gecko) Version/4.0 Mobile/7E18 Safari/528.16"
173.60.229.58 - - [20/May/2010:07:16:29 +0000] "GET /media/img/m-inact.gif HTTP/1.1" 304 - "http://example.com/" "Mozilla/5.0 (iPhone; U; CPU iPhone OS 3_1_3 like Mac OS X; en-us) AppleWebKit/528.18 (KHTML, like Gecko) Version/4.0 Mobile/7E18 Safari/528.16"
66.249.65.40 - - [20/May/2010:08:16:30 +0100] "GET /posts/7756 HTTP/1.1" 301 - "-" "Mozilla/5.0 (compatible; Googlebot/2.1; +http://www.google.com/bot.html)"
173.60.229.58 - - [20/May/2010:08:16:30 +0100] "GET /media/img/side-container.gif HTTP/1.1" 304 - "http://example.com/" "Mozilla/5.0 (iPhone; U; CPU iPhone OS 3_1_3 like Mac OS X; en-us) AppleWebKit/528.18 (KHTML, like Gecko) Version/4.0 Mobile/7E18 Safari/528.16"
66.249.65.40 - - [20/May/2010:08:16:31 +0100] "GET /posts/7810/ HTTP/1.1" 200 37748 "-" "Mozilla/5.0 (compatible; Googlebot/2.1; +http://www.google.com/bot.html)"
66.249.65.40 - - [20/May/2010:08:16:34 +0100] "GET /posts/7464/ HTTP/1.1" 200 56679 "-" "Mozilla/5.0 (compatible; Googlebot/2.1; +http://www.google.com/bot.html)"
66.249.65.40 - - [20/May/2010:08:16:35 +0100] "GET /posts/7760/ HTTP/1.1" 200 28123 "-" "Mozilla/5.0 (compatible; Googlebot/2.1; +http://www.google.com/bot.html)"
66.249.65.40 - - [20/May/2010:08:16:37 +0100] "GET /posts/7468 HTTP/1.1" 301 - "-" "Mozilla/5.0 (compatible; Googlebot/2.1; +http://www.google.com/bot.html)"
66.249.65.40 - - [20/May/2010:08:16:38 +0100] "GET /posts/7814 HTTP/1.1" 301 - "-" "Mozilla/5.0 (compatible; Googlebot/2.1; +http://www.google.com/bot.html)"
66.249.65.40 - - [20/May/2010:08:16:39 +0100] "GET /posts/7812 HTTP/1.1" 301 - "-" "Mozilla/5.0 (compatible; Googlebot/2.1; +http://www.google.com/bot.html)"
66.249.65.40 - - [20/May/2010:08:16:40 +0100] "GET /posts/7811/ HTTP/1.1" 200 35442 "-" "Mozilla/5.0 (compatible; Googlebot/2.1; +http://www.google.com/bot.html)"
66.249.65.40 - - [20/May/2010:08:16:43 +0100] "GET /posts/7757 HTTP/1.1" 301 - "-" "Mozilla/5.0 (compatible; Googlebot/2.1; +http://www.google.com/bot.html)"
66.249.65.40 - - [20/May/2010:08:16:43 +0100] "GET /posts/7813 HTTP/1.1" 301 - "-" "Mozilla/5.0 (compatible; Googlebot/2.1; +http://www.google.com/bot.html)"
66.249.65.40 - - [20/May/2010:08:16:44 +0100] "GET /posts/7467 HTTP/1.1" 301 - "-" "Mozilla/5.0 (compatible; Googlebot/2.1; +http://www.google.com/bot.html)"
66.249.65.40 - - [20/May/2010:08:16:45 +0100] "GET /posts/7468/ HTTP/1.1" 200 31418 "-" "Mozilla/5.0 (compatible; Googlebot/2.1; +http://www.google.com/bot.html)"
66.249.65.40 - - [20/May/2010:08:16:47 +0100] "GET /posts/7814/ HTTP/1.1" 200 28790 "-" "Mozilla/5.0 (compatible; Googlebot/2.1; +http://www.google.com/bot.html)"
66.249.65.40 - - [20/May/2010:08:16:49 +0100] "GET /posts/7813/ HTTP/1.1" 200 28037 "-" "Mozilla/5.0 (compatible; Googlebot/2.1; +http://www.google.com/bot.html)"
66.249.65.40 - - [20/May/2010:08:16:51 +0100] "GET /posts/7467/ HTTP/1.1" 200 27085 "-" "Mozilla/5.0 (compatible; Googlebot/2.1; +http://www.google.com/bot.html)"
77.88.26.26 - - [20/May/2010:08:19:15 +0100] "GET /post/237797/ HTTP/1.1" 404 15 "-" "Yandex/1.01.001 (compatible; Win16; I)"
99.168.127.53 - - [20/May/2010:08:19:43 +0100] "GET /posts/1/ HTTP/1.1" 200 29460 "-" "Mozilla/5.0 (iPhone; U; CPU iPhone OS 3_1_3 like Mac OS X; en-us) AppleWebKit/528.18 (KHTML, like Gecko) Version/4.0 Mobile/7E18 Safari/528.16"
99.168.127.53 - - [20/May/2010:08:19:49 +0100] "GET /posts/2/ HTTP/1.1" 200 25820 "http://www.example.com/posts/1/" "Mozilla/5.0 (iPhone; U; CPU iPhone OS 3_1_3 like Mac OS X; en-us) AppleWebKit/528.18 (KHTML, like Gecko) Version/4.0 Mobile/7E18 Safari/528.16"
99.168.127.53 - - [20/May/2010:08:19:58 +0100] "GET /posts/1/ HTTP/1.1" 200 29460 "http://www.example.com/posts/2/" "Mozilla/5.0 (iPhone; U; CPU iPhone OS 3_1_3 like Mac OS X; en-us) AppleWebKit/528.18 (KHTML, like Gecko) Version/4.0 Mobile/7E18 Safari/528.16"
209.85.228.84 - - [20/May/2010:08:20:22 +0100] "GET /feeds/latest/ HTTP/1.1" 200 40641 "-" "FeedBurner/1.0 (http://www.FeedBurner.com)"
209.85.228.84 - - [20/May/2010:08:20:28 +0100] "GET /feeds/latest/ HTTP/1.1" 200 40641 "-" "FeedBurner/1.0 (http://www.FeedBurner.com)"
209.85.228.84 - - [20/May/2010:08:20:29 +0100] "GET /feeds/latest/ HTTP/1.1" 200 40641 "-" "FeedBurner/1.0 (http://www.FeedBurner.com)"
38.113.234.181 - - [20/May/2010:08:20:33 +0100] "GET /post/274927/ HTTP/1.1" 404 15 "-" "Voyager/1.0"
38.113.234.181 - - [20/May/2010:08:20:33 +0100] "GET /post/274926/ HTTP/1.1" 404 15 "-" "Voyager/1.0"
220.181.7.78 - - [20/May/2010:08:25:08 +0100] "GET /post/255456/ HTTP/1.1" 404 15 "-" "Baiduspider+(+http://www.baidu.com/search/spider.htm)"
82.60.128.83 - - [20/May/2010:08:25:15 +0100] "GET /favicon.ico HTTP/1.1" 404 15 "-" "NewsRack/241 CFNetwork/459 Darwin/10.0.0d3"
174.129.3.160 - - [20/May/2010:08:25:45 +0100] "GET /feeds/latest HTTP/1.1" 301 - "-" "eCairn-Grabber/1.0 curl/7.15"
174.129.3.160 - - [20/May/2010:08:25:46 +0100] "GET /feeds/latest/ HTTP/1.1" 200 40117 "-" "eCairn-Grabber/1.0 curl/7.15"
220.181.7.84 - - [20/May/2010:08:26:43 +0100] "GET / HTTP/1.1" 200 29135 "-" "Baiduspider+(+http://www.baidu.com/search/spider.htm)"
220.181.7.65 - - [20/May/2010:08:26:53 +0100] "GET / HTTP/1.1" 200 29135 "-" "Baiduspider+(+http://www.baidu.com/search/spider.htm)"
66.249.65.40 - - [20/May/2010:08:30:57 +0100] "GET / HTTP/1.1" 200 29135 "-" "Mozilla/5.0 (compatible; Googlebot/2.1; +http://www.google.com/bot.html)"
93.158.131.169 - - [20/May/2010:08:32:22 +0100] "GET /post/175353/?utm_source=feedburner&utm_medium=feed&utm_campaign=Feed%3A+example+%28Title+-+example.com%29 HTTP/1.0" 404 15 "-" "Yandex/2.01.000 (compatible; Win16; Dyatel; C)"
125.22.2.42 - - [20/May/2010:08:32:30 +0100] "GET /feeds/latest/ HTTP/1.1" 200 40117 "-" "Mozilla/4.0 (compatible; MSIE 7.0; Windows NT 5.1; .NET CLR 1.1.4322; .NET CLR 2.0.50727; MS-RTC LM 8; .NET CLR 3.0.04506.648; .NET CLR 3.5.21022; MSOffice 12)"
98.155.184.203 - - [20/May/2010:08:32:47 +0100] "GET /feeds/latest/ HTTP/1.1" 200 40117 "-" "Apple-PubSub/65.12.1"
61.135.216.104 - - [20/May/2010:08:32:58 +0100] "GET /feeds/latest/ HTTP/1.1" 200 40117 "-" "Mozilla/5.0 (compatible;YoudaoFeedFetcher/1.0;http://www.youdao.com/help/reader/faq/topic006/;1 subscribers;)"
66.249.65.40 - - [20/May/2010:08:35:25 +0100] "GET /posts/11051 HTTP/1.1" 301 - "-" "Mozilla/5.0 (compatible; Googlebot/2.1; +http://www.google.com/bot.html)"
66.249.65.40 - - [20/May/2010:08:35:26 +0100] "GET /posts/11051/ HTTP/1.1" 200 32420 "-" "Mozilla/5.0 (compatible; Googlebot/2.1; +http://www.google.com/bot.html)"
75.101.247.128 - - [20/May/2010:08:35:38 +0100] "GET /feeds/latest/ HTTP/1.1" 200 40117 "-" "PostRank/2.0 (postrank.com; 1 subscribers)"
209.85.228.85 - - [20/May/2010:08:37:00 +0100] "GET /feeds/latest/ HTTP/1.1" 200 40117 "-" "FeedBurner/1.0 (http://www.FeedBurner.com)"
209.85.228.85 - - [20/May/2010:08:37:05 +0100] "GET /feeds/latest/ HTTP/1.1" 200 40117 "-" "FeedBurner/1.0 (http://www.FeedBurner.com)"
77.88.26.26 - - [20/May/2010:08:38:18 +0100] "GET /posts/2505 HTTP/1.1" 301 - "-" "Yandex/1.01.001 (compatible; Win16; I)"
77.88.26.26 - - [20/May/2010:08:38:20 +0100] "GET /posts/2505/ HTTP/1.1" 200 32082 "-" "Yandex/1.01.001 (compatible; Win16; I)"
66.249.65.40 - - [20/May/2010:08:41:03 +0100] "GET /posts/2315/ HTTP/1.1" 200 32443 "-" "Mozilla/5.0 (compatible; Googlebot/2.1; +http://www.google.com/bot.html)"
207.46.13.47 - - [20/May/2010:08:41:42 +0100] "GET /robots.txt HTTP/1.1" 200 61 "-" "msnbot/2.0b (+http://search.msn.com/msnbot.htm)"
220.181.7.84 - - [20/May/2010:08:41:53 +0100] "GET / HTTP/1.1" 200 29135 "-" "Baiduspider+(+http://www.baidu.com/search/spider.htm)"
207.46.13.47 - - [20/May/2010:08:42:23 +0100] "GET /post/269855/ HTTP/1.1" 404 15 "-" "msnbot/2.0b (+http://search.msn.com/msnbot.htm)"
66.249.65.40 - - [20/May/2010:08:46:25 +0100] "GET /posts/7764/ HTTP/1.1" 200 30881 "-" "Mozilla/5.0 (compatible; Googlebot/2.1; +http://www.google.com/bot.html)"
66.249.65.40 - - [20/May/2010:08:46:28 +0100] "GET /posts/7811 HTTP/1.1" 301 - "-" "Mozilla/5.0 (compatible; Googlebot/2.1; +http://www.google.com/bot.html)"
66.249.65.40 - - [20/May/2010:08:46:29 +0100] "GET /posts/7760 HTTP/1.1" 301 - "-" "Mozilla/5.0 (compatible; Googlebot/2.1; +http://www.google.com/bot.html)"
66.249.65.40 - - [20/May/2010:08:46:30 +0100] "GET /posts/7463/ HTTP/1.1" 200 37029 "-" "Mozilla/5.0 (compatible; Googlebot/2.1; +http://www.google.com/bot.html)"
66.249.65.40 - - [20/May/2010:08:46:33 +0100] "GET /posts/7759 HTTP/1.1" 301 - "-" "Mozilla/5.0 (compatible; Googlebot/2.1; +http://www.google.com/bot.html)"
66.249.65.40 - - [20/May/2010:08:46:34 +0100] "GET /posts/7465 HTTP/1.1" 301 - "-" "Mozilla/5.0 (compatible; Googlebot/2.1; +http://www.google.com/bot.html)"
66.249.65.40 - - [20/May/2010:08:46:35 +0100] "GET /post/274877/ HTTP/1.1" 404 15 "-" "Mozilla/5.0 (compatible; Googlebot/2.1; +http://www.google.com/bot.html)"
66.249.65.40 - - [20/May/2010:08:46:35 +0100] "GET /posts/7763/ HTTP/1.1" 200 32634 "-" "Mozilla/5.0 (compatible; Googlebot/2.1; +http://www.google.com/bot.html)"
66.249.65.40 - - [20/May/2010:08:46:41 +0100] "GET /post/274726/ HTTP/1.1" 404 15 "-" "Mozilla/5.0 (compatible; Googlebot/2.1; +http://www.google.com/bot.html)"
66.249.65.40 - - [20/May/2010:08:46:42 +0100] "GET /posts/7462/ HTTP/1.1" 200 31691 "-" "Mozilla/5.0 (compatible; Googlebot/2.1; +http://www.google.com/bot.html)"
66.249.65.40 - - [20/May/2010:08:46:44 +0100] "GET /posts/7808/ HTTP/1.1" 200 36926 "-" "Mozilla/5.0 (compatible; Googlebot/2.1; +http://www.google.com/bot.html)"
66.249.65.40 - - [20/May/2010:08:46:46 +0100] "GET /post/274866/ HTTP/1.1" 404 15 "-" "Mozilla/5.0 (compatible; Googlebot/2.1; +http://www.google.com/bot.html)"
66.249.65.40 - - [20/May/2010:08:46:47 +0100] "GET /post/274890/ HTTP/1.1" 404 15 "-" "Mozilla/5.0 (compatible; Googlebot/2.1; +http://www.google.com/bot.html)"
66.249.65.40 - - [20/May/2010:08:46:48 +0100] "GET /post/274701/ HTTP/1.1" 404 15 "-" "Mozilla/5.0 (compatible; Googlebot/2.1; +http://www.google.com/bot.html)"
67.195.114.50 - - [20/May/2010:08:47:40 +0100] "GET /post/255631/ HTTP/1.0" 404 15 "-" "Mozilla/5.0 (compatible; Yahoo! Slurp/3.0; http://help.yahoo.com/help/us/ysearch/slurp)"
77.88.26.26 - - [20/May/2010:08:48:11 +0100] "GET /posts/2220 HTTP/1.1" 301 - "-" "Yandex/1.01.001 (compatible; Win16; I)"
77.88.26.26 - - [20/May/2010:08:48:14 +0100] "GET /posts/2220/ HTTP/1.1" 200 36170 "-" "Yandex/1.01.001 (compatible; Win16; I)"
119.63.198.82 - - [20/May/2010:08:48:40 +0100] "GET /post/122855/ HTTP/1.1" 404 15 "-" "Baiduspider+(+http://www.baidu.jp/spider/)"
67.195.114.50 - - [20/May/2010:08:49:10 +0100] "GET /post/274882/ HTTP/1.0" 404 15 "-" "Mozilla/5.0 (compatible; Yahoo! Slurp/3.0; http://help.yahoo.com/help/us/ysearch/slurp)"
66.249.65.40 - - [20/May/2010:08:50:11 +0100] "GET / HTTP/1.1" 200 29135 "-" "Mozilla/5.0 (compatible; Googlebot/2.1; +http://www.google.com/bot.html)"
72.14.199.102 - - [20/May/2010:08:50:23 +0100] "GET /feeds/latest/ HTTP/1.1" 200 40117 "-" "Feedfetcher-Google; (+http://www.google.com/feedfetcher.html; 9 subscribers; feed-id=18260778798542229819)"
68.180.211.142 - - [20/May/2010:08:51:04 +0100] "GET / HTTP/1.1" 200 29135 "-" "-"
68.180.211.142 - - [20/May/2010:08:51:06 +0100] "GET /media/img/favicon.ico HTTP/1.1" 200 1406 "-" "-"
115.31.66.210 - - [20/May/2010:08:52:45 +0100] "GET /media/style.css HTTP/1.0" 200 4847 "http://www.example.com/posts/65/" "Mozilla/5.0 (iPhone; U; CPU iPhone OS 3_1_3 like Mac OS X; en-us) AppleWebKit/528.18 (KHTML, like Gecko) Version/4.0 Mobile/7E18 Safari/528.16"
115.31.66.210 - - [20/May/2010:08:52:42 +0100] "GET /posts/65/ HTTP/1.0" 200 25384 "http://m.yahoo.com/w/search%3B_ylt=A2KIPsiX5_RLJGcA6gCgtHYJ?submit=oneSearch&.intl=PH&.lang=en-ph&cat=&subcat=&p=iPhone+5.12.1+unlocker" "Mozilla/5.0 (iPhone; U; CPU iPhone OS 3_1_3 like Mac OS X; en-us) AppleWebKit/528.18 (KHTML, like Gecko) Version/4.0 Mobile/7E18 Safari/528.16"
115.31.66.210 - - [20/May/2010:07:52:45 +0000] "GET /media/exmpl.png HTTP/1.0" 200 28479 "http://www.example.com/posts/65/" "Mozilla/5.0 (iPhone; U; CPU iPhone OS 3_1_3 like Mac OS X; en-us) AppleWebKit/528.18 (KHTML, like Gecko) Version/4.0 Mobile/7E18 Safari/528.16"
115.31.66.210 - - [20/May/2010:07:52:53 +0000] "GET /media/img/m-act.gif HTTP/1.0" 200 143 "http://www.example.com/posts/65/" "Mozilla/5.0 (iPhone; U; CPU iPhone OS 3_1_3 like Mac OS X; en-us) AppleWebKit/528.18 (KHTML, like Gecko) Version/4.0 Mobile/7E18 Safari/528.16"
115.31.66.210 - - [20/May/2010:08:52:53 +0100] "GET /media/img/m-inact.gif HTTP/1.0" 200 2571 "http://www.example.com/posts/65/" "Mozilla/5.0 (iPhone; U; CPU iPhone OS 3_1_3 like Mac OS X; en-us) AppleWebKit/528.18 (KHTML, like Gecko) Version/4.0 Mobile/7E18 Safari/528.16"
115.31.66.210 - - [20/May/2010:08:52:54 +0100] "GET /media/img/side-container.gif HTTP/1.0" 200 1415 "http://www.example.com/posts/65/" "Mozilla/5.0 (iPhone; U; CPU iPhone OS 3_1_3 like Mac OS X; en-us) AppleWebKit/528.18 (KHTML, like Gecko) Version/4.0 Mobile/7E18 Safari/528.16"
209.85.228.83 - - [20/May/2010:08:54:38 +0100] "GET /feeds/latest/ HTTP/1.1" 200 40117 "-" "FeedBurner/1.0 (http://www.FeedBurner.com)"
72.234.136.77 - - [20/May/2010:08:54:38 +0100] "GET /media/style.css HTTP/1.1" 200 4847 "http://www.example.com/" "Mozilla/5.0 (iPhone; U; CPU iPhone OS 3_1_3 like Mac OS X; en-us) AppleWebKit/528.18 (KHTML, like Gecko) Version/4.0 Mobile/7E18 Safari/528.16"
72.234.136.77 - - [20/May/2010:08:54:35 +0100] "GET / HTTP/1.1" 200 108909 "-" "Mozilla/5.0 (iPhone; U; CPU iPhone OS 3_1_3 like Mac OS X; en-us) AppleWebKit/528.18 (KHTML, like Gecko) Version/4.0 Mobile/7E18 Safari/528.16"
72.234.136.77 - - [20/May/2010:07:54:38 +0000] "GET /media/exmpl.png HTTP/1.1" 200 28479 "http://www.example.com/" "Mozilla/5.0 (iPhone; U; CPU iPhone OS 3_1_3 like Mac OS X; en-us) AppleWebKit/528.18 (KHTML, like Gecko) Version/4.0 Mobile/7E18 Safari/528.16"
72.234.136.77 - - [20/May/2010:07:54:41 +0000] "GET /media/img/m-act.gif HTTP/1.1" 200 143 "http://www.example.com/" "Mozilla/5.0 (iPhone; U; CPU iPhone OS 3_1_3 like Mac OS X; en-us) AppleWebKit/528.18 (KHTML, like Gecko) Version/4.0 Mobile/7E18 Safari/528.16"
72.234.136.77 - - [20/May/2010:08:54:41 +0100] "GET /media/img/m-inact.gif HTTP/1.1" 200 2571 "http://www.example.com/" "Mozilla/5.0 (iPhone; U; CPU iPhone OS 3_1_3 like Mac OS X; en-us) AppleWebKit/528.18 (KHTML, like Gecko) Version/4.0 Mobile/7E18 Safari/528.16"
209.85.228.80 - - [20/May/2010:08:54:42 +0100] "GET /feeds/latest/ HTTP/1.1" 200 40117 "-" "FeedBurner/1.0 (http://www.FeedBurner.com)"
209.85.228.82 - - [20/May/2010:08:54:42 +0100] "GET /feeds/latest/ HTTP/1.1" 200 40117 "-" "FeedBurner/1.0 (http://www.FeedBurner.com)"
72.234.136.77 - - [20/May/2010:07:54:46 +0000] "GET /media/img/side-container.gif HTTP/1.1" 200 1415 "http://www.example.com/" "Mozilla/5.0 (iPhone; U; CPU iPhone OS 3_1_3 like Mac OS X; en-us) AppleWebKit/528.18 (KHTML, like Gecko) Version/4.0 Mobile/7E18 Safari/528.16"
72.234.136.77 - - [20/May/2010:08:55:04 +0100] "GET /apple-touch-icon-precomposed.png HTTP/1.1" 404 15 "-" "MobileSafari/528.16 CFNetwork/459 Darwin/10.0.0d3"
72.234.136.77 - - [20/May/2010:08:55:05 +0100] "GET /apple-touch-icon.png HTTP/1.1" 404 15 "-" "MobileSafari/528.16 CFNetwork/459 Darwin/10.0.0d3"
220.181.7.89 - - [20/May/2010:08:56:54 +0100] "GET / HTTP/1.1" 200 29135 "-" "Baiduspider+(+http://www.baidu.com/search/spider.htm)"
77.88.26.26 - - [20/May/2010:08:58:34 +0100] "GET /posts/2488/ HTTP/1.1" 200 26326 "-" "Yandex/1.01.001 (compatible; Win16; I)"
72.234.136.77 - - [20/May/2010:08:01:03 +0000] "GET /media/style.css HTTP/1.1" 200 4847 "http://www.example.com/" "Mozilla/5.0 (iPhone; U; CPU iPhone OS 3_1_3 like Mac OS X; en-us) AppleWebKit/528.18 (KHTML, like Gecko) Version/4.0 Mobile/7E18 Safari/528.16"
72.234.136.77 - - [20/May/2010:09:01:02 +0100] "GET / HTTP/1.1" 200 108909 "-" "Mozilla/5.0 (iPhone; U; CPU iPhone OS 3_1_3 like Mac OS X; en-us) AppleWebKit/528.18 (KHTML, like Gecko) Version/4.0 Mobile/7E18 Safari/528.16"
72.234.136.77 - - [20/May/2010:09:01:03 +0100] "GET /media/exmpl.png HTTP/1.1" 200 28479 "http://www.example.com/" "Mozilla/5.0 (iPhone; U; CPU iPhone OS 3_1_3 like Mac OS X; en-us) AppleWebKit/528.18 (KHTML, like Gecko) Version/4.0 Mobile/7E18 Safari/528.16"
72.234.136.77 - - [20/May/2010:09:01:05 +0100] "GET /media/img/m-act.gif HTTP/1.1" 200 143 "http://www.example.com/" "Mozilla/5.0 (iPhone; U; CPU iPhone OS 3_1_3 like Mac OS X; en-us) AppleWebKit/528.18 (KHTML, like Gecko) Version/4.0 Mobile/7E18 Safari/528.16"
72.234.136.77 - - [20/May/2010:09:01:05 +0100] "GET /media/img/m-inact.gif HTTP/1.1" 200 2571 "http://www.example.com/" "Mozilla/5.0 (iPhone; U; CPU iPhone OS 3_1_3 like Mac OS X; en-us) AppleWebKit/528.18 (KHTML, like Gecko) Version/4.0 Mobile/7E18 Safari/528.16"
72.234.136.77 - - [20/May/2010:09:01:09 +0100] "GET /media/img/side-container.gif HTTP/1.1" 200 1415 "http://www.example.com/" "Mozilla/5.0 (iPhone; U; CPU iPhone OS 3_1_3 like Mac OS X; en-us) AppleWebKit/528.18 (KHTML, like Gecko) Version/4.0 Mobile/7E18 Safari/528.16"
125.22.2.42 - - [20/May/2010:09:02:32 +0100] "GET /feeds/latest/ HTTP/1.1" 200 40117 "-" "Mozilla/4.0 (compatible; MSIE 7.0; Windows NT 5.1; .NET CLR 1.1.4322; .NET CLR 2.0.50727; MS-RTC LM 8; .NET CLR 3.0.04506.648; .NET CLR 3.5.21022; MSOffice 12)"
67.195.114.50 - - [20/May/2010:09:02:43 +0100] "GET /post/255256/ HTTP/1.0" 404 15 "-" "Mozilla/5.0 (compatible; Yahoo! Slurp/3.0; http://help.yahoo.com/help/us/ysearch/slurp)"
98.155.184.203 - - [20/May/2010:09:02:48 +0100] "GET /feeds/latest/ HTTP/1.1" 200 40117 "-" "Apple-PubSub/65.12.1"
61.135.216.104 - - [20/May/2010:09:02:55 +0100] "GET /feeds/latest/ HTTP/1.1" 200 40117 "-" "Mozilla/5.0 (compatible;YoudaoFeedFetcher/1.0;http://www.youdao.com/help/reader/faq/topic006/;1 subscribers;)"
220.181.94.216 - - [20/May/2010:09:03:24 +0100] "GET /posts/22/ HTTP/1.1" 200 31456 "-" "Sogou web spider/4.0(+http://www.sogou.com/docs/help/webmasters.htm#07)"
88.131.106.31 - - [20/May/2010:09:03:27 +0100] "GET /robots.txt HTTP/1.0" 200 61 "-" "Mozilla/5.0 (Windows; U; Windows NT 5.1; en-US) Speedy Spider (http://www.entireweb.com/about/search_tech/speedy_spider/)"
88.131.106.31 - - [20/May/2010:09:03:31 +0100] "GET /post/10266 HTTP/1.0" 404 15 "-" "Mozilla/5.0 (Windows; U; Windows NT 5.1; en-US) Speedy Spider (http://www.entireweb.com/about/search_tech/speedy_spider/)"
220.181.94.216 - - [20/May/2010:09:03:35 +0100] "GET /posts/1/ HTTP/1.1" 200 29135 "-" "Sogou web spider/4.0(+http://www.sogou.com/docs/help/webmasters.htm#07)"
70.173.59.173 - - [20/May/2010:09:04:18 +0100] "GET / HTTP/1.1" 200 29135 "-" "Mozilla/5.0 (Macintosh; U; Intel Mac OS X 10_6_3; en-us) AppleWebKit/531.22.7 (KHTML, like Gecko) Version/4.0.5 Safari/531.22.7"
220.181.7.29 - - [20/May/2010:09:04:35 +0100] "GET /robots.txt HTTP/1.1" 200 61 "-" "Baiduspider+(+http://www.baidu.com/search/spider.htm)"
193.189.143.32 - - [20/May/2010:09:05:04 +0100] "GET /feeds/latest/ HTTP/1.1" 200 40117 "-" "Netvibes Wasabi-bot v1.0"
75.65.250.3 - - [20/May/2010:09:05:10 +0100] "GET / HTTP/1.1" 200 29135 "-" "Mozilla/5.0 (iPhone; U; CPU iPhone OS 3_1_3 like Mac OS X; en-us) AppleWebKit/528.18 (KHTML, like Gecko) Version/4.0 Mobile/7E18 Safari/528.16"
75.65.250.3 - - [20/May/2010:09:05:10 +0100] "GET /media/exmpl.png HTTP/1.1" 200 28479 "http://www.example.com/" "Mozilla/5.0 (iPhone; U; CPU iPhone OS 3_1_3 like Mac OS X; en-us) AppleWebKit/528.18 (KHTML, like Gecko) Version/4.0 Mobile/7E18 Safari/528.16"
77.88.26.26 - - [20/May/2010:09:08:54 +0100] "GET /posts/2222/ HTTP/1.1" 200 29243 "-" "Yandex/1.01.001 (compatible; Win16; I)"
220.181.7.125 - - [20/May/2010:09:11:54 +0100] "GET / HTTP/1.1" 200 29135 "-" "Baiduspider+(+http://www.baidu.com/search/spider.htm)"
209.85.228.83 - - [20/May/2010:09:12:30 +0100] "GET /feeds/latest/ HTTP/1.1" 200 40117 "-" "FeedBurner/1.0 (http://www.FeedBurner.com)"
209.85.228.85 - - [20/May/2010:09:13:01 +0100] "GET /feeds/latest/ HTTP/1.1" 200 40117 "-" "FeedBurner/1.0 (http://www.FeedBurner.com)"
207.46.204.238 - - [20/May/2010:09:13:54 +0100] "GET /post/269849/ HTTP/1.1" 404 15 "-" "msnbot/2.0b (+http://search.msn.com/msnbot.htm)"
66.249.65.40 - - [20/May/2010:09:16:30 +0100] "GET /posts/1166 HTTP/1.1" 301 - "-" "Mozilla/5.0 (compatible; Googlebot/2.1; +http://www.google.com/bot.html)"
66.249.65.40 - - [20/May/2010:09:16:31 +0100] "GET /posts/1166/ HTTP/1.1" 200 27498 "-" "Mozilla/5.0 (compatible; Googlebot/2.1; +http://www.google.com/bot.html)"
66.249.65.40 - - [20/May/2010:09:16:33 +0100] "GET /post/274897/ HTTP/1.1" 404 15 "-" "Mozilla/5.0 (compatible; Googlebot/2.1; +http://www.google.com/bot.html)"
66.249.65.40 - - [20/May/2010:09:16:34 +0100] "GET /post/274892/ HTTP/1.1" 404 15 "-" "Mozilla/5.0 (compatible; Googlebot/2.1; +http://www.google.com/bot.html)"
66.249.65.40 - - [20/May/2010:09:16:35 +0100] "GET /post/270690/ HTTP/1.1" 404 15 "-" "Mozilla/5.0 (compatible; Googlebot/2.1; +http://www.google.com/bot.html)"
66.249.65.40 - - [20/May/2010:09:16:35 +0100] "GET /post/274700/ HTTP/1.1" 404 15 "-" "Mozilla/5.0 (compatible; Googlebot/2.1; +http://www.google.com/bot.html)"
67.195.114.50 - - [20/May/2010:09:18:03 +0100] "GET /post/270986/ HTTP/1.0" 404 15 "-" "Mozilla/5.0 (compatible; Yahoo! Slurp/3.0; http://help.yahoo.com/help/us/ysearch/slurp)"
207.46.199.54 - - [20/May/2010:09:19:21 +0100] "GET /post/254296/ HTTP/1.1" 404 15 "-" "msnbot/2.0b (+http://search.msn.com/msnbot.htm)"
67.195.114.50 - - [20/May/2010:09:19:57 +0100] "GET /post/255440/ HTTP/1.0" 404 15 "-" "Mozilla/5.0 (compatible; Yahoo! Slurp/3.0; http://help.yahoo.com/help/us/ysearch/slurp)"
72.128.44.59 - - [20/May/2010:09:23:21 +0100] "GET /media/style.css HTTP/1.1" 200 4847 "http://example.com/" "Mozilla/5.0 (iPhone; U; CPU iPhone OS 3_1_3 like Mac OS X; en-us) AppleWebKit/528.18 (KHTML, like Gecko) Version/4.0 Mobile/7E18 Safari/528.16"
72.128.44.59 - - [20/May/2010:09:23:18 +0100] "GET / HTTP/1.1" 200 34781 "-" "Mozilla/5.0 (iPhone; U; CPU iPhone OS 3_1_3 like Mac OS X; en-us) AppleWebKit/528.18 (KHTML, like Gecko) Version/4.0 Mobile/7E18 Safari/528.16"
72.128.44.59 - - [20/May/2010:09:23:21 +0100] "GET /media/exmpl.png HTTP/1.1" 200 28479 "http://example.com/" "Mozilla/5.0 (iPhone; U; CPU iPhone OS 3_1_3 like Mac OS X; en-us) AppleWebKit/528.18 (KHTML, like Gecko) Version/4.0 Mobile/7E18 Safari/528.16"
