81.255.213.232 - - [20/May/2010:10:40:55 +0100] "GET /post/274916/?utm_source=feedburner&utm_medium=feed&utm_campaign=Feed%3A+example+%28Title+-+example.com%29&utm_content=FeedBurner HTTP/1.1" 404 15 "http://feeds.feedburner.com/example/" "Mozilla/5.0 (Windows; U; Windows NT 5.1; fr; rv:1.8) Gecko/20051107 Firefox/1.5"
81.255.213.232 - - [20/May/2010:10:40:56 +0100] "GET /post/274909/?utm_source=feedburner&utm_medium=feed&utm_campaign=Feed%3A+example+%28Title+-+example.com%29&utm_content=FeedBurner HTTP/1.1" 404 15 "http://feeds.feedburner.com/example/" "Mozilla/5.0 (Windows; U; Windows NT 5.1; fr; rv:1.8) Gecko/20051107 Firefox/1.5"
81.255.213.232 - - [20/May/2010:10:40:57 +0100] "GET /post/274910/?utm_source=feedburner&utm_medium=feed&utm_campaign=Feed%3A+example+%28Title+-+example.com%29&utm_content=FeedBurner HTTP/1.1" 404 15 "http://feeds.feedburner.com/example/" "Mozilla/5.0 (Windows; U; Windows NT 5.1; fr; rv:1.8) Gecko/20051107 Firefox/1.5"
81.255.213.232 - - [20/May/2010:10:41:01 +0100] "GET /post/274911/?utm_source=feedburner&utm_medium=feed&utm_campaign=Feed%3A+example+%28Title+-+example.com%29&utm_content=FeedBurner HTTP/1.1" 404 15 "http://feeds.feedburner.com/example/" "Mozilla/5.0 (Windows; U; Windows NT 5.1; fr; rv:1.8) Gecko/20051107 Firefox/1.5"
81.255.213.232 - - [20/May/2010:10:41:01 +0100] "GET /post/274908/?utm_source=feedburner&utm_medium=feed&utm_campaign=Feed%3A+example+%28Title+-+example.com%29&utm_content=FeedBurner HTTP/1.1" 404 15 "http://feeds.feedburner.com/example/" "Mozilla/5.0 (Windows; U; Windows NT 5.1; fr; rv:1.8) Gecko/20051107 Firefox/1.5"
81.255.213.232 - - [20/May/2010:10:41:02 +0100] "GET /post/274906/?utm_source=feedburner&utm_medium=feed&utm_campaign=Feed%3A+example+%28Title+-+example.com%29&utm_content=FeedBurner HTTP/1.1" 404 15 "http://feeds.feedburner.com/example/" "Mozilla/5.0 (Windows; U; Windows NT 5.1; fr; rv:1.8) Gecko/20051107 Firefox/1.5"
81.255.213.232 - - [20/May/2010:10:41:03 +0100] "GET /post/274907/?utm_source=feedburner&utm_medium=feed&utm_campaign=Feed%3A+example+%28Title+-+example.com%29&utm_content=FeedBurner HTTP/1.1" 404 15 "http://feeds.feedburner.com/example/" "Mozilla/5.0 (Windows; U; Windows NT 5.1; fr; rv:1.8) Gecko/20051107 Firefox/1.5"
81.255.213.232 - - [20/May/2010:10:41:04 +0100] "GET /post/274902/?utm_source=feedburner&utm_medium=feed&utm_campaign=Feed%3A+example+%28Title+-+example.com%29&utm_content=FeedBurner HTTP/1.1" 404 15 "http://feeds.feedburner.com/example/" "Mozilla/5.0 (Windows; U; Windows NT 5.1; fr; rv:1.8) Gecko/20051107 Firefox/1.5"
81.255.213.232 - - [20/May/2010:10:41:04 +0100] "GET /post/274903/?utm_source=feedburner&utm_medium=feed&utm_campaign=Feed%3A+example+%28Title+-+example.com%29&utm_content=FeedBurner HTTP/1.1" 404 15 "http://feeds.feedburner.com/example/" "Mozilla/5.0 (Windows; U; Windows NT 5.1; fr; rv:1.8) Gecko/20051107 Firefox/1.5"
81.255.213.232 - - [20/May/2010:10:41:05 +0100] "GET /post/274904/?utm_source=feedburner&utm_medium=feed&utm_campaign=Feed%3A+example+%28Title+-+example.com%29&utm_content=FeedBurner HTTP/1.1" 404 15 "http://feeds.feedburner.com/example/" "Mozilla/5.0 (Windows; U; Windows NT 5.1; fr; rv:1.8) Gecko/20051107 Firefox/1.5"
81.255.213.232 - - [20/May/2010:10:41:06 +0100] "GET /post/274905/?utm_source=feedburner&utm_medium=feed&utm_campaign=Feed%3A+example+%28Title+-+example.com%29&utm_content=FeedBurner HTTP/1.1" 404 15 "http://feeds.feedburner.com/example/" "Mozilla/5.0 (Windows; U; Windows NT 5.1; fr; rv:1.8) Gecko/20051107 Firefox/1.5"
81.255.213.232 - - [20/May/2010:10:41:07 +0100] "GET /post/274901/?utm_source=feedburner&utm_medium=feed&utm_campaign=Feed%3A+example+%28Title+-+example.com%29&utm_content=FeedBurner HTTP/1.1" 404 15 "http://feeds.feedburner.com/example/" "Mozilla/5.0 (Windows; U; Windows NT 5.1; fr; rv:1.8) Gecko/20051107 Firefox/1.5"
81.255.213.232 - - [20/May/2010:10:41:07 +0100] "GET /post/274900/?utm_source=feedburner&utm_medium=feed&utm_campaign=Feed%3A+example+%28Title+-+example.com%29&utm_content=FeedBurner HTTP/1.1" 404 15 "http://feeds.feedburner.com/example/" "Mozilla/5.0 (Windows; U; Windows NT 5.1; fr; rv:1.8) Gecko/20051107 Firefox/1.5"
81.255.213.232 - - [20/May/2010:10:41:08 +0100] "GET /post/274899/?utm_source=feedburner&utm_medium=feed&utm_campaign=Feed%3A+example+%28Title+-+example.com%29&utm_content=FeedBurner HTTP/1.1" 404 15 "http://feeds.feedburner.com/example/" "Mozilla/5.0 (Windows; U; Windows NT 5.1; fr; rv:1.8) Gecko/20051107 Firefox/1.5"
81.255.213.232 - - [20/May/2010:10:41:08 +0100] "GET /post/274891/?utm_source=feedburner&utm_medium=feed&utm_campaign=Feed%3A+example+%28Title+-+example.com%29&utm_content=FeedBurner HTTP/1.1" 404 15 "http://feeds.feedburner.com/example/" "Mozilla/5.0 (Windows; U; Windows NT 5.1; fr; rv:1.8) Gecko/20051107 Firefox/1.5"
81.255.213.232 - - [20/May/2010:10:41:09 +0100] "GET /post/274892/?utm_source=feedburner&utm_medium=feed&utm_campaign=Feed%3A+example+%28Title+-+example.com%29&utm_content=FeedBurner HTTP/1.1" 404 15 "http://feeds.feedburner.com/example/" "Mozilla/5.0 (Windows; U; Windows NT 5.1; fr; rv:1.8) Gecko/20051107 Firefox/1.5"
81.255.213.232 - - [20/May/2010:10:41:09 +0100] "GET /post/274893/?utm_source=feedburner&utm_medium=feed&utm_campaign=Feed%3A+example+%28Title+-+example.com%29&utm_content=FeedBurner HTTP/1.1" 404 15 "http://feeds.feedburner.com/example/" "Mozilla/5.0 (Windows; U; Windows NT 5.1; fr; rv:1.8) Gecko/20051107 Firefox/1.5"
81.255.213.232 - - [20/May/2010:10:41:09 +0100] "GET /post/274894/?utm_source=feedburner&utm_medium=feed&utm_campaign=Feed%3A+example+%28Title+-+example.com%29&utm_content=FeedBurner HTTP/1.1" 404 15 "http://feeds.feedburner.com/example/" "Mozilla/5.0 (Windows; U; Windows NT 5.1; fr; rv:1.8) Gecko/20051107 Firefox/1.5"
77.88.26.26 - - [20/May/2010:10:41:46 +0100] "GET /posts/2220/ HTTP/1.1" 200 26956 "-" "Yandex/1.01.001 (compatible; Win16; I)"
220.181.7.80 - - [20/May/2010:10:42:17 +0100] "GET / HTTP/1.1" 200 30833 "-" "Baiduspider+(+http://www.baidu.com/search/spider.htm)"
72.14.199.102 - - [20/May/2010:10:42:43 +0100] "GET /feeds/latest/ HTTP/1.1" 200 47447 "-" "Feedfetcher-Google; (+http://www.google.com/feedfetcher.html; 9 subscribers; feed-id=18260778798542229819)"
67.195.114.50 - - [20/May/2010:10:43:02 +0100] "GET /posts/31/ HTTP/1.0" 200 26344 "-" "Mozilla/5.0 (compatible; Yahoo! Slurp/3.0; http://help.yahoo.com/help/us/ysearch/slurp)"
66.249.65.40 - - [20/May/2010:10:44:19 +0100] "GET / HTTP/1.1" 200 30833 "-" "Mozilla/5.0 (compatible; Googlebot/2.1; +http://www.google.com/bot.html)"
66.249.65.40 - - [20/May/2010:10:45:25 +0100] "GET /posts/7458/ HTTP/1.1" 200 85025 "-" "Mozilla/5.0 (compatible; Googlebot/2.1; +http://www.google.com/bot.html)"
209.85.228.83 - - [20/May/2010:10:46:24 +0100] "GET /feeds/latest/ HTTP/1.1" 200 47447 "-" "FeedBurner/1.0 (http://www.FeedBurner.com)"
209.85.228.84 - - [20/May/2010:10:46:27 +0100] "GET /feeds/latest/ HTTP/1.1" 200 47447 "-" "FeedBurner/1.0 (http://www.FeedBurner.com)"
207.46.195.236 - - [20/May/2010:10:47:24 +0100] "GET /post/254285/ HTTP/1.1" 404 15 "-" "msnbot/2.0b (+http://search.msn.com/msnbot.htm)"
24.62.73.137 - - [20/May/2010:10:48:01 +0100] "GET / HTTP/1.1" 200 30833 "-" "Mozilla/5.0 (Macintosh; U; Intel Mac OS X 10_6_3; en-us) AppleWebKit/531.22.7 (KHTML, like Gecko) Version/4.0.5 Safari/531.22.7"
72.14.199.102 - - [20/May/2010:10:48:59 +0100] "GET /feeds/latest HTTP/1.1" 301 - "-" "Feedfetcher-Google; (+http://www.google.com/feedfetcher.html; 1 subscribers; feed-id=5556701770649071615)"
72.14.199.102 - - [20/May/2010:10:49:00 +0100] "GET /feeds/latest/ HTTP/1.1" 200 47447 "-" "Feedfetcher-Google; (+http://www.google.com/feedfetcher.html; 1 subscribers; feed-id=5556701770649071615)"
193.189.143.31 - - [20/May/2010:10:49:31 +0100] "GET /feeds/latest/ HTTP/1.1" 200 47447 "-" "Netvibes Wasabi-bot v1.0"
72.234.136.77 - - [20/May/2010:10:54:55 +0100] "GET /media/style.css HTTP/1.1" 200 4847 "http://www.example.com/" "Mozilla/5.0 (iPhone; U; CPU iPhone OS 3_1_3 like Mac OS X; en-us) AppleWebKit/528.18 (KHTML, like Gecko) Version/4.0 Mobile/7E18 Safari/528.16"
72.234.136.77 - - [20/May/2010:10:54:52 +0100] "GET / HTTP/1.1" 200 110546 "-" "Mozilla/5.0 (iPhone; U; CPU iPhone OS 3_1_3 like Mac OS X; en-us) AppleWebKit/528.18 (KHTML, like Gecko) Version/4.0 Mobile/7E18 Safari/528.16"
72.234.136.77 - - [20/May/2010:10:54:54 +0100] "GET /media/exmpl.png HTTP/1.1" 200 28479 "http://www.example.com/" "Mozilla/5.0 (iPhone; U; CPU iPhone OS 3_1_3 like Mac OS X; en-us) AppleWebKit/528.18 (KHTML, like Gecko) Version/4.0 Mobile/7E18 Safari/528.16"
72.234.136.77 - - [20/May/2010:10:54:57 +0100] "GET /media/img/m-act.gif HTTP/1.1" 200 143 "http://www.example.com/" "Mozilla/5.0 (iPhone; U; CPU iPhone OS 3_1_3 like Mac OS X; en-us) AppleWebKit/528.18 (KHTML, like Gecko) Version/4.0 Mobile/7E18 Safari/528.16"
72.234.136.77 - - [20/May/2010:10:54:57 +0100] "GET /media/img/m-inact.gif HTTP/1.1" 200 2571 "http://www.example.com/" "Mozilla/5.0 (iPhone; U; CPU iPhone OS 3_1_3 like Mac OS X; en-us) AppleWebKit/528.18 (KHTML, like Gecko) Version/4.0 Mobile/7E18 Safari/528.16"
72.234.136.77 - - [20/May/2010:10:55:02 +0100] "GET /media/img/side-container.gif HTTP/1.1" 200 1415 "http://www.example.com/" "Mozilla/5.0 (iPhone; U; CPU iPhone OS 3_1_3 like Mac OS X; en-us) AppleWebKit/528.18 (KHTML, like Gecko) Version/4.0 Mobile/7E18 Safari/528.16"
79.40.238.207 - - [20/May/2010:10:57:09 +0100] "GET / HTTP/1.1" 200 30833 "-" "Mozilla/5.0 (Windows; U; Windows NT 6.1; en-US) AppleWebKit/532.5 (KHTML, like Gecko) Chrome/4.1.249.1064 Safari/532.5"
216.129.119.14 - - [20/May/2010:10:58:53 +0100] "GET /robots.txt HTTP/1.1" 200 61 "-" "Mozilla/5.0 (Twiceler-0.9 http://www.cuil.com/twiceler/robot.html)"
216.129.119.40 - - [20/May/2010:10:59:03 +0100] "GET /robots.txt HTTP/1.1" 200 61 "-" "Mozilla/5.0 (Twiceler-0.9 http://www.cuil.com/twiceler/robot.html)"
220.181.7.74 - - [20/May/2010:10:59:16 +0100] "GET / HTTP/1.1" 200 30833 "-" "Baiduspider+(+http://www.baidu.com/search/spider.htm)"
81.255.213.231 - - [20/May/2010:11:00:25 +0100] "GET /post/274944/?utm_source=feedburner&utm_medium=feed&utm_campaign=Feed%3A+example+%28Title+-+example.com%29&utm_content=FeedBurner HTTP/1.1" 404 15 "http://feeds.feedburner.com/example" "Mozilla/5.0 (Windows; U; Windows NT 5.1; fr; rv:1.8) Gecko/20051107 Firefox/1.5"
67.218.116.130 - - [20/May/2010:11:00:26 +0100] "GET /robots.txt HTTP/1.1" 200 61 "-" "Mozilla/5.0 (Twiceler-0.9 http://www.cuil.com/twiceler/robot.html)"
81.255.213.231 - - [20/May/2010:11:00:26 +0100] "GET /post/274943/?utm_source=feedburner&utm_medium=feed&utm_campaign=Feed%3A+example+%28Title+-+example.com%29&utm_content=FeedBurner HTTP/1.1" 404 15 "http://feeds.feedburner.com/example" "Mozilla/5.0 (Windows; U; Windows NT 5.1; fr; rv:1.8) Gecko/20051107 Firefox/1.5"
81.255.213.231 - - [20/May/2010:11:00:28 +0100] "GET /post/274938/?utm_source=feedburner&utm_medium=feed&utm_campaign=Feed%3A+example+%28Title+-+example.com%29&utm_content=FeedBurner HTTP/1.1" 404 15 "http://feeds.feedburner.com/example" "Mozilla/5.0 (Windows; U; Windows NT 5.1; fr; rv:1.8) Gecko/20051107 Firefox/1.5"
67.218.116.132 - - [20/May/2010:11:00:30 +0100] "GET /robots.txt HTTP/1.1" 200 61 "-" "Mozilla/5.0 (Twiceler-0.9 http://www.cuil.com/twiceler/robot.html)"
81.255.213.231 - - [20/May/2010:11:00:35 +0100] "GET /post/274939/?utm_source=feedburner&utm_medium=feed&utm_campaign=Feed%3A+example+%28Title+-+example.com%29&utm_content=FeedBurner HTTP/1.1" 404 15 "http://feeds.feedburner.com/example" "Mozilla/5.0 (Windows; U; Windows NT 5.1; fr; rv:1.8) Gecko/20051107 Firefox/1.5"
81.255.213.231 - - [20/May/2010:11:00:36 +0100] "GET /post/274940/?utm_source=feedburner&utm_medium=feed&utm_campaign=Feed%3A+example+%28Title+-+example.com%29&utm_content=FeedBurner HTTP/1.1" 404 15 "http://feeds.feedburner.com/example" "Mozilla/5.0 (Windows; U; Windows NT 5.1; fr; rv:1.8) Gecko/20051107 Firefox/1.5"
81.255.213.231 - - [20/May/2010:11:00:41 +0100] "GET /post/274941/?utm_source=feedburner&utm_medium=feed&utm_campaign=Feed%3A+example+%28Title+-+example.com%29&utm_content=FeedBurner HTTP/1.1" 404 15 "http://feeds.feedburner.com/example" "Mozilla/5.0 (Windows; U; Windows NT 5.1; fr; rv:1.8) Gecko/20051107 Firefox/1.5"
81.255.213.231 - - [20/May/2010:11:00:43 +0100] "GET /post/274942/?utm_source=feedburner&utm_medium=feed&utm_campaign=Feed%3A+example+%28Title+-+example.com%29&utm_content=FeedBurner HTTP/1.1" 404 15 "http://feeds.feedburner.com/example" "Mozilla/5.0 (Windows; U; Windows NT 5.1; fr; rv:1.8) Gecko/20051107 Firefox/1.5"
81.255.213.231 - - [20/May/2010:11:00:47 +0100] "GET /post/274937/?utm_source=feedburner&utm_medium=feed&utm_campaign=Feed%3A+example+%28Title+-+example.com%29&utm_content=FeedBurner HTTP/1.1" 404 15 "http://feeds.feedburner.com/example" "Mozilla/5.0 (Windows; U; Windows NT 5.1; fr; rv:1.8) Gecko/20051107 Firefox/1.5"
81.255.213.231 - - [20/May/2010:11:00:48 +0100] "GET /post/274936/?utm_source=feedburner&utm_medium=feed&utm_campaign=Feed%3A+example+%28Title+-+example.com%29&utm_content=FeedBurner HTTP/1.1" 404 15 "http://feeds.feedburner.com/example" "Mozilla/5.0 (Windows; U; Windows NT 5.1; fr; rv:1.8) Gecko/20051107 Firefox/1.5"
81.255.213.231 - - [20/May/2010:11:00:49 +0100] "GET /post/274934/?utm_source=feedburner&utm_medium=feed&utm_campaign=Feed%3A+example+%28Title+-+example.com%29&utm_content=FeedBurner HTTP/1.1" 404 15 "http://feeds.feedburner.com/example" "Mozilla/5.0 (Windows; U; Windows NT 5.1; fr; rv:1.8) Gecko/20051107 Firefox/1.5"
81.255.213.231 - - [20/May/2010:11:00:50 +0100] "GET /post/274935/?utm_source=feedburner&utm_medium=feed&utm_campaign=Feed%3A+example+%28Title+-+example.com%29&utm_content=FeedBurner HTTP/1.1" 404 15 "http://feeds.feedburner.com/example" "Mozilla/5.0 (Windows; U; Windows NT 5.1; fr; rv:1.8) Gecko/20051107 Firefox/1.5"
81.255.213.231 - - [20/May/2010:11:00:53 +0100] "GET /post/274933/?utm_source=feedburner&utm_medium=feed&utm_campaign=Feed%3A+example+%28Title+-+example.com%29&utm_content=FeedBurner HTTP/1.1" 404 15 "http://feeds.feedburner.com/example" "Mozilla/5.0 (Windows; U; Windows NT 5.1; fr; rv:1.8) Gecko/20051107 Firefox/1.5"
67.218.116.166 - - [20/May/2010:11:00:53 +0100] "GET /robots.txt HTTP/1.1" 200 61 "-" "Mozilla/5.0 (Twiceler-0.9 http://www.cuil.com/twiceler/robot.html)"
81.255.213.231 - - [20/May/2010:11:00:54 +0100] "GET /post/274931/?utm_source=feedburner&utm_medium=feed&utm_campaign=Feed%3A+example+%28Title+-+example.com%29&utm_content=FeedBurner HTTP/1.1" 404 15 "http://feeds.feedburner.com/example" "Mozilla/5.0 (Windows; U; Windows NT 5.1; fr; rv:1.8) Gecko/20051107 Firefox/1.5"
81.255.213.231 - - [20/May/2010:11:00:56 +0100] "GET /post/274932/?utm_source=feedburner&utm_medium=feed&utm_campaign=Feed%3A+example+%28Title+-+example.com%29&utm_content=FeedBurner HTTP/1.1" 404 15 "http://feeds.feedburner.com/example" "Mozilla/5.0 (Windows; U; Windows NT 5.1; fr; rv:1.8) Gecko/20051107 Firefox/1.5"
81.255.213.231 - - [20/May/2010:11:00:58 +0100] "GET /post/274929/?utm_source=feedburner&utm_medium=feed&utm_campaign=Feed%3A+example+%28Title+-+example.com%29&utm_content=FeedBurner HTTP/1.1" 404 15 "http://feeds.feedburner.com/example" "Mozilla/5.0 (Windows; U; Windows NT 5.1; fr; rv:1.8) Gecko/20051107 Firefox/1.5"
81.255.213.231 - - [20/May/2010:11:01:05 +0100] "GET /post/274930/?utm_source=feedburner&utm_medium=feed&utm_campaign=Feed%3A+example+%28Title+-+example.com%29&utm_content=FeedBurner HTTP/1.1" 404 15 "http://feeds.feedburner.com/example" "Mozilla/5.0 (Windows; U; Windows NT 5.1; fr; rv:1.8) Gecko/20051107 Firefox/1.5"
81.255.213.231 - - [20/May/2010:11:01:11 +0100] "GET /post/274928/?utm_source=feedburner&utm_medium=feed&utm_campaign=Feed%3A+example+%28Title+-+example.com%29&utm_content=FeedBurner HTTP/1.1" 404 15 "http://feeds.feedburner.com/example" "Mozilla/5.0 (Windows; U; Windows NT 5.1; fr; rv:1.8) Gecko/20051107 Firefox/1.5"
81.255.213.231 - - [20/May/2010:11:01:17 +0100] "GET /post/274927/?utm_source=feedburner&utm_medium=feed&utm_campaign=Feed%3A+example+%28Title+-+example.com%29&utm_content=FeedBurner HTTP/1.1" 404 15 "http://feeds.feedburner.com/example" "Mozilla/5.0 (Windows; U; Windows NT 5.1; fr; rv:1.8) Gecko/20051107 Firefox/1.5"
81.255.213.231 - - [20/May/2010:11:01:22 +0100] "GET /post/274926/?utm_source=feedburner&utm_medium=feed&utm_campaign=Feed%3A+example+%28Title+-+example.com%29&utm_content=FeedBurner HTTP/1.1" 404 15 "http://feeds.feedburner.com/example" "Mozilla/5.0 (Windows; U; Windows NT 5.1; fr; rv:1.8) Gecko/20051107 Firefox/1.5"
81.255.213.231 - - [20/May/2010:11:01:26 +0100] "GET /post/274925/?utm_source=feedburner&utm_medium=feed&utm_campaign=Feed%3A+example+%28Title+-+example.com%29&utm_content=FeedBurner HTTP/1.1" 404 15 "http://feeds.feedburner.com/example" "Mozilla/5.0 (Windows; U; Windows NT 5.1; fr; rv:1.8) Gecko/20051107 Firefox/1.5"
81.255.213.231 - - [20/May/2010:11:01:34 +0100] "GET /post/274924/?utm_source=feedburner&utm_medium=feed&utm_campaign=Feed%3A+example+%28Title+-+example.com%29&utm_content=FeedBurner HTTP/1.1" 404 15 "http://feeds.feedburner.com/example" "Mozilla/5.0 (Windows; U; Windows NT 5.1; fr; rv:1.8) Gecko/20051107 Firefox/1.5"
81.255.213.231 - - [20/May/2010:11:01:39 +0100] "GET /post/274919/?utm_source=feedburner&utm_medium=feed&utm_campaign=Feed%3A+example+%28Title+-+example.com%29&utm_content=FeedBurner HTTP/1.1" 404 15 "http://feeds.feedburner.com/example" "Mozilla/5.0 (Windows; U; Windows NT 5.1; fr; rv:1.8) Gecko/20051107 Firefox/1.5"
81.255.213.231 - - [20/May/2010:11:01:42 +0100] "GET /post/274920/?utm_source=feedburner&utm_medium=feed&utm_campaign=Feed%3A+example+%28Title+-+example.com%29&utm_content=FeedBurner HTTP/1.1" 404 15 "http://feeds.feedburner.com/example" "Mozilla/5.0 (Windows; U; Windows NT 5.1; fr; rv:1.8) Gecko/20051107 Firefox/1.5"
81.255.213.231 - - [20/May/2010:11:01:48 +0100] "GET /post/274921/?utm_source=feedburner&utm_medium=feed&utm_campaign=Feed%3A+example+%28Title+-+example.com%29&utm_content=FeedBurner HTTP/1.1" 404 15 "http://feeds.feedburner.com/example" "Mozilla/5.0 (Windows; U; Windows NT 5.1; fr; rv:1.8) Gecko/20051107 Firefox/1.5"
81.255.213.231 - - [20/May/2010:11:01:52 +0100] "GET /post/274922/?utm_source=feedburner&utm_medium=feed&utm_campaign=Feed%3A+example+%28Title+-+example.com%29&utm_content=FeedBurner HTTP/1.1" 404 15 "http://feeds.feedburner.com/example" "Mozilla/5.0 (Windows; U; Windows NT 5.1; fr; rv:1.8) Gecko/20051107 Firefox/1.5"
81.255.213.231 - - [20/May/2010:11:01:59 +0100] "GET /post/274923/?utm_source=feedburner&utm_medium=feed&utm_campaign=Feed%3A+example+%28Title+-+example.com%29&utm_content=FeedBurner HTTP/1.1" 404 15 "http://feeds.feedburner.com/example" "Mozilla/5.0 (Windows; U; Windows NT 5.1; fr; rv:1.8) Gecko/20051107 Firefox/1.5"
81.255.213.231 - - [20/May/2010:11:02:08 +0100] "GET /post/274918/?utm_source=feedburner&utm_medium=feed&utm_campaign=Feed%3A+example+%28Title+-+example.com%29&utm_content=FeedBurner HTTP/1.1" 404 15 "http://feeds.feedburner.com/example" "Mozilla/5.0 (Windows; U; Windows NT 5.1; fr; rv:1.8) Gecko/20051107 Firefox/1.5"
81.255.213.231 - - [20/May/2010:11:02:16 +0100] "GET /post/274917/?utm_source=feedburner&utm_medium=feed&utm_campaign=Feed%3A+example+%28Title+-+example.com%29&utm_content=FeedBurner HTTP/1.1" 404 15 "http://feeds.feedburner.com/example" "Mozilla/5.0 (Windows; U; Windows NT 5.1; fr; rv:1.8) Gecko/20051107 Firefox/1.5"
81.255.213.231 - - [20/May/2010:11:02:23 +0100] "GET /post/274912/?utm_source=feedburner&utm_medium=feed&utm_campaign=Feed%3A+example+%28Title+-+example.com%29&utm_content=FeedBurner HTTP/1.1" 404 15 "http://feeds.feedburner.com/example" "Mozilla/5.0 (Windows; U; Windows NT 5.1; fr; rv:1.8) Gecko/20051107 Firefox/1.5"
77.88.26.26 - - [20/May/2010:11:02:25 +0100] "GET /posts/2259/ HTTP/1.1" 200 25538 "-" "Yandex/1.01.001 (compatible; Win16; I)"
81.255.213.231 - - [20/May/2010:11:02:36 +0100] "GET /post/274913/?utm_source=feedburner&utm_medium=feed&utm_campaign=Feed%3A+example+%28Title+-+example.com%29&utm_content=FeedBurner HTTP/1.1" 404 15 "http://feeds.feedburner.com/example" "Mozilla/5.0 (Windows; U; Windows NT 5.1; fr; rv:1.8) Gecko/20051107 Firefox/1.5"
81.255.213.231 - - [20/May/2010:11:02:40 +0100] "GET /post/274914/?utm_source=feedburner&utm_medium=feed&utm_campaign=Feed%3A+example+%28Title+-+example.com%29&utm_content=FeedBurner HTTP/1.1" 404 15 "http://feeds.feedburner.com/example" "Mozilla/5.0 (Windows; U; Windows NT 5.1; fr; rv:1.8) Gecko/20051107 Firefox/1.5"
81.255.213.231 - - [20/May/2010:11:02:41 +0100] "GET /post/274915/?utm_source=feedburner&utm_medium=feed&utm_campaign=Feed%3A+example+%28Title+-+example.com%29&utm_content=FeedBurner HTTP/1.1" 404 15 "http://feeds.feedburner.com/example" "Mozilla/5.0 (Windows; U; Windows NT 5.1; fr; rv:1.8) Gecko/20051107 Firefox/1.5"
81.255.213.231 - - [20/May/2010:11:02:42 +0100] "GET /post/274916/?utm_source=feedburner&utm_medium=feed&utm_campaign=Feed%3A+example+%28Title+-+example.com%29&utm_content=FeedBurner HTTP/1.1" 404 15 "http://feeds.feedburner.com/example" "Mozilla/5.0 (Windows; U; Windows NT 5.1; fr; rv:1.8) Gecko/20051107 Firefox/1.5"
81.255.213.231 - - [20/May/2010:11:02:44 +0100] "GET /post/274909/?utm_source=feedburner&utm_medium=feed&utm_campaign=Feed%3A+example+%28Title+-+example.com%29&utm_content=FeedBurner HTTP/1.1" 404 15 "http://feeds.feedburner.com/example" "Mozilla/5.0 (Windows; U; Windows NT 5.1; fr; rv:1.8) Gecko/20051107 Firefox/1.5"
81.255.213.231 - - [20/May/2010:11:02:47 +0100] "GET /post/274910/?utm_source=feedburner&utm_medium=feed&utm_campaign=Feed%3A+example+%28Title+-+example.com%29&utm_content=FeedBurner HTTP/1.1" 404 15 "http://feeds.feedburner.com/example" "Mozilla/5.0 (Windows; U; Windows NT 5.1; fr; rv:1.8) Gecko/20051107 Firefox/1.5"
81.255.213.231 - - [20/May/2010:11:02:51 +0100] "GET /post/274911/?utm_source=feedburner&utm_medium=feed&utm_campaign=Feed%3A+example+%28Title+-+example.com%29&utm_content=FeedBurner HTTP/1.1" 404 15 "http://feeds.feedburner.com/example" "Mozilla/5.0 (Windows; U; Windows NT 5.1; fr; rv:1.8) Gecko/20051107 Firefox/1.5"
81.255.213.231 - - [20/May/2010:11:02:53 +0100] "GET /post/274908/?utm_source=feedburner&utm_medium=feed&utm_campaign=Feed%3A+example+%28Title+-+example.com%29&utm_content=FeedBurner HTTP/1.1" 404 15 "http://feeds.feedburner.com/example" "Mozilla/5.0 (Windows; U; Windows NT 5.1; fr; rv:1.8) Gecko/20051107 Firefox/1.5"
81.255.213.231 - - [20/May/2010:11:02:57 +0100] "GET /post/274906/?utm_source=feedburner&utm_medium=feed&utm_campaign=Feed%3A+example+%28Title+-+example.com%29&utm_content=FeedBurner HTTP/1.1" 404 15 "http://feeds.feedburner.com/example" "Mozilla/5.0 (Windows; U; Windows NT 5.1; fr; rv:1.8) Gecko/20051107 Firefox/1.5"
61.135.216.104 - - [20/May/2010:11:02:55 +0100] "GET /feeds/latest/ HTTP/1.1" 200 47447 "-" "Mozilla/5.0 (compatible;YoudaoFeedFetcher/1.0;http://www.youdao.com/help/reader/faq/topic006/;1 subscribers;)"
81.255.213.231 - - [20/May/2010:11:02:59 +0100] "GET /post/274907/?utm_source=feedburner&utm_medium=feed&utm_campaign=Feed%3A+example+%28Title+-+example.com%29&utm_content=FeedBurner HTTP/1.1" 404 15 "http://feeds.feedburner.com/example" "Mozilla/5.0 (Windows; U; Windows NT 5.1; fr; rv:1.8) Gecko/20051107 Firefox/1.5"
125.22.2.42 - - [20/May/2010:11:02:59 +0100] "GET /feeds/latest/ HTTP/1.1" 200 47447 "-" "Mozilla/4.0 (compatible; MSIE 7.0; Windows NT 5.1; .NET CLR 1.1.4322; .NET CLR 2.0.50727; MS-RTC LM 8; .NET CLR 3.0.04506.648; .NET CLR 3.5.21022; MSOffice 12)"
81.255.213.231 - - [20/May/2010:11:03:04 +0100] "GET /post/274902/?utm_source=feedburner&utm_medium=feed&utm_campaign=Feed%3A+example+%28Title+-+example.com%29&utm_content=FeedBurner HTTP/1.1" 404 15 "http://feeds.feedburner.com/example" "Mozilla/5.0 (Windows; U; Windows NT 5.1; fr; rv:1.8) Gecko/20051107 Firefox/1.5"
81.255.213.231 - - [20/May/2010:11:03:08 +0100] "GET /post/274903/?utm_source=feedburner&utm_medium=feed&utm_campaign=Feed%3A+example+%28Title+-+example.com%29&utm_content=FeedBurner HTTP/1.1" 404 15 "http://feeds.feedburner.com/example" "Mozilla/5.0 (Windows; U; Windows NT 5.1; fr; rv:1.8) Gecko/20051107 Firefox/1.5"
81.255.213.231 - - [20/May/2010:11:03:10 +0100] "GET /post/274904/?utm_source=feedburner&utm_medium=feed&utm_campaign=Feed%3A+example+%28Title+-+example.com%29&utm_content=FeedBurner HTTP/1.1" 404 15 "http://feeds.feedburner.com/example" "Mozilla/5.0 (Windows; U; Windows NT 5.1; fr; rv:1.8) Gecko/20051107 Firefox/1.5"
81.255.213.231 - - [20/May/2010:11:03:13 +0100] "GET /post/274905/?utm_source=feedburner&utm_medium=feed&utm_campaign=Feed%3A+example+%28Title+-+example.com%29&utm_content=FeedBurner HTTP/1.1" 404 15 "http://feeds.feedburner.com/example" "Mozilla/5.0 (Windows; U; Windows NT 5.1; fr; rv:1.8) Gecko/20051107 Firefox/1.5"
81.255.213.231 - - [20/May/2010:11:03:18 +0100] "GET /post/274901/?utm_source=feedburner&utm_medium=feed&utm_campaign=Feed%3A+example+%28Title+-+example.com%29&utm_content=FeedBurner HTTP/1.1" 404 15 "http://feeds.feedburner.com/example" "Mozilla/5.0 (Windows; U; Windows NT 5.1; fr; rv:1.8) Gecko/20051107 Firefox/1.5"
81.255.213.231 - - [20/May/2010:11:03:24 +0100] "GET /post/274900/?utm_source=feedburner&utm_medium=feed&utm_campaign=Feed%3A+example+%28Title+-+example.com%29&utm_content=FeedBurner HTTP/1.1" 404 15 "http://feeds.feedburner.com/example" "Mozilla/5.0 (Windows; U; Windows NT 5.1; fr; rv:1.8) Gecko/20051107 Firefox/1.5"
81.255.213.231 - - [20/May/2010:11:03:26 +0100] "GET /post/274899/?utm_source=feedburner&utm_medium=feed&utm_campaign=Feed%3A+example+%28Title+-+example.com%29&utm_content=FeedBurner HTTP/1.1" 404 15 "http://feeds.feedburner.com/example" "Mozilla/5.0 (Windows; U; Windows NT 5.1; fr; rv:1.8) Gecko/20051107 Firefox/1.5"
81.255.213.231 - - [20/May/2010:11:03:27 +0100] "GET /post/274891/?utm_source=feedburner&utm_medium=feed&utm_campaign=Feed%3A+example+%28Title+-+example.com%29&utm_content=FeedBurner HTTP/1.1" 404 15 "http://feeds.feedburner.com/example" "Mozilla/5.0 (Windows; U; Windows NT 5.1; fr; rv:1.8) Gecko/20051107 Firefox/1.5"
81.255.213.231 - - [20/May/2010:11:03:29 +0100] "GET /post/274892/?utm_source=feedburner&utm_medium=feed&utm_campaign=Feed%3A+example+%28Title+-+example.com%29&utm_content=FeedBurner HTTP/1.1" 404 15 "http://feeds.feedburner.com/example" "Mozilla/5.0 (Windows; U; Windows NT 5.1; fr; rv:1.8) Gecko/20051107 Firefox/1.5"
81.255.213.231 - - [20/May/2010:11:03:32 +0100] "GET /post/274893/?utm_source=feedburner&utm_medium=feed&utm_campaign=Feed%3A+example+%28Title+-+example.com%29&utm_content=FeedBurner HTTP/1.1" 404 15 "http://feeds.feedburner.com/example" "Mozilla/5.0 (Windows; U; Windows NT 5.1; fr; rv:1.8) Gecko/20051107 Firefox/1.5"
81.255.213.231 - - [20/May/2010:11:03:34 +0100] "GET /post/274894/?utm_source=feedburner&utm_medium=feed&utm_campaign=Feed%3A+example+%28Title+-+example.com%29&utm_content=FeedBurner HTTP/1.1" 404 15 "http://feeds.feedburner.com/example" "Mozilla/5.0 (Windows; U; Windows NT 5.1; fr; rv:1.8) Gecko/20051107 Firefox/1.5"
216.129.119.41 - - [20/May/2010:11:03:43 +0100] "GET /robots.txt HTTP/1.1" 200 61 "-" "Mozilla/5.0 (Twiceler-0.9 http://www.cuil.com/twiceler/robot.html)"
67.218.116.133 - - [20/May/2010:11:04:06 +0100] "GET /robots.txt HTTP/1.1" 200 61 "-" "Mozilla/5.0 (Twiceler-0.9 http://www.cuil.com/twiceler/robot.html)"
67.218.116.164 - - [20/May/2010:11:05:36 +0100] "GET /robots.txt HTTP/1.1" 200 61 "-" "Mozilla/5.0 (Twiceler-0.9 http://www.cuil.com/twiceler/robot.html)"
209.85.228.80 - - [20/May/2010:11:07:51 +0100] "GET /feeds/latest/ HTTP/1.1" 200 47447 "-" "FeedBurner/1.0 (http://www.FeedBurner.com)"
209.85.228.85 - - [20/May/2010:11:07:55 +0100] "GET /feeds/latest/ HTTP/1.1" 200 47447 "-" "FeedBurner/1.0 (http://www.FeedBurner.com)"
209.85.228.85 - - [20/May/2010:11:08:29 +0100] "GET /feeds/latest/ HTTP/1.1" 200 47447 "-" "FeedBurner/1.0 (http://www.FeedBurner.com)"
209.85.228.80 - - [20/May/2010:11:08:30 +0100] "GET /feeds/latest/ HTTP/1.1" 200 47447 "-" "FeedBurner/1.0 (http://www.FeedBurner.com)"
67.218.116.162 - - [20/May/2010:11:08:52 +0100] "GET /robots.txt HTTP/1.1" 200 61 "-" "Mozilla/5.0 (Twiceler-0.9 http://www.cuil.com/twiceler/robot.html)"
207.46.204.195 - - [20/May/2010:11:10:28 +0100] "GET /post/253971/ HTTP/1.1" 404 15 "-" "msnbot/2.0b (+http://search.msn.com/msnbot.htm)"
207.46.199.180 - - [20/May/2010:11:10:56 +0100] "GET /robots.txt HTTP/1.1" 200 61 "-" "msnbot/2.0b (+http://search.msn.com/msnbot.htm)"
216.129.119.10 - - [20/May/2010:11:11:09 +0100] "GET /robots.txt HTTP/1.1" 200 61 "-" "Mozilla/5.0 (Twiceler-0.9 http://www.cuil.com/twiceler/robot.html)"
81.170.214.231 - - [20/May/2010:11:11:56 +0100] "HEAD /post/274921/ HTTP/1.1" 404 - "-" "Twingly Recon"
81.170.214.231 - - [20/May/2010:11:11:56 +0100] "HEAD /post/274913/ HTTP/1.1" 404 - "-" "Twingly Recon"
81.170.214.231 - - [20/May/2010:11:11:56 +0100] "HEAD /post/274914/ HTTP/1.1" 404 - "-" "Twingly Recon"
81.170.214.231 - - [20/May/2010:11:11:56 +0100] "HEAD /post/274936/ HTTP/1.1" 404 - "-" "Twingly Recon"
81.170.214.231 - - [20/May/2010:11:11:56 +0100] "HEAD /post/274915/ HTTP/1.1" 404 - "-" "Twingly Recon"
81.170.214.231 - - [20/May/2010:11:11:56 +0100] "HEAD /post/274916/ HTTP/1.1" 404 - "-" "Twingly Recon"
81.170.214.231 - - [20/May/2010:11:11:56 +0100] "HEAD /post/274909/ HTTP/1.1" 404 - "-" "Twingly Recon"
81.170.214.231 - - [20/May/2010:11:11:56 +0100] "HEAD /post/274910/ HTTP/1.1" 404 - "-" "Twingly Recon"
81.170.214.231 - - [20/May/2010:11:11:56 +0100] "HEAD /post/274911/ HTTP/1.1" 404 - "-" "Twingly Recon"
81.170.214.231 - - [20/May/2010:11:11:56 +0100] "HEAD /post/274908/ HTTP/1.1" 404 - "-" "Twingly Recon"
81.170.214.231 - - [20/May/2010:11:11:56 +0100] "HEAD /post/274906/ HTTP/1.1" 404 - "-" "Twingly Recon"
81.170.214.231 - - [20/May/2010:11:11:56 +0100] "HEAD /post/274907/ HTTP/1.1" 404 - "-" "Twingly Recon"
81.170.214.231 - - [20/May/2010:11:11:56 +0100] "HEAD /post/274902/ HTTP/1.1" 404 - "-" "Twingly Recon"
81.170.214.231 - - [20/May/2010:11:11:56 +0100] "HEAD /post/274903/ HTTP/1.1" 404 - "-" "Twingly Recon"
81.170.214.231 - - [20/May/2010:11:11:56 +0100] "HEAD /post/274904/ HTTP/1.1" 404 - "-" "Twingly Recon"
81.170.214.231 - - [20/May/2010:11:11:56 +0100] "HEAD /post/274905/ HTTP/1.1" 404 - "-" "Twingly Recon"
81.170.214.231 - - [20/May/2010:11:11:56 +0100] "HEAD /post/274901/ HTTP/1.1" 404 - "-" "Twingly Recon"
81.170.214.231 - - [20/May/2010:11:11:56 +0100] "HEAD /post/274900/ HTTP/1.1" 404 - "-" "Twingly Recon"
81.170.214.231 - - [20/May/2010:11:11:56 +0100] "HEAD /post/274899/ HTTP/1.1" 404 - "-" "Twingly Recon"
81.170.214.231 - - [20/May/2010:11:11:56 +0100] "HEAD /post/274891/ HTTP/1.1" 404 - "-" "Twingly Recon"
81.170.214.231 - - [20/May/2010:11:11:56 +0100] "HEAD /post/274892/ HTTP/1.1" 404 - "-" "Twingly Recon"
81.170.214.231 - - [20/May/2010:11:11:56 +0100] "HEAD /post/274893/ HTTP/1.1" 404 - "-" "Twingly Recon"
81.170.214.231 - - [20/May/2010:11:11:56 +0100] "HEAD /post/274894/ HTTP/1.1" 404 - "-" "Twingly Recon"
81.170.214.231 - - [20/May/2010:11:11:56 +0100] "HEAD /post/274943/ HTTP/1.1" 404 - "-" "Twingly Recon"
81.170.214.231 - - [20/May/2010:11:11:56 +0100] "HEAD /post/274938/ HTTP/1.1" 404 - "-" "Twingly Recon"
81.170.214.231 - - [20/May/2010:11:11:56 +0100] "HEAD /post/274931/ HTTP/1.1" 404 - "-" "Twingly Recon"
81.170.214.231 - - [20/May/2010:11:11:58 +0100] "HEAD /post/274918/ HTTP/1.1" 404 - "-" "Twingly Recon"
81.170.214.231 - - [20/May/2010:11:11:59 +0100] "HEAD /post/274925/ HTTP/1.1" 404 - "-" "Twingly Recon"
81.170.214.231 - - [20/May/2010:11:12:00 +0100] "HEAD /post/274930/ HTTP/1.1" 404 - "-" "Twingly Recon"
81.170.214.231 - - [20/May/2010:11:12:01 +0100] "HEAD /post/274912/ HTTP/1.1" 404 - "-" "Twingly Recon"
81.170.214.231 - - [20/May/2010:11:12:02 +0100] "HEAD /post/274928/ HTTP/1.1" 404 - "-" "Twingly Recon"
81.170.214.231 - - [20/May/2010:11:12:03 +0100] "HEAD /post/274932/ HTTP/1.1" 404 - "-" "Twingly Recon"
81.170.214.231 - - [20/May/2010:11:12:04 +0100] "HEAD /post/274940/ HTTP/1.1" 404 - "-" "Twingly Recon"
81.170.214.231 - - [20/May/2010:11:12:05 +0100] "HEAD /post/274926/ HTTP/1.1" 404 - "-" "Twingly Recon"
81.170.214.231 - - [20/May/2010:11:12:06 +0100] "HEAD /post/274920/ HTTP/1.1" 404 - "-" "Twingly Recon"
81.170.214.231 - - [20/May/2010:11:12:07 +0100] "HEAD /post/274944/ HTTP/1.1" 404 - "-" "Twingly Recon"
81.170.214.231 - - [20/May/2010:11:12:07 +0100] "HEAD /post/274942/ HTTP/1.1" 404 - "-" "Twingly Recon"
81.170.214.231 - - [20/May/2010:11:12:07 +0100] "HEAD /post/274922/ HTTP/1.1" 404 - "-" "Twingly Recon"
81.170.214.231 - - [20/May/2010:11:12:07 +0100] "HEAD /post/274929/ HTTP/1.1" 404 - "-" "Twingly Recon"
81.170.214.231 - - [20/May/2010:11:12:07 +0100] "HEAD /post/274939/ HTTP/1.1" 404 - "-" "Twingly Recon"
81.170.214.231 - - [20/May/2010:11:12:07 +0100] "HEAD /post/274917/ HTTP/1.1" 404 - "-" "Twingly Recon"
81.170.214.231 - - [20/May/2010:11:12:07 +0100] "HEAD /post/274919/ HTTP/1.1" 404 - "-" "Twingly Recon"
81.170.214.231 - - [20/May/2010:11:12:07 +0100] "HEAD /post/274935/ HTTP/1.1" 404 - "-" "Twingly Recon"
81.170.214.231 - - [20/May/2010:11:12:07 +0100] "HEAD /post/274927/ HTTP/1.1" 404 - "-" "Twingly Recon"
81.170.214.231 - - [20/May/2010:11:12:07 +0100] "HEAD /post/274941/ HTTP/1.1" 404 - "-" "Twingly Recon"
81.170.214.231 - - [20/May/2010:11:12:07 +0100] "HEAD /post/274923/ HTTP/1.1" 404 - "-" "Twingly Recon"
81.170.214.231 - - [20/May/2010:11:12:07 +0100] "HEAD /post/274924/ HTTP/1.1" 404 - "-" "Twingly Recon"
81.170.214.231 - - [20/May/2010:11:12:07 +0100] "HEAD /post/274933/ HTTP/1.1" 404 - "-" "Twingly Recon"
81.170.214.231 - - [20/May/2010:11:12:07 +0100] "HEAD /post/274937/ HTTP/1.1" 404 - "-" "Twingly Recon"
81.170.214.231 - - [20/May/2010:11:12:07 +0100] "HEAD /post/274934/ HTTP/1.1" 404 - "-" "Twingly Recon"
220.181.7.96 - - [20/May/2010:11:12:16 +0100] "GET / HTTP/1.1" 200 30833 "-" "Baiduspider+(+http://www.baidu.com/search/spider.htm)"
216.129.119.13 - - [20/May/2010:11:13:31 +0100] "GET /robots.txt HTTP/1.1" 200 61 "-" "Mozilla/5.0 (Twiceler-0.9 http://www.cuil.com/twiceler/robot.html)"
41.225.213.90 - - [20/May/2010:11:13:51 +0100] "GET /feeds/latest/ HTTP/1.0" 200 47447 "-" "Mozilla/5.0 (Windows; U; Windows NT 5.0; fr; rv:1.9.2.3) Gecko/20100401 Firefox/3.6.3"
79.40.238.207 - - [20/May/2010:11:16:51 +0100] "GET / HTTP/1.1" 200 30833 "-" "Mozilla/5.0 (Windows; U; Windows NT 6.1; en-US) AppleWebKit/532.5 (KHTML, like Gecko) Chrome/4.1.249.1064 Safari/532.5"
79.40.238.207 - - [20/May/2010:11:16:52 +0100] "GET /media/style.css HTTP/1.1" 304 - "http://example.com/" "Mozilla/5.0 (Windows; U; Windows NT 6.1; en-US) AppleWebKit/532.5 (KHTML, like Gecko) Chrome/4.1.249.1064 Safari/532.5"
79.40.238.207 - - [20/May/2010:11:16:52 +0100] "GET /media/exmpl.png HTTP/1.1" 304 - "http://example.com/" "Mozilla/5.0 (Windows; U; Windows NT 6.1; en-US) AppleWebKit/532.5 (KHTML, like Gecko) Chrome/4.1.249.1064 Safari/532.5"
79.40.238.207 - - [20/May/2010:11:16:52 +0100] "GET /media/img/m-act.gif HTTP/1.1" 304 - "http://example.com/" "Mozilla/5.0 (Windows; U; Windows NT 6.1; en-US) AppleWebKit/532.5 (KHTML, like Gecko) Chrome/4.1.249.1064 Safari/532.5"
79.40.238.207 - - [20/May/2010:11:16:52 +0100] "GET /media/img/m-inact.gif HTTP/1.1" 304 - "http://example.com/" "Mozilla/5.0 (Windows; U; Windows NT 6.1; en-US) AppleWebKit/532.5 (KHTML, like Gecko) Chrome/4.1.249.1064 Safari/532.5"
79.40.238.207 - - [20/May/2010:11:16:52 +0100] "GET /media/img/side-container.gif HTTP/1.1" 304 - "http://example.com/" "Mozilla/5.0 (Windows; U; Windows NT 6.1; en-US) AppleWebKit/532.5 (KHTML, like Gecko) Chrome/4.1.249.1064 Safari/532.5"
90.195.138.71 - - [20/May/2010:11:18:45 +0100] "GET /media/style.css HTTP/1.1" 200 4847 "http://www.example.com/" "Mozilla/5.0 (Windows; U; Windows NT 6.1; en-GB; rv:1.9.2.3) Gecko/20100401 Firefox/3.6.3"
90.195.138.71 - - [20/May/2010:11:18:45 +0100] "GET /media/img/favicon.ico HTTP/1.1" 200 1406 "-" "Mozilla/5.0 (Windows; U; Windows NT 6.1; en-GB; rv:1.9.2.3) Gecko/20100401 Firefox/3.6.3"
90.195.138.71 - - [20/May/2010:11:18:44 +0100] "GET / HTTP/1.1" 200 30833 "-" "Mozilla/5.0 (Windows; U; Windows NT 6.1; en-GB; rv:1.9.2.3) Gecko/20100401 Firefox/3.6.3"
90.195.138.71 - - [20/May/2010:11:18:45 +0100] "GET /media/img/m-act.gif HTTP/1.1" 200 143 "http://www.example.com/media/style.css" "Mozilla/5.0 (Windows; U; Windows NT 6.1; en-GB; rv:1.9.2.3) Gecko/20100401 Firefox/3.6.3"
90.195.138.71 - - [20/May/2010:11:18:45 +0100] "GET /media/img/m-inact.gif HTTP/1.1" 200 2571 "http://www.example.com/media/style.css" "Mozilla/5.0 (Windows; U; Windows NT 6.1; en-GB; rv:1.9.2.3) Gecko/20100401 Firefox/3.6.3"
90.195.138.71 - - [20/May/2010:11:18:45 +0100] "GET /media/exmpl.png HTTP/1.1" 200 28479 "http://www.example.com/" "Mozilla/5.0 (Windows; U; Windows NT 6.1; en-GB; rv:1.9.2.3) Gecko/20100401 Firefox/3.6.3"
90.195.138.71 - - [20/May/2010:11:18:46 +0100] "GET /media/img/side-container.gif HTTP/1.1" 200 1415 "http://www.example.com/media/style.css" "Mozilla/5.0 (Windows; U; Windows NT 6.1; en-GB; rv:1.9.2.3) Gecko/20100401 Firefox/3.6.3"
66.249.65.40 - - [20/May/2010:11:19:28 +0100] "GET /posts/7468 HTTP/1.1" 301 - "-" "Mozilla/5.0 (compatible; Googlebot/2.1; +http://www.google.com/bot.html)"
66.249.65.40 - - [20/May/2010:11:22:25 +0100] "GET / HTTP/1.1" 200 26130 "-" "Mozilla/5.0 (compatible; Googlebot/2.1; +http://www.google.com/bot.html)"
77.88.26.26 - - [20/May/2010:11:23:02 +0100] "GET /sources/4 HTTP/1.1" 301 - "-" "Yandex/1.01.001 (compatible; Win16; I)"
77.88.26.26 - - [20/May/2010:11:23:04 +0100] "GET /sources/4/ HTTP/1.1" 200 13754 "-" "Yandex/1.01.001 (compatible; Win16; I)"
93.158.131.169 - - [20/May/2010:11:24:42 +0100] "GET /post/239013/?utm_source=feedburner&utm_medium=feed&utm_campaign=Feed%3A+example+%28Title+-+example.com%29 HTTP/1.0" 404 15 "-" "Yandex/2.01.000 (compatible; Win16; Dyatel; C)"
220.181.94.216 - - [20/May/2010:11:25:24 +0100] "GET / HTTP/1.1" 200 26130 "-" "Sogou-Test-Spider/4.0 (compatible; MSIE 5.5; Windows 98)"
220.181.94.216 - - [20/May/2010:11:25:34 +0100] "GET /robots.txt HTTP/1.1" 200 61 "-" "Sogou web spider/4.0(+http://www.sogou.com/docs/help/webmasters.htm#07)"
209.85.228.83 - - [20/May/2010:11:27:12 +0100] "GET /feeds/latest/ HTTP/1.1" 200 48364 "-" "FeedBurner/1.0 (http://www.FeedBurner.com)"
220.181.7.93 - - [20/May/2010:11:27:22 +0100] "GET / HTTP/1.1" 200 26130 "-" "Baiduspider+(+http://www.baidu.com/search/spider.htm)"
209.85.228.84 - - [20/May/2010:11:27:28 +0100] "GET /feeds/latest/ HTTP/1.1" 200 48364 "-" "FeedBurner/1.0 (http://www.FeedBurner.com)"
38.113.234.180 - - [20/May/2010:11:27:33 +0100] "GET /post/274955/ HTTP/1.1" 404 15 "-" "Voyager/1.0"
38.113.234.180 - - [20/May/2010:11:27:33 +0100] "GET /post/274952/ HTTP/1.1" 404 15 "-" "Voyager/1.0"
38.113.234.180 - - [20/May/2010:11:27:33 +0100] "GET /post/274946/ HTTP/1.1" 404 15 "-" "Voyager/1.0"
38.113.234.180 - - [20/May/2010:11:27:33 +0100] "GET /post/274947/ HTTP/1.1" 404 15 "-" "Voyager/1.0"
38.113.234.181 - - [20/May/2010:11:27:33 +0100] "GET /post/274950/ HTTP/1.1" 404 15 "-" "Voyager/1.0"
38.113.234.180 - - [20/May/2010:11:27:33 +0100] "GET /post/274949/ HTTP/1.1" 404 15 "-" "Voyager/1.0"
220.181.7.82 - - [20/May/2010:11:27:32 +0100] "GET / HTTP/1.1" 200 26130 "-" "Baiduspider+(+http://www.baidu.com/search/spider.htm)"
38.113.234.180 - - [20/May/2010:11:27:35 +0100] "GET /post/274948/ HTTP/1.1" 404 15 "-" "Voyager/1.0"
38.113.234.180 - - [20/May/2010:11:27:34 +0100] "GET /post/274945/ HTTP/1.1" 404 15 "-" "Voyager/1.0"
38.113.234.180 - - [20/May/2010:11:27:35 +0100] "GET /post/274951/ HTTP/1.1" 404 15 "-" "Voyager/1.0"
38.113.234.180 - - [20/May/2010:11:27:35 +0100] "GET /post/274956/ HTTP/1.1" 404 15 "-" "Voyager/1.0"
38.113.234.181 - - [20/May/2010:11:27:36 +0100] "GET /post/274953/ HTTP/1.1" 404 15 "-" "Voyager/1.0"
67.195.114.50 - - [20/May/2010:11:31:16 +0100] "GET /sources/14/ HTTP/1.0" 200 14262 "-" "Mozilla/5.0 (compatible; Yahoo! Slurp/3.0; http://help.yahoo.com/help/us/ysearch/slurp)"
61.135.216.104 - - [20/May/2010:11:32:56 +0100] "GET /feeds/latest/ HTTP/1.1" 200 48364 "-" "Mozilla/5.0 (compatible;YoudaoFeedFetcher/1.0;http://www.youdao.com/help/reader/faq/topic006/;1 subscribers;)"
125.22.2.42 - - [20/May/2010:11:33:09 +0100] "GET /feeds/latest/ HTTP/1.1" 200 48364 "-" "Mozilla/4.0 (compatible; MSIE 7.0; Windows NT 5.1; .NET CLR 1.1.4322; .NET CLR 2.0.50727; MS-RTC LM 8; .NET CLR 3.0.04506.648; .NET CLR 3.5.21022; MSOffice 12)"
77.88.26.26 - - [20/May/2010:11:33:50 +0100] "GET /posts/2234/ HTTP/1.1" 200 33674 "-" "Yandex/1.01.001 (compatible; Win16; I)"
24.62.152.212 - - [20/May/2010:11:34:07 +0100] "GET /media/style.css HTTP/1.1" 200 4847 "http://www.example.com/" "Mozilla/5.0 (Macintosh; U; Intel Mac OS X 10_6_3; en-us) AppleWebKit/531.22.7 (KHTML, like Gecko) Version/4.0.5 Safari/531.22.7"
24.62.152.212 - - [20/May/2010:11:34:07 +0100] "GET /media/exmpl.png HTTP/1.1" 200 28479 "http://www.example.com/" "Mozilla/5.0 (Macintosh; U; Intel Mac OS X 10_6_3; en-us) AppleWebKit/531.22.7 (KHTML, like Gecko) Version/4.0.5 Safari/531.22.7"
24.62.152.212 - - [20/May/2010:11:34:05 +0100] "GET / HTTP/1.1" 200 110836 "-" "Mozilla/5.0 (Macintosh; U; Intel Mac OS X 10_6_3; en-us) AppleWebKit/531.22.7 (KHTML, like Gecko) Version/4.0.5 Safari/531.22.7"
24.62.152.212 - - [20/May/2010:11:34:08 +0100] "GET /media/img/m-inact.gif HTTP/1.1" 200 2571 "http://www.example.com/" "Mozilla/5.0 (Macintosh; U; Intel Mac OS X 10_6_3; en-us) AppleWebKit/531.22.7 (KHTML, like Gecko) Version/4.0.5 Safari/531.22.7"
24.62.152.212 - - [20/May/2010:11:34:08 +0100] "GET /media/img/side-container.gif HTTP/1.1" 200 1415 "http://www.example.com/" "Mozilla/5.0 (Macintosh; U; Intel Mac OS X 10_6_3; en-us) AppleWebKit/531.22.7 (KHTML, like Gecko) Version/4.0.5 Safari/531.22.7"
24.62.152.212 - - [20/May/2010:11:34:08 +0100] "GET /media/img/m-act.gif HTTP/1.1" 200 143 "http://www.example.com/" "Mozilla/5.0 (Macintosh; U; Intel Mac OS X 10_6_3; en-us) AppleWebKit/531.22.7 (KHTML, like Gecko) Version/4.0.5 Safari/531.22.7"
166.205.4.62 - - [20/May/2010:10:39:16 +0000] "GET /media/style.css HTTP/1.1" 304 - "http://example.com/" "Mozilla/5.0 (iPad; U; CPU OS 3_2 like Mac OS X; en-us) AppleWebKit/531.21.10 (KHTML, like Gecko) Version/4.0.4 Mobile/7B367 Safari/531.21.10"
166.205.4.62 - - [20/May/2010:11:39:16 +0100] "GET /media/exmpl.png HTTP/1.1" 304 - "http://example.com/" "Mozilla/5.0 (iPad; U; CPU OS 3_2 like Mac OS X; en-us) AppleWebKit/531.21.10 (KHTML, like Gecko) Version/4.0.4 Mobile/7B367 Safari/531.21.10"
166.205.4.62 - - [20/May/2010:11:39:13 +0100] "GET / HTTP/1.1" 200 26130 "-" "Mozilla/5.0 (iPad; U; CPU OS 3_2 like Mac OS X; en-us) AppleWebKit/531.21.10 (KHTML, like Gecko) Version/4.0.4 Mobile/7B367 Safari/531.21.10"
166.205.4.62 - - [20/May/2010:10:39:17 +0000] "GET /media/img/m-act.gif HTTP/1.1" 304 - "http://example.com/" "Mozilla/5.0 (iPad; U; CPU OS 3_2 like Mac OS X; en-us) AppleWebKit/531.21.10 (KHTML, like Gecko) Version/4.0.4 Mobile/7B367 Safari/531.21.10"
166.205.4.62 - - [20/May/2010:11:39:18 +0100] "GET /media/img/m-inact.gif HTTP/1.1" 304 - "http://example.com/" "Mozilla/5.0 (iPad; U; CPU OS 3_2 like Mac OS X; en-us) AppleWebKit/531.21.10 (KHTML, like Gecko) Version/4.0.4 Mobile/7B367 Safari/531.21.10"
166.205.4.62 - - [20/May/2010:10:39:20 +0000] "GET /media/img/side-container.gif HTTP/1.1" 304 - "http://example.com/" "Mozilla/5.0 (iPad; U; CPU OS 3_2 like Mac OS X; en-us) AppleWebKit/531.21.10 (KHTML, like Gecko) Version/4.0.4 Mobile/7B367 Safari/531.21.10"
67.195.114.50 - - [20/May/2010:11:40:09 +0100] "GET /post/249681/ HTTP/1.0" 404 15 "-" "Mozilla/5.0 (compatible; Yahoo! Slurp/3.0; http://help.yahoo.com/help/us/ysearch/slurp)"
67.195.114.50 - - [20/May/2010:11:40:15 +0100] "GET /post/256414/ HTTP/1.0" 404 15 "-" "Mozilla/5.0 (compatible; Yahoo! Slurp/3.0; http://help.yahoo.com/help/us/ysearch/slurp)"
220.181.7.76 - - [20/May/2010:11:42:35 +0100] "GET / HTTP/1.1" 200 26130 "-" "Baiduspider+(+http://www.baidu.com/search/spider.htm)"
67.195.114.50 - - [20/May/2010:11:42:58 +0100] "GET /post/274910/ HTTP/1.0" 404 15 "-" "Mozilla/5.0 (compatible; Yahoo! Slurp/3.0; http://help.yahoo.com/help/us/ysearch/slurp)"
68.59.242.134 - - [20/May/2010:10:43:14 +0000] "GET /media/style.css HTTP/1.1" 304 - "http://example.com/" "Mozilla/4.0 (compatible; MSIE 8.0; Windows NT 5.1; Trident/4.0; InfoPath.2)"
68.59.242.134 - - [20/May/2010:11:43:14 +0100] "GET / HTTP/1.1" 200 26130 "-" "Mozilla/4.0 (compatible; MSIE 8.0; Windows NT 5.1; Trident/4.0; InfoPath.2)"
68.59.242.134 - - [20/May/2010:10:43:16 +0000] "GET /media/img/favicon.ico HTTP/1.1" 200 1406 "-" "Mozilla/4.0 (compatible; MSIE 8.0; Windows NT 5.1; Trident/4.0; InfoPath.2)"
68.59.242.134 - - [20/May/2010:10:44:14 +0000] "GET /media/style.css HTTP/1.1" 304 - "http://example.com/posts/2/" "Mozilla/4.0 (compatible; MSIE 8.0; Windows NT 5.1; Trident/4.0; InfoPath.2)"
68.59.242.134 - - [20/May/2010:11:44:12 +0100] "GET /posts/2/ HTTP/1.1" 200 34408 "http://example.com/" "Mozilla/4.0 (compatible; MSIE 8.0; Windows NT 5.1; Trident/4.0; InfoPath.2)"
67.195.114.50 - - [20/May/2010:11:45:37 +0100] "GET /post/259342/ HTTP/1.0" 404 15 "-" "Mozilla/5.0 (compatible; Yahoo! Slurp/3.0; http://help.yahoo.com/help/us/ysearch/slurp)"
209.85.228.82 - - [20/May/2010:11:46:18 +0100] "GET /feeds/latest/ HTTP/1.1" 200 48364 "-" "FeedBurner/1.0 (http://www.FeedBurner.com)"
209.85.228.82 - - [20/May/2010:11:46:23 +0100] "GET /feeds/latest/ HTTP/1.1" 200 48364 "-" "FeedBurner/1.0 (http://www.FeedBurner.com)"
72.14.199.102 - - [20/May/2010:11:46:33 +0100] "GET /feeds/latest/ HTTP/1.1" 200 48364 "-" "Feedfetcher-Google; (+http://www.google.com/feedfetcher.html; 9 subscribers; feed-id=18260778798542229819)"
196.203.53.144 - - [20/May/2010:11:46:37 +0100] "GET /feeds/latest/ HTTP/1.0" 200 48364 "-" "Mozilla/5.0 (Windows; U; Windows NT 5.0; fr; rv:1.9.2.3) Gecko/20100401 Firefox/3.6.3"
68.59.242.134 - - [20/May/2010:10:46:43 +0000] "GET /media/style.css HTTP/1.1" 304 - "http://example.com/posts/3/" "Mozilla/4.0 (compatible; MSIE 8.0; Windows NT 5.1; Trident/4.0; InfoPath.2)"
68.59.242.134 - - [20/May/2010:11:46:41 +0100] "GET /posts/3/ HTTP/1.1" 200 25865 "http://example.com/posts/2/" "Mozilla/4.0 (compatible; MSIE 8.0; Windows NT 5.1; Trident/4.0; InfoPath.2)"
68.59.242.134 - - [20/May/2010:11:48:13 +0100] "GET /media/style.css HTTP/1.1" 304 - "http://example.com/posts/4/" "Mozilla/4.0 (compatible; MSIE 8.0; Windows NT 5.1; Trident/4.0; InfoPath.2)"
68.59.242.134 - - [20/May/2010:11:48:12 +0100] "GET /posts/4/ HTTP/1.1" 200 25930 "http://example.com/posts/3/" "Mozilla/4.0 (compatible; MSIE 8.0; Windows NT 5.1; Trident/4.0; InfoPath.2)"
66.249.65.42 - - [20/May/2010:11:48:14 +0100] "GET /posts/4/ HTTP/1.1" 200 25930 "-" "Mediapartners-Google"
66.249.65.40 - - [20/May/2010:11:48:37 +0100] "GET /post/274703/ HTTP/1.1" 404 15 "-" "Mozilla/5.0 (compatible; Googlebot/2.1; +http://www.google.com/bot.html)"
66.249.65.40 - - [20/May/2010:11:49:13 +0100] "GET /post/274704/ HTTP/1.1" 404 15 "-" "Mozilla/5.0 (compatible; Googlebot/2.1; +http://www.google.com/bot.html)"
68.59.242.134 - - [20/May/2010:10:49:54 +0000] "GET /media/style.css HTTP/1.1" 304 - "http://example.com/posts/5/" "Mozilla/4.0 (compatible; MSIE 8.0; Windows NT 5.1; Trident/4.0; InfoPath.2)"
68.59.242.134 - - [20/May/2010:11:49:52 +0100] "GET /posts/5/ HTTP/1.1" 200 29611 "http://example.com/posts/4/" "Mozilla/4.0 (compatible; MSIE 8.0; Windows NT 5.1; Trident/4.0; InfoPath.2)"
66.249.65.42 - - [20/May/2010:11:49:54 +0100] "GET /posts/5/ HTTP/1.1" 200 29611 "-" "Mediapartners-Google"
66.249.65.40 - - [20/May/2010:11:50:18 +0100] "GET /post/274687/ HTTP/1.1" 404 15 "-" "Mozilla/5.0 (compatible; Googlebot/2.1; +http://www.google.com/bot.html)"
66.249.65.40 - - [20/May/2010:11:51:23 +0100] "GET /post/274716/ HTTP/1.1" 404 15 "-" "Mozilla/5.0 (compatible; Googlebot/2.1; +http://www.google.com/bot.html)"
66.249.65.40 - - [20/May/2010:11:52:29 +0100] "GET /post/274712/ HTTP/1.1" 404 15 "-" "Mozilla/5.0 (compatible; Googlebot/2.1; +http://www.google.com/bot.html)"
75.57.176.28 - - [20/May/2010:11:52:42 +0100] "GET /media/style.css HTTP/1.1" 200 4847 "http://www.example.com/" "Mozilla/5.0 (Macintosh; U; Intel Mac OS X 10_5_8; en-us) AppleWebKit/531.22.7 (KHTML, like Gecko) Version/4.0.5 Safari/531.22.7"
75.57.176.28 - - [20/May/2010:11:52:42 +0100] "GET / HTTP/1.1" 200 26130 "-" "Mozilla/5.0 (Macintosh; U; Intel Mac OS X 10_5_8; en-us) AppleWebKit/531.22.7 (KHTML, like Gecko) Version/4.0.5 Safari/531.22.7"
75.57.176.28 - - [20/May/2010:11:52:43 +0100] "GET /media/img/m-inact.gif HTTP/1.1" 200 2571 "http://www.example.com/" "Mozilla/5.0 (Macintosh; U; Intel Mac OS X 10_5_8; en-us) AppleWebKit/531.22.7 (KHTML, like Gecko) Version/4.0.5 Safari/531.22.7"
75.57.176.28 - - [20/May/2010:11:52:43 +0100] "GET /media/img/side-container.gif HTTP/1.1" 200 1415 "http://www.example.com/" "Mozilla/5.0 (Macintosh; U; Intel Mac OS X 10_5_8; en-us) AppleWebKit/531.22.7 (KHTML, like Gecko) Version/4.0.5 Safari/531.22.7"
75.57.176.28 - - [20/May/2010:10:52:42 +0000] "GET /media/exmpl.png HTTP/1.1" 200 28479 "http://www.example.com/" "Mozilla/5.0 (Macintosh; U; Intel Mac OS X 10_5_8; en-us) AppleWebKit/531.22.7 (KHTML, like Gecko) Version/4.0.5 Safari/531.22.7"
75.57.176.28 - - [20/May/2010:11:52:43 +0100] "GET /media/img/m-act.gif HTTP/1.1" 200 143 "http://www.example.com/" "Mozilla/5.0 (Macintosh; U; Intel Mac OS X 10_5_8; en-us) AppleWebKit/531.22.7 (KHTML, like Gecko) Version/4.0.5 Safari/531.22.7"
66.249.65.40 - - [20/May/2010:11:53:34 +0100] "GET /post/274702/ HTTP/1.1" 404 15 "-" "Mozilla/5.0 (compatible; Googlebot/2.1; +http://www.google.com/bot.html)"
67.195.114.50 - - [20/May/2010:11:54:36 +0100] "GET /post/256204/ HTTP/1.0" 404 15 "-" "Mozilla/5.0 (compatible; Yahoo! Slurp/3.0; http://help.yahoo.com/help/us/ysearch/slurp)"
