72.128.44.59 - - [20/May/2010:09:23:24 +0100] "GET /media/img/m-inact.gif HTTP/1.1" 200 2571 "http://example.com/" "Mozilla/5.0 (iPhone; U; CPU iPhone OS 3_1_3 like Mac OS X; en-us) AppleWebKit/528.18 (KHTML, like Gecko) Version/4.0 Mobile/7E18 Safari/528.16"
72.128.44.59 - - [20/May/2010:09:23:24 +0100] "GET /media/img/m-act.gif HTTP/1.1" 200 143 "http://example.com/" "Mozilla/5.0 (iPhone; U; CPU iPhone OS 3_1_3 like Mac OS X; en-us) AppleWebKit/528.18 (KHTML, like Gecko) Version/4.0 Mobile/7E18 Safari/528.16"
72.128.44.59 - - [20/May/2010:09:23:29 +0100] "GET /media/img/side-container.gif HTTP/1.1" 200 1415 "http://example.com/" "Mozilla/5.0 (iPhone; U; CPU iPhone OS 3_1_3 like Mac OS X; en-us) AppleWebKit/528.18 (KHTML, like Gecko) Version/4.0 Mobile/7E18 Safari/528.16"
69.147.112.168 - - [20/May/2010:09:26:07 +0100] "GET /feeds/latest/ HTTP/1.1" 200 48002 "http://pipes.yahoo.com/pipes/pipe.info?_id=th6LpVeR3RGQoOS6_g6H4A" "Yahoo Pipes 1.0"
67.195.114.50 - - [20/May/2010:09:26:20 +0100] "GET /post/266040/ HTTP/1.0" 404 15 "-" "Mozilla/5.0 (compatible; Yahoo! Slurp/3.0; http://help.yahoo.com/help/us/ysearch/slurp)"
75.101.176.194 - - [20/May/2010:09:26:37 +0100] "GET /robots.txt HTTP/1.0" 200 61 "-" "TinEye/1.1 (http://tineye.com/crawler.html)"
75.101.176.194 - - [20/May/2010:09:26:39 +0100] "GET /post/274909/ HTTP/1.1" 404 15 "-" "TinEye/1.1 (http://tineye.com/crawler.html)"
220.181.7.56 - - [20/May/2010:09:26:55 +0100] "GET / HTTP/1.1" 200 34781 "-" "Baiduspider+(+http://www.baidu.com/search/spider.htm)"
75.101.238.112 - - [20/May/2010:09:26:59 +0100] "GET /robots.txt HTTP/1.0" 200 61 "-" "TinEye/1.1 (http://tineye.com/crawler.html)"
75.101.238.112 - - [20/May/2010:09:26:59 +0100] "GET /post/274934/ HTTP/1.1" 404 15 "-" "TinEye/1.1 (http://tineye.com/crawler.html)"
75.101.238.112 - - [20/May/2010:09:27:03 +0100] "GET /post/274935/ HTTP/1.1" 404 15 "-" "TinEye/1.1 (http://tineye.com/crawler.html)"
220.181.7.127 - - [20/May/2010:09:27:15 +0100] "GET / HTTP/1.1" 200 34781 "-" "Baiduspider+(+http://www.baidu.com/search/spider.htm)"
66.249.65.40 - - [20/May/2010:09:28:50 +0100] "GET / HTTP/1.1" 200 34781 "-" "Mozilla/5.0 (compatible; Googlebot/2.1; +http://www.google.com/bot.html)"
68.34.123.71 - - [20/May/2010:09:29:23 +0100] "GET / HTTP/1.1" 200 34781 "-" "Mozilla/5.0 (Windows; U; Windows NT 6.1; en-US) AppleWebKit/532.5 (KHTML, like Gecko) Chrome/4.1.249.1064 Safari/532.5"
209.85.228.81 - - [20/May/2010:09:29:25 +0100] "GET /feeds/latest/ HTTP/1.1" 200 48002 "-" "FeedBurner/1.0 (http://www.FeedBurner.com)"
77.88.26.26 - - [20/May/2010:09:29:32 +0100] "GET /post/235148/ HTTP/1.1" 404 15 "-" "Yandex/1.01.001 (compatible; Win16; I)"
209.85.228.81 - - [20/May/2010:09:29:39 +0100] "GET /feeds/latest/ HTTP/1.1" 200 48002 "-" "FeedBurner/1.0 (http://www.FeedBurner.com)"
66.249.65.40 - - [20/May/2010:09:29:55 +0100] "GET /posts/4/ HTTP/1.1" 200 26888 "-" "Mozilla/5.0 (compatible; Googlebot/2.1; +http://www.google.com/bot.html)"
66.249.65.40 - - [20/May/2010:09:31:40 +0100] "GET /posts/5 HTTP/1.1" 301 - "-" "Mozilla/5.0 (compatible; Googlebot/2.1; +http://www.google.com/bot.html)"
66.249.65.40 - - [20/May/2010:09:31:41 +0100] "GET /posts/5/ HTTP/1.1" 200 27593 "-" "Mozilla/5.0 (compatible; Googlebot/2.1; +http://www.google.com/bot.html)"
125.22.2.42 - - [20/May/2010:09:32:37 +0100] "GET /feeds/latest/ HTTP/1.1" 200 48002 "-" "Mozilla/4.0 (compatible; MSIE 7.0; Windows NT 5.1; .NET CLR 1.1.4322; .NET CLR 2.0.50727; MS-RTC LM 8; .NET CLR 3.0.04506.648; .NET CLR 3.5.21022; MSOffice 12)"
81.170.208.83 - - [20/May/2010:09:32:48 +0100] "HEAD /post/274934/ HTTP/1.1" 404 - "-" "Twingly Recon"
81.170.208.83 - - [20/May/2010:09:32:48 +0100] "HEAD /post/274929/ HTTP/1.1" 404 - "-" "Twingly Recon"
81.170.208.83 - - [20/May/2010:09:32:48 +0100] "HEAD /post/274927/ HTTP/1.1" 404 - "-" "Twingly Recon"
81.170.208.83 - - [20/May/2010:09:32:48 +0100] "HEAD /post/274928/ HTTP/1.1" 404 - "-" "Twingly Recon"
81.170.208.83 - - [20/May/2010:09:32:48 +0100] "HEAD /post/274930/ HTTP/1.1" 404 - "-" "Twingly Recon"
81.170.208.83 - - [20/May/2010:09:32:48 +0100] "HEAD /post/274926/ HTTP/1.1" 404 - "-" "Twingly Recon"
81.170.208.83 - - [20/May/2010:09:32:48 +0100] "HEAD /post/274903/ HTTP/1.1" 404 - "-" "Twingly Recon"
81.170.208.83 - - [20/May/2010:09:32:48 +0100] "HEAD /post/274905/ HTTP/1.1" 404 - "-" "Twingly Recon"
81.170.208.83 - - [20/May/2010:09:32:48 +0100] "HEAD /post/274902/ HTTP/1.1" 404 - "-" "Twingly Recon"
81.170.208.83 - - [20/May/2010:09:32:48 +0100] "HEAD /post/274904/ HTTP/1.1" 404 - "-" "Twingly Recon"
81.170.208.83 - - [20/May/2010:09:32:48 +0100] "HEAD /post/274900/ HTTP/1.1" 404 - "-" "Twingly Recon"
81.170.208.83 - - [20/May/2010:09:32:48 +0100] "HEAD /post/274901/ HTTP/1.1" 404 - "-" "Twingly Recon"
81.170.208.83 - - [20/May/2010:09:32:48 +0100] "HEAD /post/274899/ HTTP/1.1" 404 - "-" "Twingly Recon"
81.170.208.83 - - [20/May/2010:09:32:48 +0100] "HEAD /post/274891/ HTTP/1.1" 404 - "-" "Twingly Recon"
81.170.208.83 - - [20/May/2010:09:32:48 +0100] "HEAD /post/274893/ HTTP/1.1" 404 - "-" "Twingly Recon"
81.170.208.83 - - [20/May/2010:09:32:48 +0100] "HEAD /post/274894/ HTTP/1.1" 404 - "-" "Twingly Recon"
81.170.208.83 - - [20/May/2010:09:32:48 +0100] "HEAD /post/274895/ HTTP/1.1" 404 - "-" "Twingly Recon"
81.170.208.83 - - [20/May/2010:09:32:49 +0100] "HEAD /post/274896/ HTTP/1.1" 404 - "-" "Twingly Recon"
81.170.208.83 - - [20/May/2010:09:32:49 +0100] "HEAD /post/274892/ HTTP/1.1" 404 - "-" "Twingly Recon"
81.170.208.83 - - [20/May/2010:09:32:49 +0100] "HEAD /post/274897/ HTTP/1.1" 404 - "-" "Twingly Recon"
81.170.208.83 - - [20/May/2010:09:32:49 +0100] "HEAD /post/274889/ HTTP/1.1" 404 - "-" "Twingly Recon"
81.170.208.83 - - [20/May/2010:09:32:49 +0100] "HEAD /post/274898/ HTTP/1.1" 404 - "-" "Twingly Recon"
81.170.208.83 - - [20/May/2010:09:32:49 +0100] "HEAD /post/274890/ HTTP/1.1" 404 - "-" "Twingly Recon"
81.170.208.83 - - [20/May/2010:09:32:49 +0100] "HEAD /post/274887/ HTTP/1.1" 404 - "-" "Twingly Recon"
81.170.208.83 - - [20/May/2010:09:32:49 +0100] "HEAD /post/274888/ HTTP/1.1" 404 - "-" "Twingly Recon"
81.170.208.83 - - [20/May/2010:09:32:49 +0100] "HEAD /post/274886/ HTTP/1.1" 404 - "-" "Twingly Recon"
81.170.208.83 - - [20/May/2010:09:32:49 +0100] "HEAD /post/274925/ HTTP/1.1" 404 - "-" "Twingly Recon"
81.170.208.83 - - [20/May/2010:09:32:50 +0100] "HEAD /post/274924/ HTTP/1.1" 404 - "-" "Twingly Recon"
81.170.208.83 - - [20/May/2010:09:32:51 +0100] "HEAD /post/274935/ HTTP/1.1" 404 - "-" "Twingly Recon"
81.170.208.83 - - [20/May/2010:09:32:52 +0100] "HEAD /post/274919/ HTTP/1.1" 404 - "-" "Twingly Recon"
81.170.208.83 - - [20/May/2010:09:32:53 +0100] "HEAD /post/274932/ HTTP/1.1" 404 - "-" "Twingly Recon"
81.170.208.83 - - [20/May/2010:09:32:54 +0100] "HEAD /post/274933/ HTTP/1.1" 404 - "-" "Twingly Recon"
81.170.208.83 - - [20/May/2010:09:32:55 +0100] "HEAD /post/274920/ HTTP/1.1" 404 - "-" "Twingly Recon"
81.170.208.83 - - [20/May/2010:09:32:57 +0100] "HEAD /post/274921/ HTTP/1.1" 404 - "-" "Twingly Recon"
81.170.208.83 - - [20/May/2010:09:32:56 +0100] "HEAD /post/274931/ HTTP/1.1" 404 - "-" "Twingly Recon"
81.170.208.83 - - [20/May/2010:09:32:57 +0100] "HEAD /post/274922/ HTTP/1.1" 404 - "-" "Twingly Recon"
81.170.208.83 - - [20/May/2010:09:32:57 +0100] "HEAD /post/274909/ HTTP/1.1" 404 - "-" "Twingly Recon"
81.170.208.83 - - [20/May/2010:09:32:58 +0100] "HEAD /post/274913/ HTTP/1.1" 404 - "-" "Twingly Recon"
81.170.208.83 - - [20/May/2010:09:32:58 +0100] "HEAD /post/274918/ HTTP/1.1" 404 - "-" "Twingly Recon"
81.170.208.83 - - [20/May/2010:09:32:58 +0100] "HEAD /post/274910/ HTTP/1.1" 404 - "-" "Twingly Recon"
81.170.208.83 - - [20/May/2010:09:32:58 +0100] "HEAD /post/274915/ HTTP/1.1" 404 - "-" "Twingly Recon"
81.170.208.83 - - [20/May/2010:09:32:58 +0100] "HEAD /post/274917/ HTTP/1.1" 404 - "-" "Twingly Recon"
81.170.208.83 - - [20/May/2010:09:32:58 +0100] "HEAD /post/274911/ HTTP/1.1" 404 - "-" "Twingly Recon"
81.170.208.83 - - [20/May/2010:09:32:58 +0100] "HEAD /post/274907/ HTTP/1.1" 404 - "-" "Twingly Recon"
81.170.208.83 - - [20/May/2010:09:32:58 +0100] "HEAD /post/274908/ HTTP/1.1" 404 - "-" "Twingly Recon"
81.170.208.83 - - [20/May/2010:09:32:58 +0100] "HEAD /post/274912/ HTTP/1.1" 404 - "-" "Twingly Recon"
81.170.208.83 - - [20/May/2010:09:32:58 +0100] "HEAD /post/274906/ HTTP/1.1" 404 - "-" "Twingly Recon"
81.170.208.83 - - [20/May/2010:09:32:58 +0100] "HEAD /post/274914/ HTTP/1.1" 404 - "-" "Twingly Recon"
81.170.208.83 - - [20/May/2010:09:32:58 +0100] "HEAD /post/274923/ HTTP/1.1" 404 - "-" "Twingly Recon"
81.170.208.83 - - [20/May/2010:09:32:58 +0100] "HEAD /post/274916/ HTTP/1.1" 404 - "-" "Twingly Recon"
61.135.216.104 - - [20/May/2010:09:32:58 +0100] "GET /feeds/latest/ HTTP/1.1" 200 48002 "-" "Mozilla/5.0 (compatible;YoudaoFeedFetcher/1.0;http://www.youdao.com/help/reader/faq/topic006/;1 subscribers;)"
67.195.114.50 - - [20/May/2010:09:33:43 +0100] "GET /posts/1162/ HTTP/1.0" 200 25985 "-" "Mozilla/5.0 (compatible; Yahoo! Slurp/3.0; http://help.yahoo.com/help/us/ysearch/slurp)"
67.195.114.50 - - [20/May/2010:09:33:46 +0100] "GET /media/style.css HTTP/1.0" 304 - "http://www.example.com/posts/1162/" "Mozilla/5.0 (compatible; Yahoo! Slurp/3.0; http://help.yahoo.com/help/us/ysearch/slurp)"
93.139.75.227 - - [20/May/2010:09:34:06 +0100] "GET / HTTP/1.1" 200 34781 "-" "Mozilla/5.0 (Macintosh; U; Intel Mac OS X 10_6_3; en-us) AppleWebKit/531.22.7 (KHTML, like Gecko) Version/4.0.5 Safari/531.22.7"
66.249.65.40 - - [20/May/2010:09:34:16 +0100] "GET / HTTP/1.1" 200 34781 "-" "Mediapartners-Google"
207.46.13.100 - - [20/May/2010:09:34:23 +0100] "GET /post/269842/ HTTP/1.1" 404 15 "-" "msnbot/2.0b (+http://search.msn.com/msnbot.htm)"
81.170.214.231 - - [20/May/2010:09:36:02 +0100] "HEAD /post/274934/ HTTP/1.1" 404 - "-" "Twingly Recon"
81.170.214.231 - - [20/May/2010:09:36:02 +0100] "HEAD /post/274935/ HTTP/1.1" 404 - "-" "Twingly Recon"
81.170.214.231 - - [20/May/2010:09:36:02 +0100] "HEAD /post/274933/ HTTP/1.1" 404 - "-" "Twingly Recon"
81.170.214.231 - - [20/May/2010:09:36:02 +0100] "HEAD /post/274931/ HTTP/1.1" 404 - "-" "Twingly Recon"
81.170.214.231 - - [20/May/2010:09:36:02 +0100] "HEAD /post/274929/ HTTP/1.1" 404 - "-" "Twingly Recon"
81.170.214.231 - - [20/May/2010:09:36:02 +0100] "HEAD /post/274932/ HTTP/1.1" 404 - "-" "Twingly Recon"
81.170.214.231 - - [20/May/2010:09:36:02 +0100] "HEAD /post/274930/ HTTP/1.1" 404 - "-" "Twingly Recon"
81.170.214.231 - - [20/May/2010:09:36:02 +0100] "HEAD /post/274928/ HTTP/1.1" 404 - "-" "Twingly Recon"
81.170.214.231 - - [20/May/2010:09:36:02 +0100] "HEAD /post/274927/ HTTP/1.1" 404 - "-" "Twingly Recon"
81.170.214.231 - - [20/May/2010:09:36:02 +0100] "HEAD /post/274926/ HTTP/1.1" 404 - "-" "Twingly Recon"
81.170.214.231 - - [20/May/2010:09:36:02 +0100] "HEAD /post/274925/ HTTP/1.1" 404 - "-" "Twingly Recon"
81.170.214.231 - - [20/May/2010:09:36:02 +0100] "HEAD /post/274919/ HTTP/1.1" 404 - "-" "Twingly Recon"
81.170.214.231 - - [20/May/2010:09:36:02 +0100] "HEAD /post/274920/ HTTP/1.1" 404 - "-" "Twingly Recon"
81.170.214.231 - - [20/May/2010:09:36:02 +0100] "HEAD /post/274924/ HTTP/1.1" 404 - "-" "Twingly Recon"
81.170.214.231 - - [20/May/2010:09:36:02 +0100] "HEAD /post/274921/ HTTP/1.1" 404 - "-" "Twingly Recon"
81.170.214.231 - - [20/May/2010:09:36:02 +0100] "HEAD /post/274922/ HTTP/1.1" 404 - "-" "Twingly Recon"
81.170.214.231 - - [20/May/2010:09:36:02 +0100] "HEAD /post/274918/ HTTP/1.1" 404 - "-" "Twingly Recon"
81.170.214.231 - - [20/May/2010:09:36:02 +0100] "HEAD /post/274917/ HTTP/1.1" 404 - "-" "Twingly Recon"
81.170.214.231 - - [20/May/2010:09:36:02 +0100] "HEAD /post/274914/ HTTP/1.1" 404 - "-" "Twingly Recon"
81.170.214.231 - - [20/May/2010:09:36:02 +0100] "HEAD /post/274923/ HTTP/1.1" 404 - "-" "Twingly Recon"
81.170.214.231 - - [20/May/2010:09:36:02 +0100] "HEAD /post/274915/ HTTP/1.1" 404 - "-" "Twingly Recon"
81.170.214.231 - - [20/May/2010:09:36:02 +0100] "HEAD /post/274913/ HTTP/1.1" 404 - "-" "Twingly Recon"
81.170.214.231 - - [20/May/2010:09:36:02 +0100] "HEAD /post/274912/ HTTP/1.1" 404 - "-" "Twingly Recon"
81.170.214.231 - - [20/May/2010:09:36:02 +0100] "HEAD /post/274910/ HTTP/1.1" 404 - "-" "Twingly Recon"
81.170.214.231 - - [20/May/2010:09:36:02 +0100] "HEAD /post/274911/ HTTP/1.1" 404 - "-" "Twingly Recon"
81.170.214.231 - - [20/May/2010:09:36:02 +0100] "HEAD /post/274908/ HTTP/1.1" 404 - "-" "Twingly Recon"
81.170.214.231 - - [20/May/2010:09:36:02 +0100] "HEAD /post/274916/ HTTP/1.1" 404 - "-" "Twingly Recon"
81.170.214.231 - - [20/May/2010:09:36:02 +0100] "HEAD /post/274909/ HTTP/1.1" 404 - "-" "Twingly Recon"
81.170.214.231 - - [20/May/2010:09:36:02 +0100] "HEAD /post/274906/ HTTP/1.1" 404 - "-" "Twingly Recon"
81.170.214.231 - - [20/May/2010:09:36:02 +0100] "HEAD /post/274907/ HTTP/1.1" 404 - "-" "Twingly Recon"
81.170.214.231 - - [20/May/2010:09:36:02 +0100] "HEAD /post/274902/ HTTP/1.1" 404 - "-" "Twingly Recon"
81.170.214.231 - - [20/May/2010:09:36:02 +0100] "HEAD /post/274903/ HTTP/1.1" 404 - "-" "Twingly Recon"
81.170.214.231 - - [20/May/2010:09:36:02 +0100] "HEAD /post/274904/ HTTP/1.1" 404 - "-" "Twingly Recon"
81.170.214.231 - - [20/May/2010:09:36:02 +0100] "HEAD /post/274905/ HTTP/1.1" 404 - "-" "Twingly Recon"
81.170.214.231 - - [20/May/2010:09:36:02 +0100] "HEAD /post/274901/ HTTP/1.1" 404 - "-" "Twingly Recon"
81.170.214.231 - - [20/May/2010:09:36:02 +0100] "HEAD /post/274899/ HTTP/1.1" 404 - "-" "Twingly Recon"
81.170.214.231 - - [20/May/2010:09:36:02 +0100] "HEAD /post/274900/ HTTP/1.1" 404 - "-" "Twingly Recon"
81.170.214.231 - - [20/May/2010:09:36:02 +0100] "HEAD /post/274892/ HTTP/1.1" 404 - "-" "Twingly Recon"
81.170.214.231 - - [20/May/2010:09:36:02 +0100] "HEAD /post/274891/ HTTP/1.1" 404 - "-" "Twingly Recon"
81.170.214.231 - - [20/May/2010:09:36:02 +0100] "HEAD /post/274893/ HTTP/1.1" 404 - "-" "Twingly Recon"
81.170.214.231 - - [20/May/2010:09:36:02 +0100] "HEAD /post/274895/ HTTP/1.1" 404 - "-" "Twingly Recon"
81.170.214.231 - - [20/May/2010:09:36:02 +0100] "HEAD /post/274896/ HTTP/1.1" 404 - "-" "Twingly Recon"
81.170.214.231 - - [20/May/2010:09:36:02 +0100] "HEAD /post/274897/ HTTP/1.1" 404 - "-" "Twingly Recon"
81.170.214.231 - - [20/May/2010:09:36:02 +0100] "HEAD /post/274898/ HTTP/1.1" 404 - "-" "Twingly Recon"
81.170.214.231 - - [20/May/2010:09:36:02 +0100] "HEAD /post/274889/ HTTP/1.1" 404 - "-" "Twingly Recon"
81.170.214.231 - - [20/May/2010:09:36:02 +0100] "HEAD /post/274890/ HTTP/1.1" 404 - "-" "Twingly Recon"
81.170.214.231 - - [20/May/2010:09:36:02 +0100] "HEAD /post/274887/ HTTP/1.1" 404 - "-" "Twingly Recon"
81.170.214.231 - - [20/May/2010:09:36:02 +0100] "HEAD /post/274894/ HTTP/1.1" 404 - "-" "Twingly Recon"
81.170.214.231 - - [20/May/2010:09:36:02 +0100] "HEAD /post/274888/ HTTP/1.1" 404 - "-" "Twingly Recon"
81.170.214.231 - - [20/May/2010:09:36:02 +0100] "HEAD /post/274886/ HTTP/1.1" 404 - "-" "Twingly Recon"
67.195.114.50 - - [20/May/2010:09:36:57 +0100] "GET /post/271011/ HTTP/1.0" 404 15 "-" "Mozilla/5.0 (compatible; Yahoo! Slurp/3.0; http://help.yahoo.com/help/us/ysearch/slurp)"
94.246.127.36 - - [20/May/2010:09:38:18 +0100] "GET /media/img/favicon.ico HTTP/1.1" 200 1406 "http://www.example.com/" "Opera/9.80 (J2ME/MIDP; Opera Mini/5.0.18302/886; U; en) Presto/2.4.15"
94.246.127.36 - - [20/May/2010:09:38:18 +0100] "GET /media/style.css HTTP/1.1" 200 4847 "http://www.example.com/" "Opera/9.80 (J2ME/MIDP; Opera Mini/5.0.18302/886; U; en) Presto/2.4.15"
94.246.127.36 - - [20/May/2010:09:38:16 +0100] "GET / HTTP/1.1" 200 112535 "-" "Opera/9.80 (J2ME/MIDP; Opera Mini/5.0.18302/886; U; en) Presto/2.4.15"
94.246.127.36 - - [20/May/2010:09:38:18 +0100] "GET /media/exmpl.png HTTP/1.1" 200 28479 "http://www.example.com/" "Opera/9.80 (J2ME/MIDP; Opera Mini/5.0.18302/886; U; en) Presto/2.4.15"
94.246.127.36 - - [20/May/2010:09:38:18 +0100] "GET /media/img/m-act.gif HTTP/1.1" 200 143 "http://www.example.com/" "Opera/9.80 (J2ME/MIDP; Opera Mini/5.0.18302/886; U; en) Presto/2.4.15"
94.246.127.36 - - [20/May/2010:09:38:18 +0100] "GET /media/img/m-inact.gif HTTP/1.1" 200 2571 "http://www.example.com/" "Opera/9.80 (J2ME/MIDP; Opera Mini/5.0.18302/886; U; en) Presto/2.4.15"
94.246.127.36 - - [20/May/2010:09:38:18 +0100] "GET /media/img/side-container.gif HTTP/1.1" 200 1415 "http://www.example.com/" "Opera/9.80 (J2ME/MIDP; Opera Mini/5.0.18302/886; U; en) Presto/2.4.15"
72.14.199.102 - - [20/May/2010:09:42:03 +0100] "GET /feeds/latest/ HTTP/1.1" 200 48002 "-" "Feedfetcher-Google; (+http://www.google.com/feedfetcher.html; 9 subscribers; feed-id=18260778798542229819)"
220.181.7.91 - - [20/May/2010:09:42:16 +0100] "GET / HTTP/1.1" 200 34781 "-" "Baiduspider+(+http://www.baidu.com/search/spider.htm)"
65.70.96.75 - - [20/May/2010:09:43:15 +0100] "GET /media/style.css HTTP/1.1" 200 4847 "http://example.com/" "Mozilla/5.0 (iPhone; U; CPU iPhone OS 3_1_2 like Mac OS X; en-us) AppleWebKit/528.18 (KHTML, like Gecko) Version/4.0 Mobile/7D11 Safari/528.16"
65.70.96.75 - - [20/May/2010:09:43:15 +0100] "GET / HTTP/1.1" 200 34781 "-" "Mozilla/5.0 (iPhone; U; CPU iPhone OS 3_1_2 like Mac OS X; en-us) AppleWebKit/528.18 (KHTML, like Gecko) Version/4.0 Mobile/7D11 Safari/528.16"
65.70.96.75 - - [20/May/2010:09:43:15 +0100] "GET /media/exmpl.png HTTP/1.1" 200 28479 "http://example.com/" "Mozilla/5.0 (iPhone; U; CPU iPhone OS 3_1_2 like Mac OS X; en-us) AppleWebKit/528.18 (KHTML, like Gecko) Version/4.0 Mobile/7D11 Safari/528.16"
65.70.96.75 - - [20/May/2010:09:43:16 +0100] "GET /media/img/m-inact.gif HTTP/1.1" 200 2571 "http://example.com/" "Mozilla/5.0 (iPhone; U; CPU iPhone OS 3_1_2 like Mac OS X; en-us) AppleWebKit/528.18 (KHTML, like Gecko) Version/4.0 Mobile/7D11 Safari/528.16"
65.70.96.75 - - [20/May/2010:09:43:17 +0100] "GET /media/img/side-container.gif HTTP/1.1" 200 1415 "http://example.com/" "Mozilla/5.0 (iPhone; U; CPU iPhone OS 3_1_2 like Mac OS X; en-us) AppleWebKit/528.18 (KHTML, like Gecko) Version/4.0 Mobile/7D11 Safari/528.16"
67.195.114.50 - - [20/May/2010:09:43:41 +0100] "GET /post/274899/ HTTP/1.0" 404 15 "-" "Mozilla/5.0 (compatible; Yahoo! Slurp/3.0; http://help.yahoo.com/help/us/ysearch/slurp)"
209.85.228.84 - - [20/May/2010:09:48:31 +0100] "GET /feeds/latest/ HTTP/1.1" 200 48002 "-" "FeedBurner/1.0 (http://www.FeedBurner.com)"
209.85.228.84 - - [20/May/2010:09:49:11 +0100] "GET /feeds/latest/ HTTP/1.1" 200 48002 "-" "FeedBurner/1.0 (http://www.FeedBurner.com)"
207.46.204.196 - - [20/May/2010:09:49:26 +0100] "GET /post/254300/ HTTP/1.1" 404 15 "-" "msnbot/2.0b (+http://search.msn.com/msnbot.htm)"
77.88.26.26 - - [20/May/2010:09:50:08 +0100] "GET /posts/2245/ HTTP/1.1" 200 25762 "-" "Yandex/1.01.001 (compatible; Win16; I)"
66.249.65.40 - - [20/May/2010:09:52:51 +0100] "GET /post/274887/ HTTP/1.1" 404 15 "-" "Mozilla/5.0 (compatible; Googlebot/2.1; +http://www.google.com/bot.html)"
66.249.65.40 - - [20/May/2010:09:53:27 +0100] "GET /robots.txt HTTP/1.1" 200 61 "-" "Mozilla/5.0 (compatible; Googlebot/2.1; +http://www.google.com/bot.html)"
66.249.65.40 - - [20/May/2010:09:53:27 +0100] "GET /post/274880/ HTTP/1.1" 404 15 "-" "Mozilla/5.0 (compatible; Googlebot/2.1; +http://www.google.com/bot.html)"
66.249.65.40 - - [20/May/2010:09:54:15 +0100] "GET /post/274885/ HTTP/1.1" 404 15 "-" "Mozilla/5.0 (compatible; Googlebot/2.1; +http://www.google.com/bot.html)"
66.249.65.40 - - [20/May/2010:09:55:04 +0100] "GET /post/274870/ HTTP/1.1" 404 15 "-" "Mozilla/5.0 (compatible; Googlebot/2.1; +http://www.google.com/bot.html)"
66.249.65.40 - - [20/May/2010:09:55:53 +0100] "GET /post/274864/ HTTP/1.1" 404 15 "-" "Mozilla/5.0 (compatible; Googlebot/2.1; +http://www.google.com/bot.html)"
67.195.114.50 - - [20/May/2010:09:56:00 +0100] "GET /post/274886/ HTTP/1.0" 404 15 "-" "Mozilla/5.0 (compatible; Yahoo! Slurp/3.0; http://help.yahoo.com/help/us/ysearch/slurp)"
67.195.114.50 - - [20/May/2010:09:56:37 +0100] "GET /post/260002/ HTTP/1.0" 404 15 "-" "Mozilla/5.0 (compatible; Yahoo! Slurp/3.0; http://help.yahoo.com/help/us/ysearch/slurp)"
66.249.65.40 - - [20/May/2010:09:56:42 +0100] "GET /post/274747/ HTTP/1.1" 404 15 "-" "Mozilla/5.0 (compatible; Googlebot/2.1; +http://www.google.com/bot.html)"
88.131.106.31 - - [20/May/2010:09:56:44 +0100] "GET /robots.txt HTTP/1.0" 200 61 "-" "Mozilla/5.0 (Windows; U; Windows NT 5.1; en-US) Speedy Spider (http://www.entireweb.com/about/search_tech/speedy_spider/)"
88.131.106.31 - - [20/May/2010:09:56:46 +0100] "GET / HTTP/1.0" 200 34781 "-" "Mozilla/5.0 (Windows; U; Windows NT 5.1; en-US) Speedy Spider (http://www.entireweb.com/about/search_tech/speedy_spider/)"
220.181.7.117 - - [20/May/2010:09:57:15 +0100] "GET / HTTP/1.1" 200 34781 "-" "Baiduspider+(+http://www.baidu.com/search/spider.htm)"
66.249.65.40 - - [20/May/2010:09:57:31 +0100] "GET /post/274904/ HTTP/1.1" 404 15 "-" "Mozilla/5.0 (compatible; Googlebot/2.1; +http://www.google.com/bot.html)"
66.249.65.40 - - [20/May/2010:09:58:20 +0100] "GET /post/274861/ HTTP/1.1" 404 15 "-" "Mozilla/5.0 (compatible; Googlebot/2.1; +http://www.google.com/bot.html)"
66.249.65.40 - - [20/May/2010:09:59:09 +0100] "GET /post/274856/ HTTP/1.1" 404 15 "-" "Mozilla/5.0 (compatible; Googlebot/2.1; +http://www.google.com/bot.html)"
66.249.65.40 - - [20/May/2010:09:59:58 +0100] "GET /post/274692/ HTTP/1.1" 404 15 "-" "Mozilla/5.0 (compatible; Googlebot/2.1; +http://www.google.com/bot.html)"
66.249.65.40 - - [20/May/2010:10:00:47 +0100] "GET /post/274888/ HTTP/1.1" 404 15 "-" "Mozilla/5.0 (compatible; Googlebot/2.1; +http://www.google.com/bot.html)"
66.249.65.40 - - [20/May/2010:10:01:36 +0100] "GET /posts/7810 HTTP/1.1" 301 - "-" "Mozilla/5.0 (compatible; Googlebot/2.1; +http://www.google.com/bot.html)"
67.195.114.50 - - [20/May/2010:10:02:02 +0100] "GET /post/274900/ HTTP/1.0" 404 15 "-" "Mozilla/5.0 (compatible; Yahoo! Slurp/3.0; http://help.yahoo.com/help/us/ysearch/slurp)"
66.249.65.40 - - [20/May/2010:10:02:25 +0100] "GET /posts/7809 HTTP/1.1" 301 - "-" "Mozilla/5.0 (compatible; Googlebot/2.1; +http://www.google.com/bot.html)"
66.249.65.40 - - [20/May/2010:10:02:25 +0100] "GET /posts/7809/ HTTP/1.1" 200 35764 "-" "Mozilla/5.0 (compatible; Googlebot/2.1; +http://www.google.com/bot.html)"
125.22.2.42 - - [20/May/2010:10:02:47 +0100] "GET /feeds/latest/ HTTP/1.1" 200 48002 "-" "Mozilla/4.0 (compatible; MSIE 7.0; Windows NT 5.1; .NET CLR 1.1.4322; .NET CLR 2.0.50727; MS-RTC LM 8; .NET CLR 3.0.04506.648; .NET CLR 3.5.21022; MSOffice 12)"
61.135.216.104 - - [20/May/2010:10:02:56 +0100] "GET /feeds/latest/ HTTP/1.1" 200 48002 "-" "Mozilla/5.0 (compatible;YoudaoFeedFetcher/1.0;http://www.youdao.com/help/reader/faq/topic006/;1 subscribers;)"
66.249.65.40 - - [20/May/2010:10:03:14 +0100] "GET /posts/7807/ HTTP/1.1" 200 43831 "-" "Mozilla/5.0 (compatible; Googlebot/2.1; +http://www.google.com/bot.html)"
66.249.65.40 - - [20/May/2010:10:04:03 +0100] "GET /posts/7806/ HTTP/1.1" 200 31550 "-" "Mozilla/5.0 (compatible; Googlebot/2.1; +http://www.google.com/bot.html)"
66.249.65.40 - - [20/May/2010:10:04:52 +0100] "GET /posts/7807 HTTP/1.1" 301 - "-" "Mozilla/5.0 (compatible; Googlebot/2.1; +http://www.google.com/bot.html)"
66.249.65.40 - - [20/May/2010:10:05:40 +0100] "GET /posts/7808 HTTP/1.1" 301 - "-" "Mozilla/5.0 (compatible; Googlebot/2.1; +http://www.google.com/bot.html)"
66.249.65.40 - - [20/May/2010:10:05:41 +0100] "GET /posts/7808/ HTTP/1.1" 200 27450 "-" "Mozilla/5.0 (compatible; Googlebot/2.1; +http://www.google.com/bot.html)"
66.249.65.40 - - [20/May/2010:10:06:29 +0100] "GET /posts/7804/ HTTP/1.1" 200 29445 "-" "Mozilla/5.0 (compatible; Googlebot/2.1; +http://www.google.com/bot.html)"
66.249.65.40 - - [20/May/2010:10:07:18 +0100] "GET /posts/7805/ HTTP/1.1" 200 26439 "-" "Mozilla/5.0 (compatible; Googlebot/2.1; +http://www.google.com/bot.html)"
166.205.138.249 - - [20/May/2010:09:07:46 +0000] "GET /media/style.css HTTP/1.1" 200 4847 "http://example.com/" "Mozilla/5.0 (Windows; U; Windows NT 6.1; en-US; rv:1.9.2.3) Gecko/20100401 Firefox/3.6.3 ( .NET CLR 3.5.30729)"
166.205.138.249 - - [20/May/2010:09:07:46 +0000] "GET /media/img/favicon.ico HTTP/1.1" 200 1406 "-" "Mozilla/5.0 (Windows; U; Windows NT 6.1; en-US; rv:1.9.2.3) Gecko/20100401 Firefox/3.6.3 ( .NET CLR 3.5.30729)"
166.205.138.249 - - [20/May/2010:10:07:44 +0100] "GET / HTTP/1.1" 200 34781 "-" "Mozilla/5.0 (Windows; U; Windows NT 6.1; en-US; rv:1.9.2.3) Gecko/20100401 Firefox/3.6.3 ( .NET CLR 3.5.30729)"
166.205.138.249 - - [20/May/2010:09:07:47 +0000] "GET /media/img/m-act.gif HTTP/1.1" 200 143 "http://example.com/media/style.css" "Mozilla/5.0 (Windows; U; Windows NT 6.1; en-US; rv:1.9.2.3) Gecko/20100401 Firefox/3.6.3 ( .NET CLR 3.5.30729)"
166.205.138.249 - - [20/May/2010:09:07:47 +0000] "GET /media/img/m-inact.gif HTTP/1.1" 200 2571 "http://example.com/media/style.css" "Mozilla/5.0 (Windows; U; Windows NT 6.1; en-US; rv:1.9.2.3) Gecko/20100401 Firefox/3.6.3 ( .NET CLR 3.5.30729)"
166.205.138.249 - - [20/May/2010:09:07:46 +0000] "GET /media/exmpl.png HTTP/1.1" 200 28479 "http://example.com/" "Mozilla/5.0 (Windows; U; Windows NT 6.1; en-US; rv:1.9.2.3) Gecko/20100401 Firefox/3.6.3 ( .NET CLR 3.5.30729)"
166.205.138.249 - - [20/May/2010:09:07:50 +0000] "GET /media/img/side-container.gif HTTP/1.1" 200 1415 "http://example.com/media/style.css" "Mozilla/5.0 (Windows; U; Windows NT 6.1; en-US; rv:1.9.2.3) Gecko/20100401 Firefox/3.6.3 ( .NET CLR 3.5.30729)"
66.249.65.40 - - [20/May/2010:10:08:08 +0100] "GET /posts/7765 HTTP/1.1" 301 - "-" "Mozilla/5.0 (compatible; Googlebot/2.1; +http://www.google.com/bot.html)"
66.249.65.40 - - [20/May/2010:10:08:09 +0100] "GET /posts/7765/ HTTP/1.1" 200 31461 "-" "Mozilla/5.0 (compatible; Googlebot/2.1; +http://www.google.com/bot.html)"
166.205.138.249 - - [20/May/2010:10:08:33 +0100] "GET /posts/2/ HTTP/1.1" 200 25464 "http://example.com/" "Mozilla/5.0 (Windows; U; Windows NT 6.1; en-US; rv:1.9.2.3) Gecko/20100401 Firefox/3.6.3 ( .NET CLR 3.5.30729)"
66.249.65.42 - - [20/May/2010:10:08:45 +0100] "GET /posts/2/ HTTP/1.1" 200 25464 "-" "Mediapartners-Google"
66.249.65.40 - - [20/May/2010:10:08:56 +0100] "GET /posts/7764 HTTP/1.1" 301 - "-" "Mozilla/5.0 (compatible; Googlebot/2.1; +http://www.google.com/bot.html)"
209.85.228.85 - - [20/May/2010:10:09:19 +0100] "GET /feeds/latest/ HTTP/1.1" 200 48002 "-" "FeedBurner/1.0 (http://www.FeedBurner.com)"
209.85.228.82 - - [20/May/2010:10:09:25 +0100] "GET /feeds/latest/ HTTP/1.1" 200 48002 "-" "FeedBurner/1.0 (http://www.FeedBurner.com)"
88.131.106.31 - - [20/May/2010:10:09:29 +0100] "GET /robots.txt HTTP/1.0" 200 61 "-" "Mozilla/5.0 (Windows; U; Windows NT 5.1; en-US) Speedy Spider (http://www.entireweb.com/about/search_tech/speedy_spider/)"
88.131.106.31 - - [20/May/2010:10:09:31 +0100] "GET /posts/ HTTP/1.0" 200 34781 "-" "Mozilla/5.0 (Windows; U; Windows NT 5.1; en-US) Speedy Spider (http://www.entireweb.com/about/search_tech/speedy_spider/)"
66.249.65.40 - - [20/May/2010:10:09:45 +0100] "GET /posts/7762 HTTP/1.1" 301 - "-" "Mozilla/5.0 (compatible; Googlebot/2.1; +http://www.google.com/bot.html)"
66.249.65.40 - - [20/May/2010:10:09:47 +0100] "GET /posts/7762/ HTTP/1.1" 200 23165 "-" "Mozilla/5.0 (compatible; Googlebot/2.1; +http://www.google.com/bot.html)"
66.249.65.40 - - [20/May/2010:10:10:34 +0100] "GET /posts/7761 HTTP/1.1" 301 - "-" "Mozilla/5.0 (compatible; Googlebot/2.1; +http://www.google.com/bot.html)"
81.170.208.83 - - [20/May/2010:10:10:36 +0100] "HEAD /post/274931/ HTTP/1.1" 404 - "-" "Twingly Recon"
81.170.208.83 - - [20/May/2010:10:10:36 +0100] "HEAD /post/274934/ HTTP/1.1" 404 - "-" "Twingly Recon"
81.170.208.83 - - [20/May/2010:10:10:36 +0100] "HEAD /post/274930/ HTTP/1.1" 404 - "-" "Twingly Recon"
81.170.208.83 - - [20/May/2010:10:10:36 +0100] "HEAD /post/274929/ HTTP/1.1" 404 - "-" "Twingly Recon"
81.170.208.83 - - [20/May/2010:10:10:38 +0100] "HEAD /post/274902/ HTTP/1.1" 404 - "-" "Twingly Recon"
81.170.208.83 - - [20/May/2010:10:10:38 +0100] "HEAD /post/274903/ HTTP/1.1" 404 - "-" "Twingly Recon"
81.170.208.83 - - [20/May/2010:10:10:38 +0100] "HEAD /post/274904/ HTTP/1.1" 404 - "-" "Twingly Recon"
81.170.208.83 - - [20/May/2010:10:10:38 +0100] "HEAD /post/274901/ HTTP/1.1" 404 - "-" "Twingly Recon"
81.170.208.83 - - [20/May/2010:10:10:38 +0100] "HEAD /post/274905/ HTTP/1.1" 404 - "-" "Twingly Recon"
81.170.208.83 - - [20/May/2010:10:10:38 +0100] "HEAD /post/274900/ HTTP/1.1" 404 - "-" "Twingly Recon"
81.170.208.83 - - [20/May/2010:10:10:38 +0100] "HEAD /post/274899/ HTTP/1.1" 404 - "-" "Twingly Recon"
81.170.208.83 - - [20/May/2010:10:10:38 +0100] "HEAD /post/274891/ HTTP/1.1" 404 - "-" "Twingly Recon"
81.170.208.83 - - [20/May/2010:10:10:38 +0100] "HEAD /post/274892/ HTTP/1.1" 404 - "-" "Twingly Recon"
81.170.208.83 - - [20/May/2010:10:10:38 +0100] "HEAD /post/274893/ HTTP/1.1" 404 - "-" "Twingly Recon"
81.170.208.83 - - [20/May/2010:10:10:38 +0100] "HEAD /post/274894/ HTTP/1.1" 404 - "-" "Twingly Recon"
81.170.208.83 - - [20/May/2010:10:10:38 +0100] "HEAD /post/274895/ HTTP/1.1" 404 - "-" "Twingly Recon"
81.170.208.83 - - [20/May/2010:10:10:38 +0100] "HEAD /post/274896/ HTTP/1.1" 404 - "-" "Twingly Recon"
81.170.208.83 - - [20/May/2010:10:10:38 +0100] "HEAD /post/274897/ HTTP/1.1" 404 - "-" "Twingly Recon"
81.170.208.83 - - [20/May/2010:10:10:38 +0100] "HEAD /post/274898/ HTTP/1.1" 404 - "-" "Twingly Recon"
81.170.208.83 - - [20/May/2010:10:10:38 +0100] "HEAD /post/274889/ HTTP/1.1" 404 - "-" "Twingly Recon"
81.170.208.83 - - [20/May/2010:10:10:38 +0100] "HEAD /post/274890/ HTTP/1.1" 404 - "-" "Twingly Recon"
81.170.208.83 - - [20/May/2010:10:10:38 +0100] "HEAD /post/274887/ HTTP/1.1" 404 - "-" "Twingly Recon"
81.170.208.83 - - [20/May/2010:10:10:38 +0100] "HEAD /post/274888/ HTTP/1.1" 404 - "-" "Twingly Recon"
81.170.208.83 - - [20/May/2010:10:10:38 +0100] "HEAD /post/274886/ HTTP/1.1" 404 - "-" "Twingly Recon"
81.170.208.83 - - [20/May/2010:10:10:37 +0100] "HEAD /post/274926/ HTTP/1.1" 404 - "-" "Twingly Recon"
81.170.208.83 - - [20/May/2010:10:10:38 +0100] "HEAD /post/274924/ HTTP/1.1" 404 - "-" "Twingly Recon"
81.170.208.83 - - [20/May/2010:10:10:39 +0100] "HEAD /post/274919/ HTTP/1.1" 404 - "-" "Twingly Recon"
81.170.208.83 - - [20/May/2010:10:10:40 +0100] "HEAD /post/274932/ HTTP/1.1" 404 - "-" "Twingly Recon"
81.170.208.83 - - [20/May/2010:10:10:41 +0100] "HEAD /post/274927/ HTTP/1.1" 404 - "-" "Twingly Recon"
81.170.208.83 - - [20/May/2010:10:10:42 +0100] "HEAD /post/274925/ HTTP/1.1" 404 - "-" "Twingly Recon"
81.170.208.83 - - [20/May/2010:10:10:43 +0100] "HEAD /post/274928/ HTTP/1.1" 404 - "-" "Twingly Recon"
81.170.208.83 - - [20/May/2010:10:10:44 +0100] "HEAD /post/274920/ HTTP/1.1" 404 - "-" "Twingly Recon"
81.170.208.83 - - [20/May/2010:10:10:44 +0100] "HEAD /post/274922/ HTTP/1.1" 404 - "-" "Twingly Recon"
81.170.208.83 - - [20/May/2010:10:10:45 +0100] "HEAD /post/274918/ HTTP/1.1" 404 - "-" "Twingly Recon"
81.170.208.83 - - [20/May/2010:10:10:46 +0100] "HEAD /post/274921/ HTTP/1.1" 404 - "-" "Twingly Recon"
81.170.208.83 - - [20/May/2010:10:10:47 +0100] "HEAD /post/274923/ HTTP/1.1" 404 - "-" "Twingly Recon"
81.170.208.83 - - [20/May/2010:10:10:47 +0100] "HEAD /post/274913/ HTTP/1.1" 404 - "-" "Twingly Recon"
81.170.208.83 - - [20/May/2010:10:10:47 +0100] "HEAD /post/274912/ HTTP/1.1" 404 - "-" "Twingly Recon"
81.170.208.83 - - [20/May/2010:10:10:47 +0100] "HEAD /post/274914/ HTTP/1.1" 404 - "-" "Twingly Recon"
81.170.208.83 - - [20/May/2010:10:10:47 +0100] "HEAD /post/274917/ HTTP/1.1" 404 - "-" "Twingly Recon"
81.170.208.83 - - [20/May/2010:10:10:47 +0100] "HEAD /post/274915/ HTTP/1.1" 404 - "-" "Twingly Recon"
81.170.208.83 - - [20/May/2010:10:10:47 +0100] "HEAD /post/274909/ HTTP/1.1" 404 - "-" "Twingly Recon"
81.170.208.83 - - [20/May/2010:10:10:47 +0100] "HEAD /post/274910/ HTTP/1.1" 404 - "-" "Twingly Recon"
81.170.208.83 - - [20/May/2010:10:10:47 +0100] "HEAD /post/274911/ HTTP/1.1" 404 - "-" "Twingly Recon"
81.170.208.83 - - [20/May/2010:10:10:47 +0100] "HEAD /post/274908/ HTTP/1.1" 404 - "-" "Twingly Recon"
81.170.208.83 - - [20/May/2010:10:10:47 +0100] "HEAD /post/274906/ HTTP/1.1" 404 - "-" "Twingly Recon"
81.170.208.83 - - [20/May/2010:10:10:47 +0100] "HEAD /post/274935/ HTTP/1.1" 404 - "-" "Twingly Recon"
81.170.208.83 - - [20/May/2010:10:10:47 +0100] "HEAD /post/274933/ HTTP/1.1" 404 - "-" "Twingly Recon"
81.170.208.83 - - [20/May/2010:10:10:47 +0100] "HEAD /post/274916/ HTTP/1.1" 404 - "-" "Twingly Recon"
81.170.208.83 - - [20/May/2010:10:10:47 +0100] "HEAD /post/274907/ HTTP/1.1" 404 - "-" "Twingly Recon"
77.88.26.26 - - [20/May/2010:10:10:47 +0100] "GET /posts/63/ HTTP/1.1" 200 25913 "-" "Yandex/1.01.001 (compatible; Win16; I)"
166.205.138.249 - - [20/May/2010:10:11:08 +0100] "GET / HTTP/1.1" 200 34781 "-" "Mozilla/5.0 (Windows; U; Windows NT 6.1; en-US; rv:1.9.2.3) Gecko/20100401 Firefox/3.6.3 ( .NET CLR 3.5.30729)"
166.205.138.249 - - [20/May/2010:10:11:12 +0100] "GET /posts/2/ HTTP/1.1" 200 25464 "http://example.com/" "Mozilla/5.0 (Windows; U; Windows NT 6.1; en-US; rv:1.9.2.3) Gecko/20100401 Firefox/3.6.3 ( .NET CLR 3.5.30729)"
66.249.65.40 - - [20/May/2010:10:11:23 +0100] "GET /posts/7769/ HTTP/1.1" 200 34300 "-" "Mozilla/5.0 (compatible; Googlebot/2.1; +http://www.google.com/bot.html)"
166.205.138.249 - - [20/May/2010:10:11:35 +0100] "GET /posts/3/ HTTP/1.1" 200 28917 "http://example.com/posts/2/" "Mozilla/5.0 (Windows; U; Windows NT 6.1; en-US; rv:1.9.2.3) Gecko/20100401 Firefox/3.6.3 ( .NET CLR 3.5.30729)"
66.249.65.42 - - [20/May/2010:10:11:38 +0100] "GET /posts/3/ HTTP/1.1" 200 28917 "-" "Mediapartners-Google"
220.181.7.122 - - [20/May/2010:10:12:07 +0100] "GET / HTTP/1.1" 200 34781 "-" "Baiduspider+(+http://www.baidu.com/search/spider.htm)"
66.249.65.40 - - [20/May/2010:10:12:12 +0100] "GET /posts/7763 HTTP/1.1" 301 - "-" "Mozilla/5.0 (compatible; Googlebot/2.1; +http://www.google.com/bot.html)"
66.249.65.40 - - [20/May/2010:10:13:01 +0100] "GET /posts/7766/ HTTP/1.1" 200 30131 "-" "Mozilla/5.0 (compatible; Googlebot/2.1; +http://www.google.com/bot.html)"
207.46.195.226 - - [20/May/2010:10:14:21 +0100] "GET /post/269862/ HTTP/1.1" 404 15 "-" "msnbot/2.0b (+http://search.msn.com/msnbot.htm)"
66.249.65.40 - - [20/May/2010:10:14:39 +0100] "GET /posts/7767/ HTTP/1.1" 200 44309 "-" "Mozilla/5.0 (compatible; Googlebot/2.1; +http://www.google.com/bot.html)"
66.249.65.40 - - [20/May/2010:10:14:50 +0100] "GET / HTTP/1.1" 200 34781 "-" "Mozilla/5.0 (compatible; Googlebot/2.1; +http://www.google.com/bot.html)"
66.249.65.40 - - [20/May/2010:10:15:28 +0100] "GET /posts/7466 HTTP/1.1" 301 - "-" "Mozilla/5.0 (compatible; Googlebot/2.1; +http://www.google.com/bot.html)"
66.249.65.40 - - [20/May/2010:10:16:17 +0100] "GET /posts/7464 HTTP/1.1" 301 - "-" "Mozilla/5.0 (compatible; Googlebot/2.1; +http://www.google.com/bot.html)"
67.195.114.50 - - [20/May/2010:10:16:17 +0100] "GET /post/272132/ HTTP/1.0" 404 15 "-" "Mozilla/5.0 (compatible; Yahoo! Slurp/3.0; http://help.yahoo.com/help/us/ysearch/slurp)"
66.249.65.40 - - [20/May/2010:10:17:06 +0100] "GET /posts/7463 HTTP/1.1" 301 - "-" "Mozilla/5.0 (compatible; Googlebot/2.1; +http://www.google.com/bot.html)"
66.249.65.40 - - [20/May/2010:10:17:55 +0100] "GET /posts/7461 HTTP/1.1" 301 - "-" "Mozilla/5.0 (compatible; Googlebot/2.1; +http://www.google.com/bot.html)"
66.249.65.40 - - [20/May/2010:10:17:56 +0100] "GET /posts/7461/ HTTP/1.1" 200 49329 "-" "Mozilla/5.0 (compatible; Googlebot/2.1; +http://www.google.com/bot.html)"
66.249.65.40 - - [20/May/2010:10:19:33 +0100] "GET /posts/7462 HTTP/1.1" 301 - "-" "Mozilla/5.0 (compatible; Googlebot/2.1; +http://www.google.com/bot.html)"
66.249.65.40 - - [20/May/2010:10:20:22 +0100] "GET /posts/7460/ HTTP/1.1" 200 30401 "-" "Mozilla/5.0 (compatible; Googlebot/2.1; +http://www.google.com/bot.html)"
95.108.142.138 - - [20/May/2010:10:21:00 +0100] "GET /robots.txt HTTP/1.1" 200 61 "-" "Yandex/1.01.001 (compatible; Win16; H)"
95.108.142.138 - - [20/May/2010:10:21:01 +0100] "GET /robots.txt HTTP/1.1" 200 61 "-" "Yandex/1.01.001 (compatible; Win16; H)"
95.108.142.138 - - [20/May/2010:10:21:02 +0100] "GET / HTTP/1.1" 200 30833 "-" "Yandex/1.01.001 (compatible; Win16; H)"
95.108.142.138 - - [20/May/2010:10:21:03 +0100] "GET / HTTP/1.1" 200 30833 "-" "Yandex/1.01.001 (compatible; Win16; H)"
95.108.142.138 - - [20/May/2010:10:21:04 +0100] "GET / HTTP/1.1" 200 30833 "-" "Yandex/1.01.001 (compatible; Win16; H)"
95.108.142.138 - - [20/May/2010:10:21:05 +0100] "GET / HTTP/1.1" 200 30833 "-" "Yandex/1.01.001 (compatible; Win16; H)"
67.195.114.50 - - [20/May/2010:10:23:46 +0100] "GET /post/273339/ HTTP/1.0" 404 15 "-" "Mozilla/5.0 (compatible; Yahoo! Slurp/3.0; http://help.yahoo.com/help/us/ysearch/slurp)"
209.85.228.81 - - [20/May/2010:10:27:06 +0100] "GET /feeds/latest/ HTTP/1.1" 200 47447 "-" "FeedBurner/1.0 (http://www.FeedBurner.com)"
220.181.7.64 - - [20/May/2010:10:27:07 +0100] "GET / HTTP/1.1" 200 30833 "-" "Baiduspider+(+http://www.baidu.com/search/spider.htm)"
209.85.228.81 - - [20/May/2010:10:27:11 +0100] "GET /feeds/latest/ HTTP/1.1" 200 47447 "-" "FeedBurner/1.0 (http://www.FeedBurner.com)"
38.113.234.180 - - [20/May/2010:10:27:14 +0100] "GET /post/274942/ HTTP/1.1" 404 15 "-" "Voyager/1.0"
38.113.234.181 - - [20/May/2010:10:27:14 +0100] "GET /post/274936/ HTTP/1.1" 404 15 "-" "Voyager/1.0"
38.113.234.180 - - [20/May/2010:10:27:14 +0100] "GET /post/274939/ HTTP/1.1" 404 15 "-" "Voyager/1.0"
38.113.234.180 - - [20/May/2010:10:27:14 +0100] "GET /post/274941/ HTTP/1.1" 404 15 "-" "Voyager/1.0"
38.113.234.180 - - [20/May/2010:10:27:14 +0100] "GET /post/274937/ HTTP/1.1" 404 15 "-" "Voyager/1.0"
38.113.234.180 - - [20/May/2010:10:27:14 +0100] "GET /post/274943/ HTTP/1.1" 404 15 "-" "Voyager/1.0"
38.113.234.181 - - [20/May/2010:10:27:14 +0100] "GET /post/274938/ HTTP/1.1" 404 15 "-" "Voyager/1.0"
220.181.7.89 - - [20/May/2010:10:27:17 +0100] "GET / HTTP/1.1" 200 30833 "-" "Baiduspider+(+http://www.baidu.com/search/spider.htm)"
67.195.114.50 - - [20/May/2010:10:28:42 +0100] "GET /post/255244/ HTTP/1.0" 404 15 "-" "Mozilla/5.0 (compatible; Yahoo! Slurp/3.0; http://help.yahoo.com/help/us/ysearch/slurp)"
66.249.65.40 - - [20/May/2010:10:29:45 +0100] "GET /post/274695/ HTTP/1.1" 404 15 "-" "Mozilla/5.0 (compatible; Googlebot/2.1; +http://www.google.com/bot.html)"
67.195.114.50 - - [20/May/2010:10:32:28 +0100] "GET /post/255607/ HTTP/1.0" 404 15 "-" "Mozilla/5.0 (compatible; Yahoo! Slurp/3.0; http://help.yahoo.com/help/us/ysearch/slurp)"
93.158.131.169 - - [20/May/2010:10:32:55 +0100] "GET /post/175353/?utm_source=feedburner&utm_medium=feed&utm_campaign=Feed%3A+example+%28Title+-+example.com%29 HTTP/1.0" 404 15 "-" "Yandex/2.01.000 (compatible; Win16; Dyatel; C)"
61.135.216.104 - - [20/May/2010:10:32:55 +0100] "GET /feeds/latest/ HTTP/1.1" 200 47447 "-" "Mozilla/5.0 (compatible;YoudaoFeedFetcher/1.0;http://www.youdao.com/help/reader/faq/topic006/;1 subscribers;)"
125.22.2.42 - - [20/May/2010:10:32:55 +0100] "GET /feeds/latest/ HTTP/1.1" 200 47447 "-" "Mozilla/4.0 (compatible; MSIE 7.0; Windows NT 5.1; .NET CLR 1.1.4322; .NET CLR 2.0.50727; MS-RTC LM 8; .NET CLR 3.0.04506.648; .NET CLR 3.5.21022; MSOffice 12)"
124.115.4.201 - - [20/May/2010:10:33:46 +0100] "GET /posts/11/ HTTP/1.1" 200 36515 "-" "Sosospider+(+http://help.soso.com/webspider.htm)"
66.249.65.40 - - [20/May/2010:10:37:47 +0100] "GET /posts/7459/ HTTP/1.1" 200 56906 "-" "Mozilla/5.0 (compatible; Googlebot/2.1; +http://www.google.com/bot.html)"
67.195.114.50 - - [20/May/2010:10:39:19 +0100] "GET /post/255257/ HTTP/1.0" 404 15 "-" "Mozilla/5.0 (compatible; Yahoo! Slurp/3.0; http://help.yahoo.com/help/us/ysearch/slurp)"
81.255.213.232 - - [20/May/2010:10:40:26 +0100] "GET /post/274944/?utm_source=feedburner&utm_medium=feed&utm_campaign=Feed%3A+example+%28Title+-+example.com%29&utm_content=FeedBurner HTTP/1.1" 404 15 "http://feeds.feedburner.com/example/" "Mozilla/5.0 (Windows; U; Windows NT 5.1; fr; rv:1.8) Gecko/20051107 Firefox/1.5"
81.255.213.232 - - [20/May/2010:10:40:27 +0100] "GET /post/274943/?utm_source=feedburner&utm_medium=feed&utm_campaign=Feed%3A+example+%28Title+-+example.com%29&utm_content=FeedBurner HTTP/1.1" 404 15 "http://feeds.feedburner.com/example/" "Mozilla/5.0 (Windows; U; Windows NT 5.1; fr; rv:1.8) Gecko/20051107 Firefox/1.5"
81.255.213.232 - - [20/May/2010:10:40:28 +0100] "GET /post/274938/?utm_source=feedburner&utm_medium=feed&utm_campaign=Feed%3A+example+%28Title+-+example.com%29&utm_content=FeedBurner HTTP/1.1" 404 15 "http://feeds.feedburner.com/example/" "Mozilla/5.0 (Windows; U; Windows NT 5.1; fr; rv:1.8) Gecko/20051107 Firefox/1.5"
81.255.213.232 - - [20/May/2010:10:40:30 +0100] "GET /post/274939/?utm_source=feedburner&utm_medium=feed&utm_campaign=Feed%3A+example+%28Title+-+example.com%29&utm_content=FeedBurner HTTP/1.1" 404 15 "http://feeds.feedburner.com/example/" "Mozilla/5.0 (Windows; U; Windows NT 5.1; fr; rv:1.8) Gecko/20051107 Firefox/1.5"
81.255.213.232 - - [20/May/2010:10:40:31 +0100] "GET /post/274940/?utm_source=feedburner&utm_medium=feed&utm_campaign=Feed%3A+example+%28Title+-+example.com%29&utm_content=FeedBurner HTTP/1.1" 404 15 "http://feeds.feedburner.com/example/" "Mozilla/5.0 (Windows; U; Windows NT 5.1; fr; rv:1.8) Gecko/20051107 Firefox/1.5"
81.255.213.232 - - [20/May/2010:10:40:32 +0100] "GET /post/274941/?utm_source=feedburner&utm_medium=feed&utm_campaign=Feed%3A+example+%28Title+-+example.com%29&utm_content=FeedBurner HTTP/1.1" 404 15 "http://feeds.feedburner.com/example/" "Mozilla/5.0 (Windows; U; Windows NT 5.1; fr; rv:1.8) Gecko/20051107 Firefox/1.5"
81.255.213.232 - - [20/May/2010:10:40:32 +0100] "GET /post/274942/?utm_source=feedburner&utm_medium=feed&utm_campaign=Feed%3A+example+%28Title+-+example.com%29&utm_content=FeedBurner HTTP/1.1" 404 15 "http://feeds.feedburner.com/example/" "Mozilla/5.0 (Windows; U; Windows NT 5.1; fr; rv:1.8) Gecko/20051107 Firefox/1.5"
81.255.213.232 - - [20/May/2010:10:40:33 +0100] "GET /post/274937/?utm_source=feedburner&utm_medium=feed&utm_campaign=Feed%3A+example+%28Title+-+example.com%29&utm_content=FeedBurner HTTP/1.1" 404 15 "http://feeds.feedburner.com/example/" "Mozilla/5.0 (Windows; U; Windows NT 5.1; fr; rv:1.8) Gecko/20051107 Firefox/1.5"
81.255.213.232 - - [20/May/2010:10:40:35 +0100] "GET /post/274936/?utm_source=feedburner&utm_medium=feed&utm_campaign=Feed%3A+example+%28Title+-+example.com%29&utm_content=FeedBurner HTTP/1.1" 404 15 "http://feeds.feedburner.com/example/" "Mozilla/5.0 (Windows; U; Windows NT 5.1; fr; rv:1.8) Gecko/20051107 Firefox/1.5"
81.255.213.232 - - [20/May/2010:10:40:35 +0100] "GET /post/274934/?utm_source=feedburner&utm_medium=feed&utm_campaign=Feed%3A+example+%28Title+-+example.com%29&utm_content=FeedBurner HTTP/1.1" 404 15 "http://feeds.feedburner.com/example/" "Mozilla/5.0 (Windows; U; Windows NT 5.1; fr; rv:1.8) Gecko/20051107 Firefox/1.5"
81.255.213.232 - - [20/May/2010:10:40:35 +0100] "GET /post/274935/?utm_source=feedburner&utm_medium=feed&utm_campaign=Feed%3A+example+%28Title+-+example.com%29&utm_content=FeedBurner HTTP/1.1" 404 15 "http://feeds.feedburner.com/example/" "Mozilla/5.0 (Windows; U; Windows NT 5.1; fr; rv:1.8) Gecko/20051107 Firefox/1.5"
81.255.213.232 - - [20/May/2010:10:40:35 +0100] "GET /post/274933/?utm_source=feedburner&utm_medium=feed&utm_campaign=Feed%3A+example+%28Title+-+example.com%29&utm_content=FeedBurner HTTP/1.1" 404 15 "http://feeds.feedburner.com/example/" "Mozilla/5.0 (Windows; U; Windows NT 5.1; fr; rv:1.8) Gecko/20051107 Firefox/1.5"
81.255.213.232 - - [20/May/2010:10:40:36 +0100] "GET /post/274931/?utm_source=feedburner&utm_medium=feed&utm_campaign=Feed%3A+example+%28Title+-+example.com%29&utm_content=FeedBurner HTTP/1.1" 404 15 "http://feeds.feedburner.com/example/" "Mozilla/5.0 (Windows; U; Windows NT 5.1; fr; rv:1.8) Gecko/20051107 Firefox/1.5"
81.255.213.232 - - [20/May/2010:10:40:36 +0100] "GET /post/274932/?utm_source=feedburner&utm_medium=feed&utm_campaign=Feed%3A+example+%28Title+-+example.com%29&utm_content=FeedBurner HTTP/1.1" 404 15 "http://feeds.feedburner.com/example/" "Mozilla/5.0 (Windows; U; Windows NT 5.1; fr; rv:1.8) Gecko/20051107 Firefox/1.5"
81.255.213.232 - - [20/May/2010:10:40:36 +0100] "GET /post/274929/?utm_source=feedburner&utm_medium=feed&utm_campaign=Feed%3A+example+%28Title+-+example.com%29&utm_content=FeedBurner HTTP/1.1" 404 15 "http://feeds.feedburner.com/example/" "Mozilla/5.0 (Windows; U; Windows NT 5.1; fr; rv:1.8) Gecko/20051107 Firefox/1.5"
81.255.213.232 - - [20/May/2010:10:40:37 +0100] "GET /post/274930/?utm_source=feedburner&utm_medium=feed&utm_campaign=Feed%3A+example+%28Title+-+example.com%29&utm_content=FeedBurner HTTP/1.1" 404 15 "http://feeds.feedburner.com/example/" "Mozilla/5.0 (Windows; U; Windows NT 5.1; fr; rv:1.8) Gecko/20051107 Firefox/1.5"
81.255.213.232 - - [20/May/2010:10:40:37 +0100] "GET /post/274928/?utm_source=feedburner&utm_medium=feed&utm_campaign=Feed%3A+example+%28Title+-+example.com%29&utm_content=FeedBurner HTTP/1.1" 404 15 "http://feeds.feedburner.com/example/" "Mozilla/5.0 (Windows; U; Windows NT 5.1; fr; rv:1.8) Gecko/20051107 Firefox/1.5"
81.255.213.232 - - [20/May/2010:10:40:41 +0100] "GET /post/274927/?utm_source=feedburner&utm_medium=feed&utm_campaign=Feed%3A+example+%28Title+-+example.com%29&utm_content=FeedBurner HTTP/1.1" 404 15 "http://feeds.feedburner.com/example/" "Mozilla/5.0 (Windows; U; Windows NT 5.1; fr; rv:1.8) Gecko/20051107 Firefox/1.5"
81.255.213.232 - - [20/May/2010:10:40:42 +0100] "GET /post/274926/?utm_source=feedburner&utm_medium=feed&utm_campaign=Feed%3A+example+%28Title+-+example.com%29&utm_content=FeedBurner HTTP/1.1" 404 15 "http://feeds.feedburner.com/example/" "Mozilla/5.0 (Windows; U; Windows NT 5.1; fr; rv:1.8) Gecko/20051107 Firefox/1.5"
81.255.213.232 - - [20/May/2010:10:40:43 +0100] "GET /post/274925/?utm_source=feedburner&utm_medium=feed&utm_campaign=Feed%3A+example+%28Title+-+example.com%29&utm_content=FeedBurner HTTP/1.1" 404 15 "http://feeds.feedburner.com/example/" "Mozilla/5.0 (Windows; U; Windows NT 5.1; fr; rv:1.8) Gecko/20051107 Firefox/1.5"
81.255.213.232 - - [20/May/2010:10:40:44 +0100] "GET /post/274924/?utm_source=feedburner&utm_medium=feed&utm_campaign=Feed%3A+example+%28Title+-+example.com%29&utm_content=FeedBurner HTTP/1.1" 404 15 "http://feeds.feedburner.com/example/" "Mozilla/5.0 (Windows; U; Windows NT 5.1; fr; rv:1.8) Gecko/20051107 Firefox/1.5"
81.255.213.232 - - [20/May/2010:10:40:45 +0100] "GET /post/274919/?utm_source=feedburner&utm_medium=feed&utm_campaign=Feed%3A+example+%28Title+-+example.com%29&utm_content=FeedBurner HTTP/1.1" 404 15 "http://feeds.feedburner.com/example/" "Mozilla/5.0 (Windows; U; Windows NT 5.1; fr; rv:1.8) Gecko/20051107 Firefox/1.5"
81.255.213.232 - - [20/May/2010:10:40:47 +0100] "GET /post/274920/?utm_source=feedburner&utm_medium=feed&utm_campaign=Feed%3A+example+%28Title+-+example.com%29&utm_content=FeedBurner HTTP/1.1" 404 15 "http://feeds.feedburner.com/example/" "Mozilla/5.0 (Windows; U; Windows NT 5.1; fr; rv:1.8) Gecko/20051107 Firefox/1.5"
81.255.213.232 - - [20/May/2010:10:40:48 +0100] "GET /post/274921/?utm_source=feedburner&utm_medium=feed&utm_campaign=Feed%3A+example+%28Title+-+example.com%29&utm_content=FeedBurner HTTP/1.1" 404 15 "http://feeds.feedburner.com/example/" "Mozilla/5.0 (Windows; U; Windows NT 5.1; fr; rv:1.8) Gecko/20051107 Firefox/1.5"
81.255.213.232 - - [20/May/2010:10:40:49 +0100] "GET /post/274922/?utm_source=feedburner&utm_medium=feed&utm_campaign=Feed%3A+example+%28Title+-+example.com%29&utm_content=FeedBurner HTTP/1.1" 404 15 "http://feeds.feedburner.com/example/" "Mozilla/5.0 (Windows; U; Windows NT 5.1; fr; rv:1.8) Gecko/20051107 Firefox/1.5"
81.255.213.232 - - [20/May/2010:10:40:50 +0100] "GET /post/274923/?utm_source=feedburner&utm_medium=feed&utm_campaign=Feed%3A+example+%28Title+-+example.com%29&utm_content=FeedBurner HTTP/1.1" 404 15 "http://feeds.feedburner.com/example/" "Mozilla/5.0 (Windows; U; Windows NT 5.1; fr; rv:1.8) Gecko/20051107 Firefox/1.5"
81.255.213.232 - - [20/May/2010:10:40:50 +0100] "GET /post/274918/?utm_source=feedburner&utm_medium=feed&utm_campaign=Feed%3A+example+%28Title+-+example.com%29&utm_content=FeedBurner HTTP/1.1" 404 15 "http://feeds.feedburner.com/example/" "Mozilla/5.0 (Windows; U; Windows NT 5.1; fr; rv:1.8) Gecko/20051107 Firefox/1.5"
81.255.213.232 - - [20/May/2010:10:40:51 +0100] "GET /post/274917/?utm_source=feedburner&utm_medium=feed&utm_campaign=Feed%3A+example+%28Title+-+example.com%29&utm_content=FeedBurner HTTP/1.1" 404 15 "http://feeds.feedburner.com/example/" "Mozilla/5.0 (Windows; U; Windows NT 5.1; fr; rv:1.8) Gecko/20051107 Firefox/1.5"
81.255.213.232 - - [20/May/2010:10:40:52 +0100] "GET /post/274912/?utm_source=feedburner&utm_medium=feed&utm_campaign=Feed%3A+example+%28Title+-+example.com%29&utm_content=FeedBurner HTTP/1.1" 404 15 "http://feeds.feedburner.com/example/" "Mozilla/5.0 (Windows; U; Windows NT 5.1; fr; rv:1.8) Gecko/20051107 Firefox/1.5"
81.255.213.232 - - [20/May/2010:10:40:52 +0100] "GET /post/274913/?utm_source=feedburner&utm_medium=feed&utm_campaign=Feed%3A+example+%28Title+-+example.com%29&utm_content=FeedBurner HTTP/1.1" 404 15 "http://feeds.feedburner.com/example/" "Mozilla/5.0 (Windows; U; Windows NT 5.1; fr; rv:1.8) Gecko/20051107 Firefox/1.5"
81.255.213.232 - - [20/May/2010:10:40:53 +0100] "GET /post/274914/?utm_source=feedburner&utm_medium=feed&utm_campaign=Feed%3A+example+%28Title+-+example.com%29&utm_content=FeedBurner HTTP/1.1" 404 15 "http://feeds.feedburner.com/example/" "Mozilla/5.0 (Windows; U; Windows NT 5.1; fr; rv:1.8) Gecko/20051107 Firefox/1.5"
81.255.213.232 - - [20/May/2010:10:40:55 +0100] "GET /post/274915/?utm_source=feedburner&utm_medium=feed&utm_campaign=Feed%3A+example+%28Title+-+example.com%29&utm_content=FeedBurner HTTP/1.1" 404 15 "http://feeds.feedburner.com/example/" "Mozilla/5.0 (Windows; U; Windows NT 5.1; fr; rv:1.8) Gecko/20051107 Firefox/1.5"
